/tmp/stubcc_dht22_jx2vfbib/drv/dht22.c: In function 'dht22_init':
/tmp/stubcc_dht22_jx2vfbib/drv/dht22.c:22:43: error: 'RTEMS_GPIO_PIN_OUTPUT' undeclared (first use in this function); did you mean 'RTEMS_GPIO_OUTPUT'?
   22 |     sc = rtems_gpio_request_pin(data_pin, RTEMS_GPIO_PIN_OUTPUT, true, false, NULL);
      |                                           ^~~~~~~~~~~~~~~~~~~~~
      |                                           RTEMS_GPIO_OUTPUT
/tmp/stubcc_dht22_jx2vfbib/drv/dht22.c:22:43: note: each undeclared identifier is reported only once for each function it appears in
/tmp/stubcc_dht22_jx2vfbib/drv/dht22.c:22:10: error: too many arguments to function 'rtems_gpio_request_pin'
   22 |     sc = rtems_gpio_request_pin(data_pin, RTEMS_GPIO_PIN_OUTPUT, true, false, NULL);
      |          ^~~~~~~~~~~~~~~~~~~~~~
In file included from /tmp/stubcc_dht22_jx2vfbib/drv/dht22.c:7:
/tmp/stubcc_dht22_jx2vfbib/stubs/rtems/gpio.h:14:19: note: declared here
   14 | rtems_status_code rtems_gpio_request_pin(rtems_gpio_pin pin, rtems_gpio_direction direction);
      |                   ^~~~~~~~~~~~~~~~~~~~~~
/tmp/stubcc_dht22_jx2vfbib/drv/dht22.c: In function 'read_bit':
/tmp/stubcc_dht22_jx2vfbib/drv/dht22.c:34:12: error: too few arguments to function 'rtems_gpio_get_value'
   34 |     while (rtems_gpio_get_value(pin) == 0) {
      |            ^~~~~~~~~~~~~~~~~~~~
/tmp/stubcc_dht22_jx2vfbib/stubs/rtems/gpio.h:18:19: note: declared here
   18 | rtems_status_code rtems_gpio_get_value(rtems_gpio_pin pin, int *value);
      |                   ^~~~~~~~~~~~~~~~~~~~
/tmp/stubcc_dht22_jx2vfbib/drv/dht22.c:39:15: error: too few arguments to function 'rtems_gpio_get_value'
   39 |     int val = rtems_gpio_get_value(pin);
      |               ^~~~~~~~~~~~~~~~~~~~
/tmp/stubcc_dht22_jx2vfbib/stubs/rtems/gpio.h:18:19: note: declared here
   18 | rtems_status_code rtems_gpio_get_value(rtems_gpio_pin pin, int *value);
      |                   ^~~~~~~~~~~~~~~~~~~~
/tmp/stubcc_dht22_jx2vfbib/drv/dht22.c:40:12: error: too few arguments to function 'rtems_gpio_get_value'
   40 |     while (rtems_gpio_get_value(pin) == 1) {
      |            ^~~~~~~~~~~~~~~~~~~~
/tmp/stubcc_dht22_jx2vfbib/stubs/rtems/gpio.h:18:19: note: declared here
   18 | rtems_status_code rtems_gpio_get_value(rtems_gpio_pin pin, int *value);
      |                   ^~~~~~~~~~~~~~~~~~~~
/tmp/stubcc_dht22_jx2vfbib/drv/dht22.c: In function 'dht22_read_sensor':
/tmp/stubcc_dht22_jx2vfbib/drv/dht22.c:52:33: error: 'RTEMS_GPIO_PIN_OUTPUT' undeclared (first use in this function); did you mean 'RTEMS_GPIO_OUTPUT'?
   52 |     rtems_gpio_request_pin(pin, RTEMS_GPIO_PIN_OUTPUT, true, false, NULL);
      |                                 ^~~~~~~~~~~~~~~~~~~~~
      |                                 RTEMS_GPIO_OUTPUT
/tmp/stubcc_dht22_jx2vfbib/drv/dht22.c:52:5: error: too many arguments to function 'rtems_gpio_request_pin'
   52 |     rtems_gpio_request_pin(pin, RTEMS_GPIO_PIN_OUTPUT, true, false, NULL);
      |     ^~~~~~~~~~~~~~~~~~~~~~
/tmp/stubcc_dht22_jx2vfbib/stubs/rtems/gpio.h:14:19: note: declared here
   14 | rtems_status_code rtems_gpio_request_pin(rtems_gpio_pin pin, rtems_gpio_direction direction);
      |                   ^~~~~~~~~~~~~~~~~~~~~~
/tmp/stubcc_dht22_jx2vfbib/drv/dht22.c:58:33: error: 'RTEMS_GPIO_PIN_INPUT' undeclared (first use in this function); did you mean 'RTEMS_GPIO_INPUT'?
   58 |     rtems_gpio_request_pin(pin, RTEMS_GPIO_PIN_INPUT, false, false, NULL);
      |                                 ^~~~~~~~~~~~~~~~~~~~
      |                                 RTEMS_GPIO_INPUT
/tmp/stubcc_dht22_jx2vfbib/drv/dht22.c:58:5: error: too many arguments to function 'rtems_gpio_request_pin'
   58 |     rtems_gpio_request_pin(pin, RTEMS_GPIO_PIN_INPUT, false, false, NULL);
      |     ^~~~~~~~~~~~~~~~~~~~~~
/tmp/stubcc_dht22_jx2vfbib/stubs/rtems/gpio.h:14:19: note: declared here
   14 | rtems_status_code rtems_gpio_request_pin(rtems_gpio_pin pin, rtems_gpio_direction direction);
      |                   ^~~~~~~~~~~~~~~~~~~~~~
/tmp/stubcc_dht22_jx2vfbib/drv/dht22.c:60:12: error: too few arguments to function 'rtems_gpio_get_value'
   60 |     while (rtems_gpio_get_value(pin) == 1) {
      |            ^~~~~~~~~~~~~~~~~~~~
/tmp/stubcc_dht22_jx2vfbib/stubs/rtems/gpio.h:18:19: note: declared here
   18 | rtems_status_code rtems_gpio_get_value(rtems_gpio_pin pin, int *value);
      |                   ^~~~~~~~~~~~~~~~~~~~
/tmp/stubcc_dht22_jx2vfbib/drv/dht22.c:65:12: error: too few arguments to function 'rtems_gpio_get_value'
   65 |     while (rtems_gpio_get_value(pin) == 0) {
      |            ^~~~~~~~~~~~~~~~~~~~
/tmp/stubcc_dht22_jx2vfbib/stubs/rtems/gpio.h:18:19: note: declared here
   18 | rtems_status_code rtems_gpio_get_value(rtems_gpio_pin pin, int *value);
      |                   ^~~~~~~~~~~~~~~~~~~~
/tmp/stubcc_dht22_jx2vfbib/drv/dht22.c:70:12: error: too few arguments to function 'rtems_gpio_get_value'
   70 |     while (rtems_gpio_get_value(pin) == 1) {
      |            ^~~~~~~~~~~~~~~~~~~~
/tmp/stubcc_dht22_jx2vfbib/stubs/rtems/gpio.h:18:19: note: declared here
   18 | rtems_status_code rtems_gpio_get_value(rtems_gpio_pin pin, int *value);
      |                   ^~~~~~~~~~~~~~~~~~~~
