/tmp/stubcc_ds18b20_mwec5k21/drv/ds18b20.c: In function 'ds18b20_reset_pulse':
/tmp/stubcc_ds18b20_mwec5k21/drv/ds18b20.c:20:21: error: request for member 'port' in something not a structure or union
   20 |     palClearPad(line.port, line.pad);
      |                     ^
/tmp/stubcc_ds18b20_mwec5k21/drv/ds18b20.c:20:32: error: request for member 'pad' in something not a structure or union
   20 |     palClearPad(line.port, line.pad);
      |                                ^
/tmp/stubcc_ds18b20_mwec5k21/drv/ds18b20.c:22:23: error: request for member 'port' in something not a structure or union
   22 |     palSetPadMode(line.port, line.pad, PAL_MODE_INPUT_PULLUP);
      |                       ^
/tmp/stubcc_ds18b20_mwec5k21/drv/ds18b20.c:22:34: error: request for member 'pad' in something not a structure or union
   22 |     palSetPadMode(line.port, line.pad, PAL_MODE_INPUT_PULLUP);
      |                                  ^
/tmp/stubcc_ds18b20_mwec5k21/drv/ds18b20.c: In function 'ds18b20_write_byte':
/tmp/stubcc_ds18b20_mwec5k21/drv/ds18b20.c:36:29: error: request for member 'port' in something not a structure or union
   36 |             palClearPad(line.port, line.pad);
      |                             ^
/tmp/stubcc_ds18b20_mwec5k21/drv/ds18b20.c:36:40: error: request for member 'pad' in something not a structure or union
   36 |             palClearPad(line.port, line.pad);
      |                                        ^
/tmp/stubcc_ds18b20_mwec5k21/drv/ds18b20.c:38:31: error: request for member 'port' in something not a structure or union
   38 |             palSetPadMode(line.port, line.pad, PAL_MODE_INPUT_PULLUP);
      |                               ^
/tmp/stubcc_ds18b20_mwec5k21/drv/ds18b20.c:38:42: error: request for member 'pad' in something not a structure or union
   38 |             palSetPadMode(line.port, line.pad, PAL_MODE_INPUT_PULLUP);
      |                                          ^
/tmp/stubcc_ds18b20_mwec5k21/drv/ds18b20.c:41:29: error: request for member 'port' in something not a structure or union
   41 |             palClearPad(line.port, line.pad);
      |                             ^
/tmp/stubcc_ds18b20_mwec5k21/drv/ds18b20.c:41:40: error: request for member 'pad' in something not a structure or union
   41 |             palClearPad(line.port, line.pad);
      |                                        ^
/tmp/stubcc_ds18b20_mwec5k21/drv/ds18b20.c:43:31: error: request for member 'port' in something not a structure or union
   43 |             palSetPadMode(line.port, line.pad, PAL_MODE_INPUT_PULLUP);
      |                               ^
/tmp/stubcc_ds18b20_mwec5k21/drv/ds18b20.c:43:42: error: request for member 'pad' in something not a structure or union
   43 |             palSetPadMode(line.port, line.pad, PAL_MODE_INPUT_PULLUP);
      |                                          ^
/tmp/stubcc_ds18b20_mwec5k21/drv/ds18b20.c:33:14: warning: variable 'line' set but not used [-Wunused-but-set-variable]
   33 |     ioline_t line = PAL_LINE(GPIOA, 0);
      |              ^~~~
/tmp/stubcc_ds18b20_mwec5k21/drv/ds18b20.c: In function 'ds18b20_read_byte':
/tmp/stubcc_ds18b20_mwec5k21/drv/ds18b20.c:56:25: error: request for member 'port' in something not a structure or union
   56 |         palClearPad(line.port, line.pad);
      |                         ^
/tmp/stubcc_ds18b20_mwec5k21/drv/ds18b20.c:56:36: error: request for member 'pad' in something not a structure or union
   56 |         palClearPad(line.port, line.pad);
      |                                    ^
/tmp/stubcc_ds18b20_mwec5k21/drv/ds18b20.c:58:27: error: request for member 'port' in something not a structure or union
   58 |         palSetPadMode(line.port, line.pad, PAL_MODE_INPUT_PULLUP);
      |                           ^
/tmp/stubcc_ds18b20_mwec5k21/drv/ds18b20.c:58:38: error: request for member 'pad' in something not a structure or union
   58 |         palSetPadMode(line.port, line.pad, PAL_MODE_INPUT_PULLUP);
      |                                      ^
/tmp/stubcc_ds18b20_mwec5k21/drv/ds18b20.c: In function 'ds18b20_init':
/tmp/stubcc_ds18b20_mwec5k21/drv/ds18b20.c:73:23: error: request for member 'port' in something not a structure or union
   73 |     palSetPadMode(line.port, line.pad, PAL_MODE_OUTPUT_PUSHPULL);
      |                       ^
/tmp/stubcc_ds18b20_mwec5k21/drv/ds18b20.c:73:34: error: request for member 'pad' in something not a structure or union
   73 |     palSetPadMode(line.port, line.pad, PAL_MODE_OUTPUT_PUSHPULL);
      |                                  ^
/tmp/stubcc_ds18b20_mwec5k21/drv/ds18b20.c:72:14: warning: variable 'line' set but not used [-Wunused-but-set-variable]
   72 |     ioline_t line = PAL_LINE(GPIOA, 0);
      |              ^~~~
/tmp/stubcc_ds18b20_mwec5k21/drv/ds18b20.c: In function 'ds18b20_read_temperature':
/tmp/stubcc_ds18b20_mwec5k21/drv/ds18b20.c:85:23: error: request for member 'port' in something not a structure or union
   85 |     palSetPadMode(line.port, line.pad, PAL_MODE_OUTPUT_PUSHPULL);
      |                       ^
/tmp/stubcc_ds18b20_mwec5k21/drv/ds18b20.c:85:34: error: request for member 'pad' in something not a structure or union
   85 |     palSetPadMode(line.port, line.pad, PAL_MODE_OUTPUT_PUSHPULL);
      |                                  ^
/tmp/stubcc_ds18b20_mwec5k21/drv/ds18b20.c:84:14: warning: variable 'line' set but not used [-Wunused-but-set-variable]
   84 |     ioline_t line = PAL_LINE(GPIOA, 0);
      |              ^~~~
