/tmp/stubcc_at24c256_t1so5bg1/drv/at24c256.c: In function 'at24c256_write':
/tmp/stubcc_at24c256_t1so5bg1/drv/at24c256.c:67:23: error: implicit declaration of function 'malloc' [-Wimplicit-function-declaration]
   67 |         uint8_t *wb = malloc(2 + chunk);
      |                       ^~~~~~
/tmp/stubcc_at24c256_t1so5bg1/drv/at24c256.c:12:1: note: include '<stdlib.h>' or provide a declaration of 'malloc'
   11 | #include <sys/ioctl.h>
  +++ |+#include <stdlib.h>
   12 | #define AT24C256_I2C_ADDR 0x50
/tmp/stubcc_at24c256_t1so5bg1/drv/at24c256.c:67:23: warning: incompatible implicit declaration of built-in function 'malloc' [-Wbuiltin-declaration-mismatch]
   67 |         uint8_t *wb = malloc(2 + chunk);
      |                       ^~~~~~
/tmp/stubcc_at24c256_t1so5bg1/drv/at24c256.c:67:23: note: include '<stdlib.h>' or provide a declaration of 'malloc'
/tmp/stubcc_at24c256_t1so5bg1/drv/at24c256.c:71:9: error: implicit declaration of function 'memcpy' [-Wimplicit-function-declaration]
   71 |         memcpy(wb + 2, buf + offset, chunk);
      |         ^~~~~~
/tmp/stubcc_at24c256_t1so5bg1/drv/at24c256.c:12:1: note: include '<string.h>' or provide a declaration of 'memcpy'
   11 | #include <sys/ioctl.h>
  +++ |+#include <string.h>
   12 | #define AT24C256_I2C_ADDR 0x50
/tmp/stubcc_at24c256_t1so5bg1/drv/at24c256.c:71:9: warning: incompatible implicit declaration of built-in function 'memcpy' [-Wbuiltin-declaration-mismatch]
   71 |         memcpy(wb + 2, buf + offset, chunk);
      |         ^~~~~~
/tmp/stubcc_at24c256_t1so5bg1/drv/at24c256.c:71:9: note: include '<string.h>' or provide a declaration of 'memcpy'
/tmp/stubcc_at24c256_t1so5bg1/drv/at24c256.c:73:9: error: implicit declaration of function 'free' [-Wimplicit-function-declaration]
   73 |         free(wb);
      |         ^~~~
/tmp/stubcc_at24c256_t1so5bg1/drv/at24c256.c:73:9: note: include '<stdlib.h>' or provide a declaration of 'free'
/tmp/stubcc_at24c256_t1so5bg1/drv/at24c256.c:73:9: warning: incompatible implicit declaration of built-in function 'free' [-Wbuiltin-declaration-mismatch]
/tmp/stubcc_at24c256_t1so5bg1/drv/at24c256.c:73:9: note: include '<stdlib.h>' or provide a declaration of 'free'
