<PROJECT_ROOT>/evaluation/infrastructure/stubs/openharmony-liteosm/stubs_gpio.c:110:26: warning: 'struct SpiDevInfo' declared inside parameter list will not be visible outside of this definition or declaration
  110 | DevHandle SpiOpen(struct SpiDevInfo *info) { (void)info; return (DevHandle)1; }
      |                          ^~~~~~~~~~
<PROJECT_ROOT>/evaluation/infrastructure/stubs/openharmony-liteosm/stubs_gpio.c:112:46: warning: 'struct SpiMsg' declared inside parameter list will not be visible outside of this definition or declaration
  112 | int32_t SpiTransfer(DevHandle handle, struct SpiMsg *msgs, uint32_t count) { (void)handle;(void)msgs;(void)count; return HDF_SUCCESS; }
      |                                              ^~~~~~
<PROJECT_ROOT>/evaluation/infrastructure/stubs/openharmony-liteosm/stubs_gpio.c:115:44: warning: 'struct SpiCfg' declared inside parameter list will not be visible outside of this definition or declaration
  115 | int32_t SpiSetCfg(DevHandle handle, struct SpiCfg *cfg) { (void)handle;(void)cfg; return HDF_SUCCESS; }
      |                                            ^~~~~~
<PROJECT_ROOT>/evaluation/infrastructure/stubs/openharmony-liteosm/stubs_gpio.c:116:44: warning: 'struct SpiCfg' declared inside parameter list will not be visible outside of this definition or declaration
  116 | int32_t SpiGetCfg(DevHandle handle, struct SpiCfg *cfg) { (void)handle;(void)cfg; return HDF_SUCCESS; }
      |                                            ^~~~~~
<PROJECT_ROOT>/evaluation/infrastructure/stubs/openharmony-liteosm/stubs_gpio.c:125:51: warning: 'struct UartAttribute' declared inside parameter list will not be visible outside of this definition or declaration
  125 | int32_t UartSetAttribute(DevHandle handle, struct UartAttribute *a) { (void)handle;(void)a; return HDF_SUCCESS; }
      |                                                   ^~~~~~~~~~~~~
<PROJECT_ROOT>/evaluation/infrastructure/stubs/openharmony-liteosm/stubs_gpio.c:126:51: warning: 'struct UartAttribute' declared inside parameter list will not be visible outside of this definition or declaration
  126 | int32_t UartGetAttribute(DevHandle handle, struct UartAttribute *a) { (void)handle;(void)a; return HDF_SUCCESS; }
      |                                                   ^~~~~~~~~~~~~
<RUN_DIR>/attempts/003/stage/out/stage/dht22.c: In function 'dht22_read_sensor':
<RUN_DIR>/attempts/003/stage/out/stage/dht22.c:86:18: warning: unused variable 'high_start' [-Wunused-variable]
   86 |         uint32_t high_start = 0;
      |                  ^~~~~~~~~~
<RUN_DIR>/attempts/003/stage/out/stage/dht22.c:51:13: warning: unused variable 'ret' [-Wunused-variable]
   51 |     int32_t ret;
      |             ^~~
