<RUN_DIR>/attempts/002/stage/out/stage/ssd1306_eval_adapter.c: In function 'drivergen_eval_init':
<RUN_DIR>/attempts/002/stage/out/stage/ssd1306_eval_adapter.c:39:21: error: too many arguments to function 'ssd1306_init'
   39 |     int _rc = (int)(ssd1306_init(g_eval_dev));
      |                     ^~~~~~~~~~~~
In file included from <RUN_DIR>/attempts/002/stage/out/stage/ssd1306_eval_adapter.c:12:
<RUN_DIR>/attempts/002/stage/out/stage/ssd1306.h:7:5: note: declared here
    7 | int ssd1306_init(void);
      |     ^~~~~~~~~~~~
<RUN_DIR>/attempts/002/stage/out/stage/ssd1306_eval_adapter.c: In function 'drivergen_eval_output_frame':
<RUN_DIR>/attempts/002/stage/out/stage/ssd1306_eval_adapter.c:47:48: error: passing argument 1 of 'ssd1306_write_display_data' from incompatible pointer type [-Wincompatible-pointer-types]
   47 |     int _rc = (int)(ssd1306_write_display_data(g_eval_dev, data, len));
      |                                                ^~~~~~~~~~
      |                                                |
      |                                                const struct device *
<RUN_DIR>/attempts/002/stage/out/stage/ssd1306.h:8:47: note: expected 'const uint8_t *' {aka 'const unsigned char *'} but argument is of type 'const struct device *'
    8 | int ssd1306_write_display_data(const uint8_t *data, size_t len);
      |                                ~~~~~~~~~~~~~~~^~~~
<RUN_DIR>/attempts/002/stage/out/stage/ssd1306_eval_adapter.c:47:60: error: passing argument 2 of 'ssd1306_write_display_data' makes integer from pointer without a cast [-Wint-conversion]
   47 |     int _rc = (int)(ssd1306_write_display_data(g_eval_dev, data, len));
      |                                                            ^~~~
      |                                                            |
      |                                                            const uint8_t * {aka const unsigned char *}
<RUN_DIR>/attempts/002/stage/out/stage/ssd1306.h:8:60: note: expected 'size_t' {aka 'unsigned int'} but argument is of type 'const uint8_t *' {aka 'const unsigned char *'}
    8 | int ssd1306_write_display_data(const uint8_t *data, size_t len);
      |                                                     ~~~~~~~^~~
<RUN_DIR>/attempts/002/stage/out/stage/ssd1306_eval_adapter.c:47:21: error: too many arguments to function 'ssd1306_write_display_data'
   47 |     int _rc = (int)(ssd1306_write_display_data(g_eval_dev, data, len));
      |                     ^~~~~~~~~~~~~~~~~~~~~~~~~~
<RUN_DIR>/attempts/002/stage/out/stage/ssd1306.h:8:5: note: declared here
    8 | int ssd1306_write_display_data(const uint8_t *data, size_t len);
      |     ^~~~~~~~~~~~~~~~~~~~~~~~~~
