/tmp/stubcc_ds18b20_trm9007d/drv/ds18b20.c: In function 'ds18b20_reset':
/tmp/stubcc_ds18b20_trm9007d/drv/ds18b20.c:40:15: error: too few arguments to function 'rtems_gpio_get_value'
   40 |     int val = rtems_gpio_get_value(dev->data_pin);
      |               ^~~~~~~~~~~~~~~~~~~~
In file included from /tmp/stubcc_ds18b20_trm9007d/drv/ds18b20.c:6:
/tmp/stubcc_ds18b20_trm9007d/stubs/rtems/gpio.h:18:19: note: declared here
   18 | rtems_status_code rtems_gpio_get_value(rtems_gpio_pin pin, int *value);
      |                   ^~~~~~~~~~~~~~~~~~~~
/tmp/stubcc_ds18b20_trm9007d/drv/ds18b20.c: In function 'ds18b20_read_bit':
/tmp/stubcc_ds18b20_trm9007d/drv/ds18b20.c:65:15: error: too few arguments to function 'rtems_gpio_get_value'
   65 |     int val = rtems_gpio_get_value(dev->data_pin);
      |               ^~~~~~~~~~~~~~~~~~~~
/tmp/stubcc_ds18b20_trm9007d/stubs/rtems/gpio.h:18:19: note: declared here
   18 | rtems_status_code rtems_gpio_get_value(rtems_gpio_pin pin, int *value);
      |                   ^~~~~~~~~~~~~~~~~~~~
/tmp/stubcc_ds18b20_trm9007d/drv/ds18b20.c: In function 'ds18b20_init':
/tmp/stubcc_ds18b20_trm9007d/drv/ds18b20.c:89:38: error: 'RTEMS_GPIO_FUNCTION_NONE' undeclared (first use in this function)
   89 |     rtems_gpio_request_pin(data_pin, RTEMS_GPIO_FUNCTION_NONE, true, false, NULL);
      |                                      ^~~~~~~~~~~~~~~~~~~~~~~~
/tmp/stubcc_ds18b20_trm9007d/drv/ds18b20.c:89:38: note: each undeclared identifier is reported only once for each function it appears in
/tmp/stubcc_ds18b20_trm9007d/drv/ds18b20.c:89:5: error: too many arguments to function 'rtems_gpio_request_pin'
   89 |     rtems_gpio_request_pin(data_pin, RTEMS_GPIO_FUNCTION_NONE, true, false, NULL);
      |     ^~~~~~~~~~~~~~~~~~~~~~
/tmp/stubcc_ds18b20_trm9007d/stubs/rtems/gpio.h:14:19: note: declared here
   14 | rtems_status_code rtems_gpio_request_pin(rtems_gpio_pin pin, rtems_gpio_direction direction);
      |                   ^~~~~~~~~~~~~~~~~~~~~~
