/tmp/stubcc_tmp421_18khs_r7/drv/tmp421.c: In function 'tmp421_write_then_read':
/tmp/stubcc_tmp421_18khs_r7/drv/tmp421.c:24:38: error: passing argument 2 of 'I2C_TRANSFER' from incompatible pointer type [-Wincompatible-pointer-types]
   24 |     int ret = I2C_TRANSFER(dev->bus, &config, buf, len);
      |                                      ^~~~~~~
      |                                      |
      |                                      struct i2c_config_s *
In file included from /tmp/stubcc_tmp421_18khs_r7/stubs/nuttx/i2c/i2c_master.h:2,
                 from /tmp/stubcc_tmp421_18khs_r7/drv/tmp421.h:5,
                 from /tmp/stubcc_tmp421_18khs_r7/drv/tmp421.c:1:
/tmp/stubcc_tmp421_18khs_r7/stubs/nuttx.h:114:62: note: expected 'struct i2c_msg_s *' but argument is of type 'struct i2c_config_s *'
  114 | int I2C_TRANSFER(struct i2c_master_s *dev, struct i2c_msg_s *msgs, int count);
      |                                            ~~~~~~~~~~~~~~~~~~^~~~
/tmp/stubcc_tmp421_18khs_r7/drv/tmp421.c:24:47: error: passing argument 3 of 'I2C_TRANSFER' makes integer from pointer without a cast [-Wint-conversion]
   24 |     int ret = I2C_TRANSFER(dev->bus, &config, buf, len);
      |                                               ^~~
      |                                               |
      |                                               uint8_t * {aka unsigned char *}
/tmp/stubcc_tmp421_18khs_r7/stubs/nuttx.h:114:72: note: expected 'int' but argument is of type 'uint8_t *' {aka 'unsigned char *'}
  114 | int I2C_TRANSFER(struct i2c_master_s *dev, struct i2c_msg_s *msgs, int count);
      |                                                                    ~~~~^~~~~
/tmp/stubcc_tmp421_18khs_r7/drv/tmp421.c:24:15: error: too many arguments to function 'I2C_TRANSFER'
   24 |     int ret = I2C_TRANSFER(dev->bus, &config, buf, len);
      |               ^~~~~~~~~~~~
/tmp/stubcc_tmp421_18khs_r7/stubs/nuttx.h:114:5: note: declared here
  114 | int I2C_TRANSFER(struct i2c_master_s *dev, struct i2c_msg_s *msgs, int count);
      |     ^~~~~~~~~~~~
/tmp/stubcc_tmp421_18khs_r7/drv/tmp421.c:18:67: warning: unused parameter 'reg' [-Wunused-parameter]
   18 | static int tmp421_write_then_read(struct tmp421_dev *dev, uint8_t reg, uint8_t *buf, int len)
      |                                                           ~~~~~~~~^~~
