/tmp/stubcc_pcf8574_4ygoob7r/drv/pcf8574.c: In function 'pcf8574_read_port':
/tmp/stubcc_pcf8574_4ygoob7r/drv/pcf8574.c:31:34: error: passing argument 2 of 'I2C_TRANSFER' from incompatible pointer type [-Wincompatible-pointer-types]
   31 |     ret = I2C_TRANSFER(dev->bus, &config, port_byte, 1);
      |                                  ^~~~~~~
      |                                  |
      |                                  struct i2c_config_s *
In file included from /tmp/stubcc_pcf8574_4ygoob7r/stubs/nuttx/i2c/i2c_master.h:2,
                 from /tmp/stubcc_pcf8574_4ygoob7r/drv/pcf8574.h:5,
                 from /tmp/stubcc_pcf8574_4ygoob7r/drv/pcf8574.c:1:
/tmp/stubcc_pcf8574_4ygoob7r/stubs/nuttx.h:114:62: note: expected 'struct i2c_msg_s *' but argument is of type 'struct i2c_config_s *'
  114 | int I2C_TRANSFER(struct i2c_master_s *dev, struct i2c_msg_s *msgs, int count);
      |                                            ~~~~~~~~~~~~~~~~~~^~~~
/tmp/stubcc_pcf8574_4ygoob7r/drv/pcf8574.c:31:43: error: passing argument 3 of 'I2C_TRANSFER' makes integer from pointer without a cast [-Wint-conversion]
   31 |     ret = I2C_TRANSFER(dev->bus, &config, port_byte, 1);
      |                                           ^~~~~~~~~
      |                                           |
      |                                           uint8_t * {aka unsigned char *}
/tmp/stubcc_pcf8574_4ygoob7r/stubs/nuttx.h:114:72: note: expected 'int' but argument is of type 'uint8_t *' {aka 'unsigned char *'}
  114 | int I2C_TRANSFER(struct i2c_master_s *dev, struct i2c_msg_s *msgs, int count);
      |                                                                    ~~~~^~~~~
/tmp/stubcc_pcf8574_4ygoob7r/drv/pcf8574.c:31:11: error: too many arguments to function 'I2C_TRANSFER'
   31 |     ret = I2C_TRANSFER(dev->bus, &config, port_byte, 1);
      |           ^~~~~~~~~~~~
/tmp/stubcc_pcf8574_4ygoob7r/stubs/nuttx.h:114:5: note: declared here
  114 | int I2C_TRANSFER(struct i2c_master_s *dev, struct i2c_msg_s *msgs, int count);
      |     ^~~~~~~~~~~~
