/tmp/stubcc_hcsr04_0oisgpep/drv/hcsr04.c: In function 'hcsr04_init':
/tmp/stubcc_hcsr04_0oisgpep/drv/hcsr04.c:18:43: error: 'RTEMS_GPIO_PIN_OUTPUT' undeclared (first use in this function); did you mean 'RTEMS_GPIO_OUTPUT'?
   18 |     sc = rtems_gpio_request_pin(trig_pin, RTEMS_GPIO_PIN_OUTPUT, true, false, NULL);
      |                                           ^~~~~~~~~~~~~~~~~~~~~
      |                                           RTEMS_GPIO_OUTPUT
/tmp/stubcc_hcsr04_0oisgpep/drv/hcsr04.c:18:43: note: each undeclared identifier is reported only once for each function it appears in
/tmp/stubcc_hcsr04_0oisgpep/drv/hcsr04.c:18:10: error: too many arguments to function 'rtems_gpio_request_pin'
   18 |     sc = rtems_gpio_request_pin(trig_pin, RTEMS_GPIO_PIN_OUTPUT, true, false, NULL);
      |          ^~~~~~~~~~~~~~~~~~~~~~
In file included from /tmp/stubcc_hcsr04_0oisgpep/drv/hcsr04.c:5:
/tmp/stubcc_hcsr04_0oisgpep/stubs/rtems/gpio.h:14:19: note: declared here
   14 | rtems_status_code rtems_gpio_request_pin(rtems_gpio_pin pin, rtems_gpio_direction direction);
      |                   ^~~~~~~~~~~~~~~~~~~~~~
/tmp/stubcc_hcsr04_0oisgpep/drv/hcsr04.c:21:43: error: 'RTEMS_GPIO_PIN_INPUT' undeclared (first use in this function); did you mean 'RTEMS_GPIO_INPUT'?
   21 |     sc = rtems_gpio_request_pin(echo_pin, RTEMS_GPIO_PIN_INPUT, false, false, NULL);
      |                                           ^~~~~~~~~~~~~~~~~~~~
      |                                           RTEMS_GPIO_INPUT
/tmp/stubcc_hcsr04_0oisgpep/drv/hcsr04.c:21:10: error: too many arguments to function 'rtems_gpio_request_pin'
   21 |     sc = rtems_gpio_request_pin(echo_pin, RTEMS_GPIO_PIN_INPUT, false, false, NULL);
      |          ^~~~~~~~~~~~~~~~~~~~~~
/tmp/stubcc_hcsr04_0oisgpep/stubs/rtems/gpio.h:14:19: note: declared here
   14 | rtems_status_code rtems_gpio_request_pin(rtems_gpio_pin pin, rtems_gpio_direction direction);
      |                   ^~~~~~~~~~~~~~~~~~~~~~
/tmp/stubcc_hcsr04_0oisgpep/drv/hcsr04.c: In function 'measure_pulse_us':
/tmp/stubcc_hcsr04_0oisgpep/drv/hcsr04.c:35:15: error: too few arguments to function 'rtems_gpio_get_value'
   35 |         val = rtems_gpio_get_value(echo_pin);
      |               ^~~~~~~~~~~~~~~~~~~~
/tmp/stubcc_hcsr04_0oisgpep/stubs/rtems/gpio.h:18:19: note: declared here
   18 | rtems_status_code rtems_gpio_get_value(rtems_gpio_pin pin, int *value);
      |                   ^~~~~~~~~~~~~~~~~~~~
/tmp/stubcc_hcsr04_0oisgpep/drv/hcsr04.c:45:15: error: too few arguments to function 'rtems_gpio_get_value'
   45 |         val = rtems_gpio_get_value(echo_pin);
      |               ^~~~~~~~~~~~~~~~~~~~
/tmp/stubcc_hcsr04_0oisgpep/stubs/rtems/gpio.h:18:19: note: declared here
   18 | rtems_status_code rtems_gpio_get_value(rtems_gpio_pin pin, int *value);
      |                   ^~~~~~~~~~~~~~~~~~~~
