/tmp/stubcc_sht30_t4s3edeg/drv/sht30.c: In function 'sht30_write_command':
/tmp/stubcc_sht30_t4s3edeg/drv/sht30.c:23:38: error: passing argument 2 of 'I2C_TRANSFER' from incompatible pointer type [-Wincompatible-pointer-types]
   23 |     int ret = I2C_TRANSFER(dev->bus, &config, buf, 2);
      |                                      ^~~~~~~
      |                                      |
      |                                      struct i2c_config_s *
In file included from /tmp/stubcc_sht30_t4s3edeg/stubs/nuttx/i2c/i2c_master.h:2,
                 from /tmp/stubcc_sht30_t4s3edeg/drv/sht30.h:5,
                 from /tmp/stubcc_sht30_t4s3edeg/drv/sht30.c:1:
/tmp/stubcc_sht30_t4s3edeg/stubs/nuttx.h:114:62: note: expected 'struct i2c_msg_s *' but argument is of type 'struct i2c_config_s *'
  114 | int I2C_TRANSFER(struct i2c_master_s *dev, struct i2c_msg_s *msgs, int count);
      |                                            ~~~~~~~~~~~~~~~~~~^~~~
/tmp/stubcc_sht30_t4s3edeg/drv/sht30.c:23:47: error: passing argument 3 of 'I2C_TRANSFER' makes integer from pointer without a cast [-Wint-conversion]
   23 |     int ret = I2C_TRANSFER(dev->bus, &config, buf, 2);
      |                                               ^~~
      |                                               |
      |                                               uint8_t * {aka unsigned char *}
/tmp/stubcc_sht30_t4s3edeg/stubs/nuttx.h:114:72: note: expected 'int' but argument is of type 'uint8_t *' {aka 'unsigned char *'}
  114 | int I2C_TRANSFER(struct i2c_master_s *dev, struct i2c_msg_s *msgs, int count);
      |                                                                    ~~~~^~~~~
/tmp/stubcc_sht30_t4s3edeg/drv/sht30.c:23:15: error: too many arguments to function 'I2C_TRANSFER'
   23 |     int ret = I2C_TRANSFER(dev->bus, &config, buf, 2);
      |               ^~~~~~~~~~~~
/tmp/stubcc_sht30_t4s3edeg/stubs/nuttx.h:114:5: note: declared here
  114 | int I2C_TRANSFER(struct i2c_master_s *dev, struct i2c_msg_s *msgs, int count);
      |     ^~~~~~~~~~~~
/tmp/stubcc_sht30_t4s3edeg/drv/sht30.c: In function 'sht30_write_command_general_call':
/tmp/stubcc_sht30_t4s3edeg/drv/sht30.c:39:28: error: 'dev' undeclared (first use in this function)
   39 |     int ret = I2C_TRANSFER(dev->bus, &config, buf, 2);
      |                            ^~~
/tmp/stubcc_sht30_t4s3edeg/drv/sht30.c:39:28: note: each undeclared identifier is reported only once for each function it appears in
/tmp/stubcc_sht30_t4s3edeg/drv/sht30.c:39:38: error: passing argument 2 of 'I2C_TRANSFER' from incompatible pointer type [-Wincompatible-pointer-types]
   39 |     int ret = I2C_TRANSFER(dev->bus, &config, buf, 2);
      |                                      ^~~~~~~
      |                                      |
      |                                      struct i2c_config_s *
/tmp/stubcc_sht30_t4s3edeg/stubs/nuttx.h:114:62: note: expected 'struct i2c_msg_s *' but argument is of type 'struct i2c_config_s *'
  114 | int I2C_TRANSFER(struct i2c_master_s *dev, struct i2c_msg_s *msgs, int count);
      |                                            ~~~~~~~~~~~~~~~~~~^~~~
/tmp/stubcc_sht30_t4s3edeg/drv/sht30.c:39:47: error: passing argument 3 of 'I2C_TRANSFER' makes integer from pointer without a cast [-Wint-conversion]
   39 |     int ret = I2C_TRANSFER(dev->bus, &config, buf, 2);
      |                                               ^~~
      |                                               |
      |                                               uint8_t * {aka unsigned char *}
/tmp/stubcc_sht30_t4s3edeg/stubs/nuttx.h:114:72: note: expected 'int' but argument is of type 'uint8_t *' {aka 'unsigned char *'}
  114 | int I2C_TRANSFER(struct i2c_master_s *dev, struct i2c_msg_s *msgs, int count);
      |                                                                    ~~~~^~~~~
/tmp/stubcc_sht30_t4s3edeg/drv/sht30.c:39:15: error: too many arguments to function 'I2C_TRANSFER'
   39 |     int ret = I2C_TRANSFER(dev->bus, &config, buf, 2);
      |               ^~~~~~~~~~~~
/tmp/stubcc_sht30_t4s3edeg/stubs/nuttx.h:114:5: note: declared here
  114 | int I2C_TRANSFER(struct i2c_master_s *dev, struct i2c_msg_s *msgs, int count);
      |     ^~~~~~~~~~~~
/tmp/stubcc_sht30_t4s3edeg/drv/sht30.c: In function 'sht30_read_bytes':
/tmp/stubcc_sht30_t4s3edeg/drv/sht30.c:52:38: error: passing argument 2 of 'I2C_TRANSFER' from incompatible pointer type [-Wincompatible-pointer-types]
   52 |     int ret = I2C_TRANSFER(dev->bus, &config, buf, len);
      |                                      ^~~~~~~
      |                                      |
      |                                      struct i2c_config_s *
/tmp/stubcc_sht30_t4s3edeg/stubs/nuttx.h:114:62: note: expected 'struct i2c_msg_s *' but argument is of type 'struct i2c_config_s *'
  114 | int I2C_TRANSFER(struct i2c_master_s *dev, struct i2c_msg_s *msgs, int count);
      |                                            ~~~~~~~~~~~~~~~~~~^~~~
/tmp/stubcc_sht30_t4s3edeg/drv/sht30.c:52:47: error: passing argument 3 of 'I2C_TRANSFER' makes integer from pointer without a cast [-Wint-conversion]
   52 |     int ret = I2C_TRANSFER(dev->bus, &config, buf, len);
      |                                               ^~~
      |                                               |
      |                                               uint8_t * {aka unsigned char *}
/tmp/stubcc_sht30_t4s3edeg/stubs/nuttx.h:114:72: note: expected 'int' but argument is of type 'uint8_t *' {aka 'unsigned char *'}
  114 | int I2C_TRANSFER(struct i2c_master_s *dev, struct i2c_msg_s *msgs, int count);
      |                                                                    ~~~~^~~~~
/tmp/stubcc_sht30_t4s3edeg/drv/sht30.c:52:15: error: too many arguments to function 'I2C_TRANSFER'
   52 |     int ret = I2C_TRANSFER(dev->bus, &config, buf, len);
      |               ^~~~~~~~~~~~
/tmp/stubcc_sht30_t4s3edeg/stubs/nuttx.h:114:5: note: declared here
  114 | int I2C_TRANSFER(struct i2c_master_s *dev, struct i2c_msg_s *msgs, int count);
      |     ^~~~~~~~~~~~
