/tmp/stubcc_mcp3008_4noa0s6s/drv/mcp3008.c: In function 'mcp3008_read_channel':
/tmp/stubcc_mcp3008_4noa0s6s/drv/mcp3008.c:25:12: error: variable 'spi_settings' has initializer but incomplete type
   25 |     struct hal_spi_settings spi_settings = {
      |            ^~~~~~~~~~~~~~~~
/tmp/stubcc_mcp3008_4noa0s6s/drv/mcp3008.c:26:10: error: 'struct hal_spi_settings' has no member named 'data_mode'
   26 |         .data_mode = HAL_SPI_MODE0,
      |          ^~~~~~~~~
/tmp/stubcc_mcp3008_4noa0s6s/drv/mcp3008.c:26:22: error: 'HAL_SPI_MODE0' undeclared (first use in this function)
   26 |         .data_mode = HAL_SPI_MODE0,
      |                      ^~~~~~~~~~~~~
/tmp/stubcc_mcp3008_4noa0s6s/drv/mcp3008.c:26:22: note: each undeclared identifier is reported only once for each function it appears in
/tmp/stubcc_mcp3008_4noa0s6s/drv/mcp3008.c:26:22: warning: excess elements in struct initializer
/tmp/stubcc_mcp3008_4noa0s6s/drv/mcp3008.c:26:22: note: (near initialization for 'spi_settings')
/tmp/stubcc_mcp3008_4noa0s6s/drv/mcp3008.c:27:10: error: 'struct hal_spi_settings' has no member named 'data_order'
   27 |         .data_order = HAL_SPI_MSB_FIRST,
      |          ^~~~~~~~~~
/tmp/stubcc_mcp3008_4noa0s6s/drv/mcp3008.c:27:23: error: 'HAL_SPI_MSB_FIRST' undeclared (first use in this function)
   27 |         .data_order = HAL_SPI_MSB_FIRST,
      |                       ^~~~~~~~~~~~~~~~~
/tmp/stubcc_mcp3008_4noa0s6s/drv/mcp3008.c:27:23: warning: excess elements in struct initializer
/tmp/stubcc_mcp3008_4noa0s6s/drv/mcp3008.c:27:23: note: (near initialization for 'spi_settings')
/tmp/stubcc_mcp3008_4noa0s6s/drv/mcp3008.c:28:10: error: 'struct hal_spi_settings' has no member named 'word_size'
   28 |         .word_size = HAL_SPI_WORD_SIZE_8BIT,
      |          ^~~~~~~~~
/tmp/stubcc_mcp3008_4noa0s6s/drv/mcp3008.c:28:22: error: 'HAL_SPI_WORD_SIZE_8BIT' undeclared (first use in this function)
   28 |         .word_size = HAL_SPI_WORD_SIZE_8BIT,
      |                      ^~~~~~~~~~~~~~~~~~~~~~
/tmp/stubcc_mcp3008_4noa0s6s/drv/mcp3008.c:28:22: warning: excess elements in struct initializer
/tmp/stubcc_mcp3008_4noa0s6s/drv/mcp3008.c:28:22: note: (near initialization for 'spi_settings')
/tmp/stubcc_mcp3008_4noa0s6s/drv/mcp3008.c:29:10: error: 'struct hal_spi_settings' has no member named 'baudrate'
   29 |         .baudrate = MCP3008_SPI_BAUDRATE
      |          ^~~~~~~~
/tmp/stubcc_mcp3008_4noa0s6s/drv/mcp3008.c:6:30: warning: excess elements in struct initializer
    6 | #define MCP3008_SPI_BAUDRATE 1350000
      |                              ^~~~~~~
/tmp/stubcc_mcp3008_4noa0s6s/drv/mcp3008.c:29:21: note: in expansion of macro 'MCP3008_SPI_BAUDRATE'
   29 |         .baudrate = MCP3008_SPI_BAUDRATE
      |                     ^~~~~~~~~~~~~~~~~~~~
/tmp/stubcc_mcp3008_4noa0s6s/drv/mcp3008.c:6:30: note: (near initialization for 'spi_settings')
    6 | #define MCP3008_SPI_BAUDRATE 1350000
      |                              ^~~~~~~
/tmp/stubcc_mcp3008_4noa0s6s/drv/mcp3008.c:29:21: note: in expansion of macro 'MCP3008_SPI_BAUDRATE'
   29 |         .baudrate = MCP3008_SPI_BAUDRATE
      |                     ^~~~~~~~~~~~~~~~~~~~
/tmp/stubcc_mcp3008_4noa0s6s/drv/mcp3008.c:25:29: error: storage size of 'spi_settings' isn't known
   25 |     struct hal_spi_settings spi_settings = {
      |                             ^~~~~~~~~~~~
/tmp/stubcc_mcp3008_4noa0s6s/drv/mcp3008.c:32:10: error: implicit declaration of function 'hal_spi_config' [-Wimplicit-function-declaration]
   32 |     rc = hal_spi_config(dev->spi_num, &spi_settings);
      |          ^~~~~~~~~~~~~~
/tmp/stubcc_mcp3008_4noa0s6s/drv/mcp3008.c:35:10: error: implicit declaration of function 'hal_spi_txrx' [-Wimplicit-function-declaration]
   35 |     rc = hal_spi_txrx(dev->spi_num, tx_buf, rx_buf, 3);
      |          ^~~~~~~~~~~~
/tmp/stubcc_mcp3008_4noa0s6s/drv/mcp3008.c:25:29: warning: unused variable 'spi_settings' [-Wunused-variable]
   25 |     struct hal_spi_settings spi_settings = {
      |                             ^~~~~~~~~~~~
