In file included from /tmp/stubcc_adxl345_yjlqg4se/stubs/bus.h:1,
                 from /tmp/stubcc_adxl345_yjlqg4se/drv/adxl345.c:5:
/tmp/stubcc_adxl345_yjlqg4se/stubs/xiuos.h:33:9: warning: "EBUSY" redefined
   33 | #define EBUSY       (-6)
      |         ^~~~~
In file included from <WORKSPACE>/arm-gnu-toolchain-14.2.rel1-x86_64-arm-none-eabi/arm-none-eabi/include/errno.h:9,
                 from /tmp/stubcc_adxl345_yjlqg4se/drv/adxl345.c:4:
<WORKSPACE>/arm-gnu-toolchain-14.2.rel1-x86_64-arm-none-eabi/arm-none-eabi/include/sys/errno.h:54:9: note: this is the location of the previous definition
   54 | #define EBUSY 16        /* Device or resource busy */
      |         ^~~~~
/tmp/stubcc_adxl345_yjlqg4se/stubs/xiuos.h:35:9: warning: "ENOSYS" redefined
   35 | #define ENOSYS      (-8)
      |         ^~~~~~
<WORKSPACE>/arm-gnu-toolchain-14.2.rel1-x86_64-arm-none-eabi/arm-none-eabi/include/sys/errno.h:130:9: note: this is the location of the previous definition
  130 | #define ENOSYS 88       /* Function not implemented */
      |         ^~~~~~
/tmp/stubcc_adxl345_yjlqg4se/drv/adxl345.c: In function 'spi_write':
/tmp/stubcc_adxl345_yjlqg4se/drv/adxl345.c:13:19: error: initialization of 'const void *' from 'long unsigned int' makes pointer from integer without a cast [-Wint-conversion]
   13 |         .tx_buf = (unsigned long)data,
      |                   ^
/tmp/stubcc_adxl345_yjlqg4se/drv/adxl345.c:13:19: note: (near initialization for 'tr.tx_buf')
/tmp/stubcc_adxl345_yjlqg4se/drv/adxl345.c:21:9: error: implicit declaration of function 'ioctl' [-Wimplicit-function-declaration]
   21 |     if (ioctl(bus->fd, SPI_IOC_MESSAGE(1), &tr) < 0)
      |         ^~~~~
/tmp/stubcc_adxl345_yjlqg4se/drv/adxl345.c:21:18: error: invalid use of undefined type 'struct Bus'
   21 |     if (ioctl(bus->fd, SPI_IOC_MESSAGE(1), &tr) < 0)
      |                  ^~
/tmp/stubcc_adxl345_yjlqg4se/drv/adxl345.c:21:24: error: implicit declaration of function 'SPI_IOC_MESSAGE' [-Wimplicit-function-declaration]
   21 |     if (ioctl(bus->fd, SPI_IOC_MESSAGE(1), &tr) < 0)
      |                        ^~~~~~~~~~~~~~~
/tmp/stubcc_adxl345_yjlqg4se/drv/adxl345.c: In function 'spi_write_then_read':
/tmp/stubcc_adxl345_yjlqg4se/drv/adxl345.c:34:19: error: initialization of 'const void *' from 'long unsigned int' makes pointer from integer without a cast [-Wint-conversion]
   34 |         .tx_buf = (unsigned long)tx_buf,
      |                   ^
/tmp/stubcc_adxl345_yjlqg4se/drv/adxl345.c:34:19: note: (near initialization for 'tr.tx_buf')
/tmp/stubcc_adxl345_yjlqg4se/drv/adxl345.c:35:19: error: initialization of 'void *' from 'long unsigned int' makes pointer from integer without a cast [-Wint-conversion]
   35 |         .rx_buf = (unsigned long)rx_buf,
      |                   ^
/tmp/stubcc_adxl345_yjlqg4se/drv/adxl345.c:35:19: note: (near initialization for 'tr.rx_buf')
/tmp/stubcc_adxl345_yjlqg4se/drv/adxl345.c:42:18: error: invalid use of undefined type 'struct Bus'
   42 |     if (ioctl(bus->fd, SPI_IOC_MESSAGE(1), &tr) < 0)
      |                  ^~
