/tmp/stubcc_mhz19b_qo7r0laq/drv/mhz19b.c: In function 'mhz19b_read_co2':
/tmp/stubcc_mhz19b_qo7r0laq/drv/mhz19b.c:34:14: error: implicit declaration of function 'uartSendTimeout'; did you mean 'sdReadTimeout'? [-Wimplicit-function-declaration]
   34 |     status = uartSendTimeout((UARTDriver *)dev->bus_handle, cmd, MHZ19B_READ_CMD_LEN, TIME_INFINITE);
      |              ^~~~~~~~~~~~~~~
      |              sdReadTimeout
/tmp/stubcc_mhz19b_qo7r0laq/drv/mhz19b.c:34:31: error: 'UARTDriver' undeclared (first use in this function)
   34 |     status = uartSendTimeout((UARTDriver *)dev->bus_handle, cmd, MHZ19B_READ_CMD_LEN, TIME_INFINITE);
      |                               ^~~~~~~~~~
/tmp/stubcc_mhz19b_qo7r0laq/drv/mhz19b.c:34:31: note: each undeclared identifier is reported only once for each function it appears in
/tmp/stubcc_mhz19b_qo7r0laq/drv/mhz19b.c:34:43: error: expected expression before ')' token
   34 |     status = uartSendTimeout((UARTDriver *)dev->bus_handle, cmd, MHZ19B_READ_CMD_LEN, TIME_INFINITE);
      |                                           ^
/tmp/stubcc_mhz19b_qo7r0laq/drv/mhz19b.c:40:14: error: implicit declaration of function 'uartReceiveTimeout'; did you mean 'i2cMasterReceiveTimeout'? [-Wimplicit-function-declaration]
   40 |     status = uartReceiveTimeout((UARTDriver *)dev->bus_handle, resp, MHZ19B_RESP_LEN, TIME_INFINITE);
      |              ^~~~~~~~~~~~~~~~~~
      |              i2cMasterReceiveTimeout
/tmp/stubcc_mhz19b_qo7r0laq/drv/mhz19b.c:40:46: error: expected expression before ')' token
   40 |     status = uartReceiveTimeout((UARTDriver *)dev->bus_handle, resp, MHZ19B_RESP_LEN, TIME_INFINITE);
      |                                              ^
/tmp/stubcc_mhz19b_qo7r0laq/drv/mhz19b.c:28:13: warning: unused variable 'cmd' [-Wunused-variable]
   28 |     uint8_t cmd[MHZ19B_READ_CMD_LEN] = {0xFF, 0x01, 0x86, 0x00, 0x00, 0x00, 0x00, 0x00, 0x79};
      |             ^~~
