/tmp/stubcc_w25q64jv_zrxhntyy/drv/w25q64jv.c: In function 'w25q64jv_transfer':
/tmp/stubcc_w25q64jv_zrxhntyy/drv/w25q64jv.c:23:19: error: initialization of 'const void *' from 'long unsigned int' makes pointer from integer without a cast [-Wint-conversion]
   23 |         .tx_buf = (unsigned long)tx,
      |                   ^
/tmp/stubcc_w25q64jv_zrxhntyy/drv/w25q64jv.c:23:19: note: (near initialization for 'tr.tx_buf')
/tmp/stubcc_w25q64jv_zrxhntyy/drv/w25q64jv.c:24:19: error: initialization of 'void *' from 'long unsigned int' makes pointer from integer without a cast [-Wint-conversion]
   24 |         .rx_buf = (unsigned long)rx,
      |                   ^
/tmp/stubcc_w25q64jv_zrxhntyy/drv/w25q64jv.c:24:19: note: (near initialization for 'tr.rx_buf')
/tmp/stubcc_w25q64jv_zrxhntyy/drv/w25q64jv.c:31:15: error: void value not ignored as it ought to be
   31 |     int ret = PrivTaskDelay(0);
      |               ^~~~~~~~~~~~~
/tmp/stubcc_w25q64jv_zrxhntyy/drv/w25q64jv.c:31:9: warning: unused variable 'ret' [-Wunused-variable]
   31 |     int ret = PrivTaskDelay(0);
      |         ^~~
/tmp/stubcc_w25q64jv_zrxhntyy/drv/w25q64jv.c:22:29: warning: unused variable 'tr' [-Wunused-variable]
   22 |     struct spi_ioc_transfer tr = {
      |                             ^~
/tmp/stubcc_w25q64jv_zrxhntyy/drv/w25q64jv.c: In function 'w25q64jv_write_then_read':
/tmp/stubcc_w25q64jv_zrxhntyy/drv/w25q64jv.c:40:18: error: assignment to 'const void *' from 'long unsigned int' makes pointer from integer without a cast [-Wint-conversion]
   40 |     tr[0].tx_buf = (unsigned long)tx;
      |                  ^
/tmp/stubcc_w25q64jv_zrxhntyy/drv/w25q64jv.c:41:18: error: assignment to 'void *' from 'long unsigned int' makes pointer from integer without a cast [-Wint-conversion]
   41 |     tr[0].rx_buf = (unsigned long)NULL;
      |                  ^
/tmp/stubcc_w25q64jv_zrxhntyy/drv/w25q64jv.c:47:18: error: assignment to 'const void *' from 'long unsigned int' makes pointer from integer without a cast [-Wint-conversion]
   47 |     tr[1].tx_buf = (unsigned long)NULL;
      |                  ^
/tmp/stubcc_w25q64jv_zrxhntyy/drv/w25q64jv.c:48:18: error: assignment to 'void *' from 'long unsigned int' makes pointer from integer without a cast [-Wint-conversion]
   48 |     tr[1].rx_buf = (unsigned long)rx;
      |                  ^
/tmp/stubcc_w25q64jv_zrxhntyy/drv/w25q64jv.c:39:29: warning: variable 'tr' set but not used [-Wunused-but-set-variable]
   39 |     struct spi_ioc_transfer tr[2];
      |                             ^~
