In file included from /tmp/stubcc_mhz19b_rl__zq8d/drv/mhz19b.c:1:
/tmp/stubcc_mhz19b_rl__zq8d/drv/mhz19b.h:7:5: error: unknown type name 'uart_t'
    7 |     uart_t uart_dev;
      |     ^~~~~~
/tmp/stubcc_mhz19b_rl__zq8d/drv/mhz19b.h:10:33: error: unknown type name 'uart_t'
   10 | void mhz19b_init(mhz19b_t *dev, uart_t uart);
      |                                 ^~~~~~
/tmp/stubcc_mhz19b_rl__zq8d/drv/mhz19b.c: In function 'mhz19b_init':
/tmp/stubcc_mhz19b_rl__zq8d/drv/mhz19b.c:20:27: error: passing argument 3 of 'uart_init' makes pointer from integer without a cast [-Wint-conversion]
   20 |     uart_init(uart, 9600, UART_DATA_BITS_8, UART_PARITY_NONE, UART_STOP_BITS_1);
      |                           ^~~~~~~~~~~~~~~~
      |                           |
      |                           int
In file included from /tmp/stubcc_mhz19b_rl__zq8d/stubs/xtimer.h:4,
                 from /tmp/stubcc_mhz19b_rl__zq8d/drv/mhz19b.c:3:
/tmp/stubcc_mhz19b_rl__zq8d/stubs/riot.h:184:60: note: expected 'uart_rx_cb_t' {aka 'void (*)(void *, unsigned char)'} but argument is of type 'int'
  184 | int uart_init(uart_t uart, uint32_t baudrate, uart_rx_cb_t rx_cb, void *arg);
      |                                               ~~~~~~~~~~~~~^~~~~
/tmp/stubcc_mhz19b_rl__zq8d/drv/mhz19b.c:20:5: error: too many arguments to function 'uart_init'
   20 |     uart_init(uart, 9600, UART_DATA_BITS_8, UART_PARITY_NONE, UART_STOP_BITS_1);
      |     ^~~~~~~~~
/tmp/stubcc_mhz19b_rl__zq8d/stubs/riot.h:184:5: note: declared here
  184 | int uart_init(uart_t uart, uint32_t baudrate, uart_rx_cb_t rx_cb, void *arg);
      |     ^~~~~~~~~
