/tmp/stubcc_w25q64jv_thy8qmze/drv/w25q64jv.c: In function 'w25q64jv_spi_write_then_read':
/tmp/stubcc_w25q64jv_thy8qmze/drv/w25q64jv.c:24:26: error: implicit declaration of function 'malloc' [-Wimplicit-function-declaration]
   24 |     full_tx = (uint8_t *)malloc(total);
      |                          ^~~~~~
/tmp/stubcc_w25q64jv_thy8qmze/drv/w25q64jv.c:6:1: note: include '<stdlib.h>' or provide a declaration of 'malloc'
    5 | #include <os/os_time.h>
  +++ |+#include <stdlib.h>
    6 | #define W25Q64JV_CMD_READ_DATA      0x03
/tmp/stubcc_w25q64jv_thy8qmze/drv/w25q64jv.c:24:26: warning: incompatible implicit declaration of built-in function 'malloc' [-Wbuiltin-declaration-mismatch]
   24 |     full_tx = (uint8_t *)malloc(total);
      |                          ^~~~~~
/tmp/stubcc_w25q64jv_thy8qmze/drv/w25q64jv.c:24:26: note: include '<stdlib.h>' or provide a declaration of 'malloc'
/tmp/stubcc_w25q64jv_thy8qmze/drv/w25q64jv.c:27:9: error: implicit declaration of function 'free' [-Wimplicit-function-declaration]
   27 |         free(full_tx);
      |         ^~~~
/tmp/stubcc_w25q64jv_thy8qmze/drv/w25q64jv.c:27:9: note: include '<stdlib.h>' or provide a declaration of 'free'
/tmp/stubcc_w25q64jv_thy8qmze/drv/w25q64jv.c:27:9: warning: incompatible implicit declaration of built-in function 'free' [-Wbuiltin-declaration-mismatch]
/tmp/stubcc_w25q64jv_thy8qmze/drv/w25q64jv.c:27:9: note: include '<stdlib.h>' or provide a declaration of 'free'
/tmp/stubcc_w25q64jv_thy8qmze/drv/w25q64jv.c:35:26: error: passing argument 1 of 'hal_spi_txrx' makes integer from pointer without a cast [-Wint-conversion]
   35 |     rc = hal_spi_txrx(dev->bus_handle, full_tx, full_rx, total);
      |                       ~~~^~~~~~~~~~~~
      |                          |
      |                          void *
In file included from /tmp/stubcc_w25q64jv_thy8qmze/stubs/os/os_time.h:3,
                 from /tmp/stubcc_w25q64jv_thy8qmze/drv/w25q64jv.c:5:
/tmp/stubcc_w25q64jv_thy8qmze/stubs/os/../apache_mynewt.h:87:22: note: expected 'int' but argument is of type 'void *'
   87 | int hal_spi_txrx(int spi_num, void *txbuf, void *rxbuf, int cnt);
      |                  ~~~~^~~~~~~
/tmp/stubcc_w25q64jv_thy8qmze/drv/w25q64jv.c:40:5: warning: incompatible implicit declaration of built-in function 'free' [-Wbuiltin-declaration-mismatch]
   40 |     free(full_tx);
      |     ^~~~
/tmp/stubcc_w25q64jv_thy8qmze/drv/w25q64jv.c:40:5: note: include '<stdlib.h>' or provide a declaration of 'free'
/tmp/stubcc_w25q64jv_thy8qmze/drv/w25q64jv.c:17:29: warning: unused variable 'spi_settings' [-Wunused-variable]
   17 |     struct hal_spi_settings spi_settings;
      |                             ^~~~~~~~~~~~
/tmp/stubcc_w25q64jv_thy8qmze/drv/w25q64jv.c: In function 'w25q64jv_write_page':
/tmp/stubcc_w25q64jv_thy8qmze/drv/w25q64jv.c:125:24: warning: incompatible implicit declaration of built-in function 'malloc' [-Wbuiltin-declaration-mismatch]
  125 |     txbuf = (uint8_t *)malloc(4 + len);
      |                        ^~~~~~
/tmp/stubcc_w25q64jv_thy8qmze/drv/w25q64jv.c:125:24: note: include '<stdlib.h>' or provide a declaration of 'malloc'
/tmp/stubcc_w25q64jv_thy8qmze/drv/w25q64jv.c:132:5: warning: incompatible implicit declaration of built-in function 'free' [-Wbuiltin-declaration-mismatch]
  132 |     free(txbuf);
      |     ^~~~
/tmp/stubcc_w25q64jv_thy8qmze/drv/w25q64jv.c:132:5: note: include '<stdlib.h>' or provide a declaration of 'free'
