/tmp/stubcc_at24c256_m3bqerkd/drv/at24c256.c: In function 'at24c256_write':
/tmp/stubcc_at24c256_m3bqerkd/drv/at24c256.c:35:23: error: implicit declaration of function 'k_malloc' [-Wimplicit-function-declaration]
   35 |     data = (uint8_t *)k_malloc(total_len);
      |                       ^~~~~~~~
In file included from /tmp/stubcc_at24c256_m3bqerkd/drv/at24c256.c:1:
/tmp/stubcc_at24c256_m3bqerkd/drv/at24c256.h:8:27: error: passing argument 2 of 'i2c_write' makes pointer from integer without a cast [-Wint-conversion]
    8 | #define AT24C256_I2C_ADDR 0x50
      |                           ^~~~
      |                           |
      |                           int
/tmp/stubcc_at24c256_m3bqerkd/drv/at24c256.c:44:30: note: in expansion of macro 'AT24C256_I2C_ADDR'
   44 |     int ret = i2c_write(bus, AT24C256_I2C_ADDR, data, total_len);
      |                              ^~~~~~~~~~~~~~~~~
In file included from /tmp/stubcc_at24c256_m3bqerkd/stubs/zephyr/device.h:4,
                 from /tmp/stubcc_at24c256_m3bqerkd/drv/at24c256.h:6:
/tmp/stubcc_at24c256_m3bqerkd/stubs/zephyr/../zephyr.h:60:56: note: expected 'const uint8_t *' {aka 'const unsigned char *'} but argument is of type 'int'
   60 | int i2c_write(const struct device *dev, const uint8_t *buf, uint32_t num_bytes, uint16_t addr);
      |                                         ~~~~~~~~~~~~~~~^~~
/tmp/stubcc_at24c256_m3bqerkd/drv/at24c256.c:44:49: error: passing argument 3 of 'i2c_write' makes integer from pointer without a cast [-Wint-conversion]
   44 |     int ret = i2c_write(bus, AT24C256_I2C_ADDR, data, total_len);
      |                                                 ^~~~
      |                                                 |
      |                                                 uint8_t * {aka unsigned char *}
/tmp/stubcc_at24c256_m3bqerkd/stubs/zephyr/../zephyr.h:60:70: note: expected 'uint32_t' {aka 'long unsigned int'} but argument is of type 'uint8_t *' {aka 'unsigned char *'}
   60 | int i2c_write(const struct device *dev, const uint8_t *buf, uint32_t num_bytes, uint16_t addr);
      |                                                             ~~~~~~~~~^~~~~~~~~
/tmp/stubcc_at24c256_m3bqerkd/drv/at24c256.c:45:5: error: implicit declaration of function 'k_free' [-Wimplicit-function-declaration]
   45 |     k_free(data);
      |     ^~~~~~
