<RUN_DIR>/attempts/002/stage/out/stage/ds3231_eval_adapter.c: In function 'drivergen_eval_init':
<RUN_DIR>/attempts/002/stage/out/stage/ds3231_eval_adapter.c:41:46: error: 'bus_handle' undeclared (first use in this function); did you mean 'bus_name'?
   41 |     int _rc = (int)(ds3231_init(&g_eval_dev, bus_handle));
      |                                              ^~~~~~~~~~
      |                                              bus_name
<RUN_DIR>/attempts/002/stage/out/stage/ds3231_eval_adapter.c:41:46: note: each undeclared identifier is reported only once for each function it appears in
<RUN_DIR>/attempts/002/stage/out/stage/ds3231_eval_adapter.c: In function 'drivergen_eval_get_time':
<RUN_DIR>/attempts/002/stage/out/stage/ds3231_eval_adapter.c:50:37: error: passing argument 1 of 'ds3231_get_time' from incompatible pointer type [-Wincompatible-pointer-types]
   50 |     int _rc = (int)(ds3231_get_time(&t, &t));
      |                                     ^~
      |                                     |
      |                                     drivergen_eval_time_t *
In file included from <RUN_DIR>/attempts/002/stage/out/stage/ds3231_eval_adapter.c:12:
<RUN_DIR>/attempts/002/stage/out/stage/ds3231.h:22:40: note: expected 'struct ds3231_dev *' but argument is of type 'drivergen_eval_time_t *'
   22 | int ds3231_get_time(struct ds3231_dev *dev, struct ds3231_time *t);
      |                     ~~~~~~~~~~~~~~~~~~~^~~
<RUN_DIR>/attempts/002/stage/out/stage/ds3231_eval_adapter.c:50:41: error: passing argument 2 of 'ds3231_get_time' from incompatible pointer type [-Wincompatible-pointer-types]
   50 |     int _rc = (int)(ds3231_get_time(&t, &t));
      |                                         ^~
      |                                         |
      |                                         drivergen_eval_time_t *
<RUN_DIR>/attempts/002/stage/out/stage/ds3231.h:22:65: note: expected 'struct ds3231_time *' but argument is of type 'drivergen_eval_time_t *'
   22 | int ds3231_get_time(struct ds3231_dev *dev, struct ds3231_time *t);
      |                                             ~~~~~~~~~~~~~~~~~~~~^
<RUN_DIR>/attempts/002/stage/out/stage/ds3231_eval_adapter.c:56:27: error: 'drivergen_eval_time_t' has no member named 'date'
   56 |     out->day = (uint8_t)(t.date);
      |                           ^
<RUN_DIR>/attempts/002/stage/out/stage/ds3231_eval_adapter.c:57:29: error: 'drivergen_eval_time_t' has no member named 'hours'; did you mean 'hour'?
   57 |     out->hour = (uint8_t)(t.hours);
      |                             ^~~~~
      |                             hour
<RUN_DIR>/attempts/002/stage/out/stage/ds3231_eval_adapter.c:58:31: error: 'drivergen_eval_time_t' has no member named 'minutes'; did you mean 'minute'?
   58 |     out->minute = (uint8_t)(t.minutes);
      |                               ^~~~~~~
      |                               minute
<RUN_DIR>/attempts/002/stage/out/stage/ds3231_eval_adapter.c:59:31: error: 'drivergen_eval_time_t' has no member named 'seconds'; did you mean 'second'?
   59 |     out->second = (uint8_t)(t.seconds);
      |                               ^~~~~~~
      |                               second
<RUN_DIR>/attempts/002/stage/out/stage/ds3231_eval_adapter.c: In function 'drivergen_eval_set_time':
<RUN_DIR>/attempts/002/stage/out/stage/ds3231_eval_adapter.c:70:37: error: passing argument 1 of 'ds3231_set_time' from incompatible pointer type [-Wincompatible-pointer-types]
   70 |     int _rc = (int)(ds3231_set_time(&t, &t));
      |                                     ^~
      |                                     |
      |                                     drivergen_eval_time_t *
<RUN_DIR>/attempts/002/stage/out/stage/ds3231.h:23:40: note: expected 'struct ds3231_dev *' but argument is of type 'drivergen_eval_time_t *'
   23 | int ds3231_set_time(struct ds3231_dev *dev, const struct ds3231_time *t);
      |                     ~~~~~~~~~~~~~~~~~~~^~~
<RUN_DIR>/attempts/002/stage/out/stage/ds3231_eval_adapter.c:70:41: error: passing argument 2 of 'ds3231_set_time' from incompatible pointer type [-Wincompatible-pointer-types]
   70 |     int _rc = (int)(ds3231_set_time(&t, &t));
      |                                         ^~
      |                                         |
      |                                         drivergen_eval_time_t *
<RUN_DIR>/attempts/002/stage/out/stage/ds3231.h:23:71: note: expected 'const struct ds3231_time *' but argument is of type 'drivergen_eval_time_t *'
   23 | int ds3231_set_time(struct ds3231_dev *dev, const struct ds3231_time *t);
      |                                             ~~~~~~~~~~~~~~~~~~~~~~~~~~^
