In file included from /tmp/stubcc_adxl345_xs8370rk/drv/adxl345.h:7,
                 from /tmp/stubcc_adxl345_xs8370rk/drv/adxl345.c:1:
/tmp/stubcc_adxl345_xs8370rk/stubs/tobudos.h:105:16: error: redeclaration of enumerator 'HAL_OK'
  105 | typedef enum { HAL_OK = 0, HAL_ERROR = 1, HAL_BUSY = 2, HAL_TIMEOUT = 3 } HAL_StatusTypeDef;
      |                ^~~~~~
In file included from /tmp/stubcc_adxl345_xs8370rk/drv/adxl345.h:5:
/tmp/stubcc_adxl345_xs8370rk/stubs/stm32f1xx_hal.h:9:16: note: previous definition of 'HAL_OK' with type 'enum <anonymous>'
    9 | typedef enum { HAL_OK = 0, HAL_ERROR = 1, HAL_BUSY = 2, HAL_TIMEOUT = 3 } HAL_StatusTypeDef;
      |                ^~~~~~
/tmp/stubcc_adxl345_xs8370rk/stubs/tobudos.h:105:28: error: redeclaration of enumerator 'HAL_ERROR'
  105 | typedef enum { HAL_OK = 0, HAL_ERROR = 1, HAL_BUSY = 2, HAL_TIMEOUT = 3 } HAL_StatusTypeDef;
      |                            ^~~~~~~~~
/tmp/stubcc_adxl345_xs8370rk/stubs/stm32f1xx_hal.h:9:28: note: previous definition of 'HAL_ERROR' with type 'enum <anonymous>'
    9 | typedef enum { HAL_OK = 0, HAL_ERROR = 1, HAL_BUSY = 2, HAL_TIMEOUT = 3 } HAL_StatusTypeDef;
      |                            ^~~~~~~~~
/tmp/stubcc_adxl345_xs8370rk/stubs/tobudos.h:105:43: error: redeclaration of enumerator 'HAL_BUSY'
  105 | typedef enum { HAL_OK = 0, HAL_ERROR = 1, HAL_BUSY = 2, HAL_TIMEOUT = 3 } HAL_StatusTypeDef;
      |                                           ^~~~~~~~
/tmp/stubcc_adxl345_xs8370rk/stubs/stm32f1xx_hal.h:9:43: note: previous definition of 'HAL_BUSY' with type 'enum <anonymous>'
    9 | typedef enum { HAL_OK = 0, HAL_ERROR = 1, HAL_BUSY = 2, HAL_TIMEOUT = 3 } HAL_StatusTypeDef;
      |                                           ^~~~~~~~
/tmp/stubcc_adxl345_xs8370rk/stubs/tobudos.h:105:57: error: redeclaration of enumerator 'HAL_TIMEOUT'
  105 | typedef enum { HAL_OK = 0, HAL_ERROR = 1, HAL_BUSY = 2, HAL_TIMEOUT = 3 } HAL_StatusTypeDef;
      |                                                         ^~~~~~~~~~~
/tmp/stubcc_adxl345_xs8370rk/stubs/stm32f1xx_hal.h:9:57: note: previous definition of 'HAL_TIMEOUT' with type 'enum <anonymous>'
    9 | typedef enum { HAL_OK = 0, HAL_ERROR = 1, HAL_BUSY = 2, HAL_TIMEOUT = 3 } HAL_StatusTypeDef;
      |                                                         ^~~~~~~~~~~
/tmp/stubcc_adxl345_xs8370rk/stubs/tobudos.h:105:75: error: conflicting types for 'HAL_StatusTypeDef'; have 'enum <anonymous>'
  105 | typedef enum { HAL_OK = 0, HAL_ERROR = 1, HAL_BUSY = 2, HAL_TIMEOUT = 3 } HAL_StatusTypeDef;
      |                                                                           ^~~~~~~~~~~~~~~~~
/tmp/stubcc_adxl345_xs8370rk/stubs/stm32f1xx_hal.h:9:75: note: previous declaration of 'HAL_StatusTypeDef' with type 'HAL_StatusTypeDef'
    9 | typedef enum { HAL_OK = 0, HAL_ERROR = 1, HAL_BUSY = 2, HAL_TIMEOUT = 3 } HAL_StatusTypeDef;
      |                                                                           ^~~~~~~~~~~~~~~~~
/tmp/stubcc_adxl345_xs8370rk/stubs/tobudos.h:119:3: error: conflicting types for 'I2C_HandleTypeDef'; have 'struct I2C_HandleTypeDef'
  119 | } I2C_HandleTypeDef;
      |   ^~~~~~~~~~~~~~~~~
/tmp/stubcc_adxl345_xs8370rk/stubs/stm32f1xx_hal.h:11:36: note: previous declaration of 'I2C_HandleTypeDef' with type 'I2C_HandleTypeDef'
   11 | typedef struct { void *Instance; } I2C_HandleTypeDef;
      |                                    ^~~~~~~~~~~~~~~~~
/tmp/stubcc_adxl345_xs8370rk/stubs/tobudos.h:156:3: error: conflicting types for 'SPI_HandleTypeDef'; have 'struct SPI_HandleTypeDef'
  156 | } SPI_HandleTypeDef;
      |   ^~~~~~~~~~~~~~~~~
/tmp/stubcc_adxl345_xs8370rk/stubs/stm32f1xx_hal.h:10:36: note: previous declaration of 'SPI_HandleTypeDef' with type 'SPI_HandleTypeDef'
   10 | typedef struct { void *Instance; } SPI_HandleTypeDef;
      |                                    ^~~~~~~~~~~~~~~~~
/tmp/stubcc_adxl345_xs8370rk/stubs/tobudos.h:158:19: error: conflicting types for 'HAL_SPI_Transmit'; have 'HAL_StatusTypeDef(SPI_HandleTypeDef *, uint8_t *, uint16_t,  uint32_t)' {aka 'HAL_StatusTypeDef(SPI_HandleTypeDef *, unsigned char *, short unsigned int,  long unsigned int)'}
  158 | HAL_StatusTypeDef HAL_SPI_Transmit(SPI_HandleTypeDef *hspi, uint8_t *pData,
      |                   ^~~~~~~~~~~~~~~~
/tmp/stubcc_adxl345_xs8370rk/stubs/stm32f1xx_hal.h:18:19: note: previous declaration of 'HAL_SPI_Transmit' with type 'HAL_StatusTypeDef(SPI_HandleTypeDef *, uint8_t *, uint16_t,  uint32_t)' {aka 'HAL_StatusTypeDef(SPI_HandleTypeDef *, unsigned char *, short unsigned int,  long unsigned int)'}
   18 | HAL_StatusTypeDef HAL_SPI_Transmit(SPI_HandleTypeDef *hspi, uint8_t *pData, uint16_t Size, uint32_t Timeout);
      |                   ^~~~~~~~~~~~~~~~
/tmp/stubcc_adxl345_xs8370rk/stubs/tobudos.h:160:19: error: conflicting types for 'HAL_SPI_Receive'; have 'HAL_StatusTypeDef(SPI_HandleTypeDef *, uint8_t *, uint16_t,  uint32_t)' {aka 'HAL_StatusTypeDef(SPI_HandleTypeDef *, unsigned char *, short unsigned int,  long unsigned int)'}
  160 | HAL_StatusTypeDef HAL_SPI_Receive(SPI_HandleTypeDef *hspi, uint8_t *pData,
      |                   ^~~~~~~~~~~~~~~
/tmp/stubcc_adxl345_xs8370rk/stubs/stm32f1xx_hal.h:19:19: note: previous declaration of 'HAL_SPI_Receive' with type 'HAL_StatusTypeDef(SPI_HandleTypeDef *, uint8_t *, uint16_t,  uint32_t)' {aka 'HAL_StatusTypeDef(SPI_HandleTypeDef *, unsigned char *, short unsigned int,  long unsigned int)'}
   19 | HAL_StatusTypeDef HAL_SPI_Receive(SPI_HandleTypeDef *hspi, uint8_t *pData, uint16_t Size, uint32_t Timeout);
      |                   ^~~~~~~~~~~~~~~
/tmp/stubcc_adxl345_xs8370rk/stubs/tobudos.h:165:19: error: conflicting types for 'HAL_SPI_Init'; have 'HAL_StatusTypeDef(SPI_HandleTypeDef *)'
  165 | HAL_StatusTypeDef HAL_SPI_Init(SPI_HandleTypeDef *hspi);
      |                   ^~~~~~~~~~~~
/tmp/stubcc_adxl345_xs8370rk/stubs/stm32f1xx_hal.h:17:19: note: previous declaration of 'HAL_SPI_Init' with type 'HAL_StatusTypeDef(SPI_HandleTypeDef *)'
   17 | HAL_StatusTypeDef HAL_SPI_Init(SPI_HandleTypeDef *hspi);
      |                   ^~~~~~~~~~~~
/tmp/stubcc_adxl345_xs8370rk/stubs/tobudos.h:201:36: error: conflicting types for 'GPIO_TypeDef'; have 'struct <anonymous>'
  201 | typedef struct { uint32_t dummy; } GPIO_TypeDef;
      |                                    ^~~~~~~~~~~~
/tmp/stubcc_adxl345_xs8370rk/stubs/stm32f1xx_hal.h:12:36: note: previous declaration of 'GPIO_TypeDef' with type 'GPIO_TypeDef'
   12 | typedef struct { void *Instance; } GPIO_TypeDef;
      |                                    ^~~~~~~~~~~~
/tmp/stubcc_adxl345_xs8370rk/stubs/stm32f1xx_hal.h:13:24: error: expected identifier before numeric constant
   13 | #define GPIO_PIN_RESET 0
      |                        ^
/tmp/stubcc_adxl345_xs8370rk/stubs/tobudos.h:208:16: note: in expansion of macro 'GPIO_PIN_RESET'
  208 | typedef enum { GPIO_PIN_RESET = 0, GPIO_PIN_SET = 1 } GPIO_PinState;
      |                ^~~~~~~~~~~~~~
/tmp/stubcc_adxl345_xs8370rk/stubs/tobudos.h:211:6: error: conflicting types for 'HAL_GPIO_WritePin'; have 'void(GPIO_TypeDef *, uint16_t,  GPIO_PinState)' {aka 'void(GPIO_TypeDef *, short unsigned int,  GPIO_PinState)'}
  211 | void HAL_GPIO_WritePin(GPIO_TypeDef *GPIOx, uint16_t GPIO_Pin, GPIO_PinState PinState);
      |      ^~~~~~~~~~~~~~~~~
/tmp/stubcc_adxl345_xs8370rk/stubs/stm32f1xx_hal.h:20:6: note: previous declaration of 'HAL_GPIO_WritePin' with type 'void(GPIO_TypeDef *, uint16_t,  uint8_t)' {aka 'void(GPIO_TypeDef *, short unsigned int,  unsigned char)'}
   20 | void HAL_GPIO_WritePin(GPIO_TypeDef *port, uint16_t pin, uint8_t state);
      |      ^~~~~~~~~~~~~~~~~
/tmp/stubcc_adxl345_xs8370rk/stubs/stm32f1xx_hal.h:16:30: error: expected ')' before '*' token
   16 | #define GPIOA ((GPIO_TypeDef *)0x40010800)
      |                              ^
/tmp/stubcc_adxl345_xs8370rk/stubs/tobudos.h:215:22: note: in expansion of macro 'GPIOA'
  215 | extern GPIO_TypeDef *GPIOA, *GPIOB, *GPIOC, *GPIOD;
      |                      ^~~~~
/tmp/stubcc_adxl345_xs8370rk/stubs/stm32f1xx_hal.h:16:32: error: expected ')' before numeric constant
   16 | #define GPIOA ((GPIO_TypeDef *)0x40010800)
      |                                ^~~~~~~~~~
/tmp/stubcc_adxl345_xs8370rk/stubs/tobudos.h:215:22: note: in expansion of macro 'GPIOA'
  215 | extern GPIO_TypeDef *GPIOA, *GPIOB, *GPIOC, *GPIOD;
      |                      ^~~~~
/tmp/stubcc_adxl345_xs8370rk/stubs/tobudos.h:221:9: warning: "GPIO_PIN_4" redefined
  221 | #define GPIO_PIN_4   ((uint16_t)0x0010)
      |         ^~~~~~~~~~
/tmp/stubcc_adxl345_xs8370rk/stubs/stm32f1xx_hal.h:15:9: note: this is the location of the previous definition
   15 | #define GPIO_PIN_4     4
      |         ^~~~~~~~~~
