/tmp/stubcc_w25q64jv_r85jkdkz/drv/w25q64jv.c: In function 'spi_write_then_read':
/tmp/stubcc_w25q64jv_r85jkdkz/drv/w25q64jv.c:13:29: error: storage size of 'spi_settings' isn't known
   13 |     struct hal_spi_settings spi_settings;
      |                             ^~~~~~~~~~~~
/tmp/stubcc_w25q64jv_r85jkdkz/drv/w25q64jv.c:21:24: error: implicit declaration of function 'malloc' [-Wimplicit-function-declaration]
   21 |     uint8_t *full_tx = malloc(total);
      |                        ^~~~~~
/tmp/stubcc_w25q64jv_r85jkdkz/drv/w25q64jv.c:4:1: note: include '<stdlib.h>' or provide a declaration of 'malloc'
    3 | #include <string.h>
  +++ |+#include <stdlib.h>
    4 | 
/tmp/stubcc_w25q64jv_r85jkdkz/drv/w25q64jv.c:21:24: warning: incompatible implicit declaration of built-in function 'malloc' [-Wbuiltin-declaration-mismatch]
   21 |     uint8_t *full_tx = malloc(total);
      |                        ^~~~~~
/tmp/stubcc_w25q64jv_r85jkdkz/drv/w25q64jv.c:21:24: note: include '<stdlib.h>' or provide a declaration of 'malloc'
/tmp/stubcc_w25q64jv_r85jkdkz/drv/w25q64jv.c:24:9: error: implicit declaration of function 'free' [-Wimplicit-function-declaration]
   24 |         free(full_tx);
      |         ^~~~
/tmp/stubcc_w25q64jv_r85jkdkz/drv/w25q64jv.c:24:9: note: include '<stdlib.h>' or provide a declaration of 'free'
/tmp/stubcc_w25q64jv_r85jkdkz/drv/w25q64jv.c:24:9: warning: incompatible implicit declaration of built-in function 'free' [-Wbuiltin-declaration-mismatch]
/tmp/stubcc_w25q64jv_r85jkdkz/drv/w25q64jv.c:24:9: note: include '<stdlib.h>' or provide a declaration of 'free'
/tmp/stubcc_w25q64jv_r85jkdkz/drv/w25q64jv.c:30:10: error: implicit declaration of function 'hal_spi_txrx' [-Wimplicit-function-declaration]
   30 |     rc = hal_spi_txrx(spi_handle, full_tx, full_rx, total);
      |          ^~~~~~~~~~~~
/tmp/stubcc_w25q64jv_r85jkdkz/drv/w25q64jv.c:34:5: warning: incompatible implicit declaration of built-in function 'free' [-Wbuiltin-declaration-mismatch]
   34 |     free(full_tx);
      |     ^~~~
/tmp/stubcc_w25q64jv_r85jkdkz/drv/w25q64jv.c:34:5: note: include '<stdlib.h>' or provide a declaration of 'free'
/tmp/stubcc_w25q64jv_r85jkdkz/drv/w25q64jv.c:14:9: warning: unused variable 'spi_num' [-Wunused-variable]
   14 |     int spi_num = 0; /* from fixed_attachment */
      |         ^~~~~~~
/tmp/stubcc_w25q64jv_r85jkdkz/drv/w25q64jv.c:13:29: warning: unused variable 'spi_settings' [-Wunused-variable]
   13 |     struct hal_spi_settings spi_settings;
      |                             ^~~~~~~~~~~~
/tmp/stubcc_w25q64jv_r85jkdkz/drv/w25q64jv.c: In function 'w25q64jv_write_page':
/tmp/stubcc_w25q64jv_r85jkdkz/drv/w25q64jv.c:76:15: warning: incompatible implicit declaration of built-in function 'malloc' [-Wbuiltin-declaration-mismatch]
   76 |     full_tx = malloc(total);
      |               ^~~~~~
/tmp/stubcc_w25q64jv_r85jkdkz/drv/w25q64jv.c:76:15: note: include '<stdlib.h>' or provide a declaration of 'malloc'
/tmp/stubcc_w25q64jv_r85jkdkz/drv/w25q64jv.c:84:5: warning: incompatible implicit declaration of built-in function 'free' [-Wbuiltin-declaration-mismatch]
   84 |     free(full_tx);
      |     ^~~~
/tmp/stubcc_w25q64jv_r85jkdkz/drv/w25q64jv.c:84:5: note: include '<stdlib.h>' or provide a declaration of 'free'
/tmp/stubcc_w25q64jv_r85jkdkz/drv/w25q64jv.c:67:13: warning: unused variable 'txbuf' [-Wunused-variable]
   67 |     uint8_t txbuf[4];
      |             ^~~~~
