<RUN_DIR>/attempts/001/stage/out/stage/tmp421.c:10:29: warning: 'g_eval_dev' defined but not used [-Wunused-variable]
   10 | static const struct device *g_eval_dev;
      |                             ^~~~~~~~~~
<RUN_DIR>/attempts/001/stage/out/stage/tmp421_eval_adapter.c: In function 'drivergen_eval_init':
<RUN_DIR>/attempts/001/stage/out/stage/tmp421_eval_adapter.c:42:21: error: too many arguments to function 'tmp421_init'
   42 |     int _rc = (int)(tmp421_init(g_eval_dev));
      |                     ^~~~~~~~~~~
In file included from <RUN_DIR>/attempts/001/stage/out/stage/tmp421_eval_adapter.c:12:
<RUN_DIR>/attempts/001/stage/out/stage/tmp421.h:6:5: note: declared here
    6 | int tmp421_init(void);
      |     ^~~~~~~~~~~
<RUN_DIR>/attempts/001/stage/out/stage/tmp421_eval_adapter.c: In function 'tmp421_eval_refresh_cache':
<RUN_DIR>/attempts/001/stage/out/stage/tmp421_eval_adapter.c:52:55: warning: passing argument 1 of 'tmp421_read_temperature_local' discards 'const' qualifier from pointer target type [-Wdiscarded-qualifiers]
   52 |         int _rc = (int)(tmp421_read_temperature_local(g_eval_dev, &temp_local_val));
      |                                                       ^~~~~~~~~~
<RUN_DIR>/attempts/001/stage/out/stage/tmp421.h:7:41: note: expected 'void *' but argument is of type 'const struct device *'
    7 | int tmp421_read_temperature_local(void *dev, int32_t *val);
      |                                   ~~~~~~^~~
<RUN_DIR>/attempts/001/stage/out/stage/tmp421_eval_adapter.c:60:57: warning: passing argument 1 of 'tmp421_read_temperature_remote1' discards 'const' qualifier from pointer target type [-Wdiscarded-qualifiers]
   60 |         int _rc = (int)(tmp421_read_temperature_remote1(g_eval_dev, &temp_remote_val));
      |                                                         ^~~~~~~~~~
<RUN_DIR>/attempts/001/stage/out/stage/tmp421.h:8:43: note: expected 'void *' but argument is of type 'const struct device *'
    8 | int tmp421_read_temperature_remote1(void *dev, int32_t *val);
      |                                     ~~~~~~^~~
