In file included from /tmp/stubcc_adxl345_b_cafsce/stubs/bus.h:1,
                 from /tmp/stubcc_adxl345_b_cafsce/drv/adxl345.c:5:
/tmp/stubcc_adxl345_b_cafsce/stubs/xiuos.h:33:9: warning: "EBUSY" redefined
   33 | #define EBUSY       (-6)
      |         ^~~~~
In file included from <WORKSPACE>/arm-gnu-toolchain-14.2.rel1-x86_64-arm-none-eabi/arm-none-eabi/include/errno.h:9,
                 from /tmp/stubcc_adxl345_b_cafsce/drv/adxl345.c:4:
<WORKSPACE>/arm-gnu-toolchain-14.2.rel1-x86_64-arm-none-eabi/arm-none-eabi/include/sys/errno.h:54:9: note: this is the location of the previous definition
   54 | #define EBUSY 16        /* Device or resource busy */
      |         ^~~~~
/tmp/stubcc_adxl345_b_cafsce/stubs/xiuos.h:35:9: warning: "ENOSYS" redefined
   35 | #define ENOSYS      (-8)
      |         ^~~~~~
<WORKSPACE>/arm-gnu-toolchain-14.2.rel1-x86_64-arm-none-eabi/arm-none-eabi/include/sys/errno.h:130:9: note: this is the location of the previous definition
  130 | #define ENOSYS 88       /* Function not implemented */
      |         ^~~~~~
/tmp/stubcc_adxl345_b_cafsce/drv/adxl345.c: In function 'spi_write':
/tmp/stubcc_adxl345_b_cafsce/drv/adxl345.c:16:19: error: initialization of 'const void *' from 'long unsigned int' makes pointer from integer without a cast [-Wint-conversion]
   16 |         .tx_buf = (unsigned long)tx,
      |                   ^
/tmp/stubcc_adxl345_b_cafsce/drv/adxl345.c:16:19: note: (near initialization for 'tr.tx_buf')
/tmp/stubcc_adxl345_b_cafsce/drv/adxl345.c:17:19: error: initialization of 'void *' from 'long unsigned int' makes pointer from integer without a cast [-Wint-conversion]
   17 |         .rx_buf = (unsigned long)rx,
      |                   ^
/tmp/stubcc_adxl345_b_cafsce/drv/adxl345.c:17:19: note: (near initialization for 'tr.rx_buf')
/tmp/stubcc_adxl345_b_cafsce/drv/adxl345.c:24:9: error: implicit declaration of function 'ioctl' [-Wimplicit-function-declaration]
   24 |     if (ioctl(bus->private_data, SPI_IOC_MESSAGE(1), &tr) < 0)
      |         ^~~~~
/tmp/stubcc_adxl345_b_cafsce/drv/adxl345.c:24:18: error: invalid use of undefined type 'struct Bus'
   24 |     if (ioctl(bus->private_data, SPI_IOC_MESSAGE(1), &tr) < 0)
      |                  ^~
/tmp/stubcc_adxl345_b_cafsce/drv/adxl345.c:24:34: error: implicit declaration of function 'SPI_IOC_MESSAGE' [-Wimplicit-function-declaration]
   24 |     if (ioctl(bus->private_data, SPI_IOC_MESSAGE(1), &tr) < 0)
      |                                  ^~~~~~~~~~~~~~~
/tmp/stubcc_adxl345_b_cafsce/drv/adxl345.c: In function 'spi_write_then_read':
/tmp/stubcc_adxl345_b_cafsce/drv/adxl345.c:35:18: error: assignment to 'const void *' from 'long unsigned int' makes pointer from integer without a cast [-Wint-conversion]
   35 |     tr[0].tx_buf = (unsigned long)tx;
      |                  ^
/tmp/stubcc_adxl345_b_cafsce/drv/adxl345.c:36:18: error: assignment to 'void *' from 'long unsigned int' makes pointer from integer without a cast [-Wint-conversion]
   36 |     tr[0].rx_buf = (unsigned long)rx;
      |                  ^
/tmp/stubcc_adxl345_b_cafsce/drv/adxl345.c:42:18: error: assignment to 'const void *' from 'long unsigned int' makes pointer from integer without a cast [-Wint-conversion]
   42 |     tr[1].tx_buf = (unsigned long)NULL;
      |                  ^
/tmp/stubcc_adxl345_b_cafsce/drv/adxl345.c:43:18: error: assignment to 'void *' from 'long unsigned int' makes pointer from integer without a cast [-Wint-conversion]
   43 |     tr[1].rx_buf = (unsigned long)(rx + 1);
      |                  ^
/tmp/stubcc_adxl345_b_cafsce/drv/adxl345.c:49:18: error: invalid use of undefined type 'struct Bus'
   49 |     if (ioctl(bus->private_data, SPI_IOC_MESSAGE(2), tr) < 0)
      |                  ^~
