/tmp/stubcc_dht22_9rxh16c4/drv/dht22.c: In function 'dht22_wait_for_level':
/tmp/stubcc_dht22_9rxh16c4/drv/dht22.c:14:19: error: too few arguments to function 'rtems_gpio_get_value'
   14 |         int val = rtems_gpio_get_value(pin);
      |                   ^~~~~~~~~~~~~~~~~~~~
In file included from /tmp/stubcc_dht22_9rxh16c4/drv/dht22.c:7:
/tmp/stubcc_dht22_9rxh16c4/stubs/rtems/gpio.h:18:19: note: declared here
   18 | rtems_status_code rtems_gpio_get_value(rtems_gpio_pin pin, int *value);
      |                   ^~~~~~~~~~~~~~~~~~~~
/tmp/stubcc_dht22_9rxh16c4/drv/dht22.c: In function 'dht22_init':
/tmp/stubcc_dht22_9rxh16c4/drv/dht22.c:27:5: error: too many arguments to function 'rtems_gpio_request_pin'
   27 |     rtems_gpio_request_pin(data_pin, RTEMS_GPIO_OUTPUT, true, false, NULL);
      |     ^~~~~~~~~~~~~~~~~~~~~~
/tmp/stubcc_dht22_9rxh16c4/stubs/rtems/gpio.h:14:19: note: declared here
   14 | rtems_status_code rtems_gpio_request_pin(rtems_gpio_pin pin, rtems_gpio_direction direction);
      |                   ^~~~~~~~~~~~~~~~~~~~~~
/tmp/stubcc_dht22_9rxh16c4/drv/dht22.c: In function 'dht22_read_sensor':
/tmp/stubcc_dht22_9rxh16c4/drv/dht22.c:39:5: error: too many arguments to function 'rtems_gpio_request_pin'
   39 |     rtems_gpio_request_pin(pin, RTEMS_GPIO_OUTPUT, true, false, NULL);
      |     ^~~~~~~~~~~~~~~~~~~~~~
/tmp/stubcc_dht22_9rxh16c4/stubs/rtems/gpio.h:14:19: note: declared here
   14 | rtems_status_code rtems_gpio_request_pin(rtems_gpio_pin pin, rtems_gpio_direction direction);
      |                   ^~~~~~~~~~~~~~~~~~~~~~
/tmp/stubcc_dht22_9rxh16c4/drv/dht22.c:45:5: error: too many arguments to function 'rtems_gpio_request_pin'
   45 |     rtems_gpio_request_pin(pin, RTEMS_GPIO_INPUT, false, false, NULL);
      |     ^~~~~~~~~~~~~~~~~~~~~~
/tmp/stubcc_dht22_9rxh16c4/stubs/rtems/gpio.h:14:19: note: declared here
   14 | rtems_status_code rtems_gpio_request_pin(rtems_gpio_pin pin, rtems_gpio_direction direction);
      |                   ^~~~~~~~~~~~~~~~~~~~~~
/tmp/stubcc_dht22_9rxh16c4/drv/dht22.c:66:16: error: too few arguments to function 'rtems_gpio_get_value'
   66 |         while (rtems_gpio_get_value(pin) == 1) {
      |                ^~~~~~~~~~~~~~~~~~~~
/tmp/stubcc_dht22_9rxh16c4/stubs/rtems/gpio.h:18:19: note: declared here
   18 | rtems_status_code rtems_gpio_get_value(rtems_gpio_pin pin, int *value);
      |                   ^~~~~~~~~~~~~~~~~~~~
