<RUN_DIR>/attempts/002/stage/out/stage/w25q64jv.c: In function 'w25q64jv_init':
<RUN_DIR>/attempts/002/stage/out/stage/w25q64jv.c:18:40: warning: unused parameter 'dev' [-Wunused-parameter]
   18 | int w25q64jv_init(const struct device *dev, const struct spi_dt_spec *spi_cfg)
      |                   ~~~~~~~~~~~~~~~~~~~~~^~~
<RUN_DIR>/attempts/002/stage/out/stage/w25q64jv_eval_adapter.c: In function 'drivergen_eval_init':
<RUN_DIR>/attempts/002/stage/out/stage/w25q64jv_eval_adapter.c:47:9: warning: braces around scalar initializer
   47 |         .cs = { .gpio = GPIO_DT_SPEC_GET(DT_NODELABEL(spi1), cs_gpios) }
      |         ^
<RUN_DIR>/attempts/002/stage/out/stage/w25q64jv_eval_adapter.c:47:9: note: (near initialization for 'spi_cfg.config.cs')
<RUN_DIR>/attempts/002/stage/out/stage/w25q64jv_eval_adapter.c:47:17: error: field name not in record or union initializer
   47 |         .cs = { .gpio = GPIO_DT_SPEC_GET(DT_NODELABEL(spi1), cs_gpios) }
      |                 ^
<RUN_DIR>/attempts/002/stage/out/stage/w25q64jv_eval_adapter.c:47:17: note: (near initialization for 'spi_cfg.config.cs')
<RUN_DIR>/attempts/002/stage/out/stage/w25q64jv_eval_adapter.c:47:70: error: macro "GPIO_DT_SPEC_GET" requires 3 arguments, but only 2 given
   47 |         .cs = { .gpio = GPIO_DT_SPEC_GET(DT_NODELABEL(spi1), cs_gpios) }
      |                                                                      ^
In file included from <PROJECT_ROOT>/evaluation/infrastructure/stubs/zephyr/zephyr/drivers/spi.h:4,
                 from <RUN_DIR>/attempts/002/stage/out/stage/w25q64jv.h:6,
                 from <RUN_DIR>/attempts/002/stage/out/stage/w25q64jv_eval_adapter.c:12:
<PROJECT_ROOT>/evaluation/infrastructure/stubs/zephyr/zephyr/drivers/../../zephyr.h:114:9: note: macro "GPIO_DT_SPEC_GET" defined here
  114 | #define GPIO_DT_SPEC_GET(node_id, prop, idx) { .port = NULL, .pin = 0, .dt_flags = 0 }
      |         ^~~~~~~~~~~~~~~~
<RUN_DIR>/attempts/002/stage/out/stage/w25q64jv_eval_adapter.c:47:25: error: 'GPIO_DT_SPEC_GET' undeclared (first use in this function)
   47 |         .cs = { .gpio = GPIO_DT_SPEC_GET(DT_NODELABEL(spi1), cs_gpios) }
      |                         ^~~~~~~~~~~~~~~~
<RUN_DIR>/attempts/002/stage/out/stage/w25q64jv_eval_adapter.c:47:25: note: each undeclared identifier is reported only once for each function it appears in
<RUN_DIR>/attempts/002/stage/out/stage/w25q64jv_eval_adapter.c:50:35: error: passing argument 1 of 'w25q64jv_init' from incompatible pointer type [-Wincompatible-pointer-types]
   50 |     int _rc = (int)(w25q64jv_init(&g_eval_dev, &spi_cfg));
      |                                   ^~~~~~~~~~~
      |                                   |
      |                                   const struct device **
<RUN_DIR>/attempts/002/stage/out/stage/w25q64jv.h:14:40: note: expected 'const struct device *' but argument is of type 'const struct device **'
   14 | int w25q64jv_init(const struct device *dev, const struct spi_dt_spec *spi_cfg);
      |                   ~~~~~~~~~~~~~~~~~~~~~^~~
<RUN_DIR>/attempts/002/stage/out/stage/w25q64jv_eval_adapter.c: In function 'drivergen_eval_mem_read':
<RUN_DIR>/attempts/002/stage/out/stage/w25q64jv_eval_adapter.c:58:35: error: passing argument 1 of 'w25q64jv_read' from incompatible pointer type [-Wincompatible-pointer-types]
   58 |     int _rc = (int)(w25q64jv_read(&g_eval_dev, addr, buf, len));
      |                                   ^~~~~~~~~~~
      |                                   |
      |                                   const struct device **
<RUN_DIR>/attempts/002/stage/out/stage/w25q64jv.h:15:40: note: expected 'const struct device *' but argument is of type 'const struct device **'
   15 | int w25q64jv_read(const struct device *dev, uint32_t addr, uint8_t *buf, size_t len);
      |                   ~~~~~~~~~~~~~~~~~~~~~^~~
<RUN_DIR>/attempts/002/stage/out/stage/w25q64jv_eval_adapter.c: In function 'drivergen_eval_mem_write':
<RUN_DIR>/attempts/002/stage/out/stage/w25q64jv_eval_adapter.c:66:41: error: passing argument 1 of 'w25q64jv_write_page' from incompatible pointer type [-Wincompatible-pointer-types]
   66 |     int _rc = (int)(w25q64jv_write_page(&g_eval_dev, addr, buf, len));
      |                                         ^~~~~~~~~~~
      |                                         |
      |                                         const struct device **
<RUN_DIR>/attempts/002/stage/out/stage/w25q64jv.h:16:46: note: expected 'const struct device *' but argument is of type 'const struct device **'
   16 | int w25q64jv_write_page(const struct device *dev, uint32_t addr, const uint8_t *buf, size_t len);
      |                         ~~~~~~~~~~~~~~~~~~~~~^~~
