/tmp/stubcc_ds18b20_xl034quv/drv/ds18b20.c: In function 'gpio_get':
/tmp/stubcc_ds18b20_xl034quv/drv/ds18b20.c:41:12: error: too few arguments to function 'rtems_gpio_get_value'
   41 |     return rtems_gpio_get_value(pin);
      |            ^~~~~~~~~~~~~~~~~~~~
In file included from /tmp/stubcc_ds18b20_xl034quv/drv/ds18b20.c:6:
/tmp/stubcc_ds18b20_xl034quv/stubs/rtems/gpio.h:18:19: note: declared here
   18 | rtems_status_code rtems_gpio_get_value(rtems_gpio_pin pin, int *value);
      |                   ^~~~~~~~~~~~~~~~~~~~
/tmp/stubcc_ds18b20_xl034quv/drv/ds18b20.c: In function 'gpio_output':
/tmp/stubcc_ds18b20_xl034quv/drv/ds18b20.c:45:40: error: 'RTEMS_GPIO_PIN_OUTPUT' undeclared (first use in this function); did you mean 'RTEMS_GPIO_OUTPUT'?
   45 |     return rtems_gpio_request_pin(pin, RTEMS_GPIO_PIN_OUTPUT, true, false, NULL);
      |                                        ^~~~~~~~~~~~~~~~~~~~~
      |                                        RTEMS_GPIO_OUTPUT
/tmp/stubcc_ds18b20_xl034quv/drv/ds18b20.c:45:40: note: each undeclared identifier is reported only once for each function it appears in
/tmp/stubcc_ds18b20_xl034quv/drv/ds18b20.c:45:12: error: too many arguments to function 'rtems_gpio_request_pin'
   45 |     return rtems_gpio_request_pin(pin, RTEMS_GPIO_PIN_OUTPUT, true, false, NULL);
      |            ^~~~~~~~~~~~~~~~~~~~~~
/tmp/stubcc_ds18b20_xl034quv/stubs/rtems/gpio.h:14:19: note: declared here
   14 | rtems_status_code rtems_gpio_request_pin(rtems_gpio_pin pin, rtems_gpio_direction direction);
      |                   ^~~~~~~~~~~~~~~~~~~~~~
/tmp/stubcc_ds18b20_xl034quv/drv/ds18b20.c: In function 'gpio_input':
/tmp/stubcc_ds18b20_xl034quv/drv/ds18b20.c:49:40: error: 'RTEMS_GPIO_PIN_INPUT' undeclared (first use in this function); did you mean 'RTEMS_GPIO_INPUT'?
   49 |     return rtems_gpio_request_pin(pin, RTEMS_GPIO_PIN_INPUT, false, false, NULL);
      |                                        ^~~~~~~~~~~~~~~~~~~~
      |                                        RTEMS_GPIO_INPUT
/tmp/stubcc_ds18b20_xl034quv/drv/ds18b20.c:49:12: error: too many arguments to function 'rtems_gpio_request_pin'
   49 |     return rtems_gpio_request_pin(pin, RTEMS_GPIO_PIN_INPUT, false, false, NULL);
      |            ^~~~~~~~~~~~~~~~~~~~~~
/tmp/stubcc_ds18b20_xl034quv/stubs/rtems/gpio.h:14:19: note: declared here
   14 | rtems_status_code rtems_gpio_request_pin(rtems_gpio_pin pin, rtems_gpio_direction direction);
      |                   ^~~~~~~~~~~~~~~~~~~~~~
