/tmp/stubcc_adxl345_g_cbonbw/drv/adxl345.c:18:17: warning: braces around scalar initializer
   18 |                 .cs = {
      |                 ^
/tmp/stubcc_adxl345_g_cbonbw/drv/adxl345.c:18:17: note: (near initialization for 'adxl345_spi.config.cs')
/tmp/stubcc_adxl345_g_cbonbw/drv/adxl345.c:19:25: error: field name not in record or union initializer
   19 |                         .gpio = GPIO_DT_SPEC_GET(DT_NODELABEL(spi1), cs_gpios),
      |                         ^
/tmp/stubcc_adxl345_g_cbonbw/drv/adxl345.c:19:25: note: (near initialization for 'adxl345_spi.config.cs')
/tmp/stubcc_adxl345_g_cbonbw/drv/adxl345.c:19:78: error: macro "GPIO_DT_SPEC_GET" requires 3 arguments, but only 2 given
   19 |                         .gpio = GPIO_DT_SPEC_GET(DT_NODELABEL(spi1), cs_gpios),
      |                                                                              ^
In file included from /tmp/stubcc_adxl345_g_cbonbw/stubs/zephyr/kernel.h:4,
                 from /tmp/stubcc_adxl345_g_cbonbw/drv/adxl345.c:1:
/tmp/stubcc_adxl345_g_cbonbw/stubs/zephyr/../zephyr.h:114:9: note: macro "GPIO_DT_SPEC_GET" defined here
  114 | #define GPIO_DT_SPEC_GET(node_id, prop, idx) { .port = NULL, .pin = 0, .dt_flags = 0 }
      |         ^~~~~~~~~~~~~~~~
/tmp/stubcc_adxl345_g_cbonbw/drv/adxl345.c:19:33: error: 'GPIO_DT_SPEC_GET' undeclared here (not in a function)
   19 |                         .gpio = GPIO_DT_SPEC_GET(DT_NODELABEL(spi1), cs_gpios),
      |                                 ^~~~~~~~~~~~~~~~
/tmp/stubcc_adxl345_g_cbonbw/drv/adxl345.c:20:25: error: field name not in record or union initializer
   20 |                         .delay = 0,
      |                         ^
/tmp/stubcc_adxl345_g_cbonbw/drv/adxl345.c:20:25: note: (near initialization for 'adxl345_spi.config.cs')
/tmp/stubcc_adxl345_g_cbonbw/drv/adxl345.c:20:34: warning: excess elements in scalar initializer
   20 |                         .delay = 0,
      |                                  ^
/tmp/stubcc_adxl345_g_cbonbw/drv/adxl345.c:20:34: note: (near initialization for 'adxl345_spi.config.cs')
