/tmp/stubcc_mhz19b_ofohulvq/drv/mhz19b.c: In function 'mhz19b_init':
/tmp/stubcc_mhz19b_ofohulvq/drv/mhz19b.c:22:14: error: implicit declaration of function 'open' [-Wimplicit-function-declaration]
   22 |     int fd = open(path, O_RDWR | O_NOCTTY);
      |              ^~~~
/tmp/stubcc_mhz19b_ofohulvq/drv/mhz19b.c:22:25: error: 'O_RDWR' undeclared (first use in this function)
   22 |     int fd = open(path, O_RDWR | O_NOCTTY);
      |                         ^~~~~~
/tmp/stubcc_mhz19b_ofohulvq/drv/mhz19b.c:22:25: note: each undeclared identifier is reported only once for each function it appears in
/tmp/stubcc_mhz19b_ofohulvq/drv/mhz19b.c:22:34: error: 'O_NOCTTY' undeclared (first use in this function)
   22 |     int fd = open(path, O_RDWR | O_NOCTTY);
      |                                  ^~~~~~~~
/tmp/stubcc_mhz19b_ofohulvq/drv/mhz19b.c:26:20: error: storage size of 'tty' isn't known
   26 |     struct termios tty;
      |                    ^~~
/tmp/stubcc_mhz19b_ofohulvq/drv/mhz19b.c:28:9: error: implicit declaration of function 'tcgetattr' [-Wimplicit-function-declaration]
   28 |     if (tcgetattr(fd, &tty) != 0) {
      |         ^~~~~~~~~
/tmp/stubcc_mhz19b_ofohulvq/drv/mhz19b.c:29:9: error: implicit declaration of function 'close' [-Wimplicit-function-declaration]
   29 |         close(fd);
      |         ^~~~~
/tmp/stubcc_mhz19b_ofohulvq/drv/mhz19b.c:32:5: error: implicit declaration of function 'cfsetospeed' [-Wimplicit-function-declaration]
   32 |     cfsetospeed(&tty, B9600);
      |     ^~~~~~~~~~~
/tmp/stubcc_mhz19b_ofohulvq/drv/mhz19b.c:32:23: error: 'B9600' undeclared (first use in this function)
   32 |     cfsetospeed(&tty, B9600);
      |                       ^~~~~
/tmp/stubcc_mhz19b_ofohulvq/drv/mhz19b.c:33:5: error: implicit declaration of function 'cfsetispeed' [-Wimplicit-function-declaration]
   33 |     cfsetispeed(&tty, B9600);
      |     ^~~~~~~~~~~
/tmp/stubcc_mhz19b_ofohulvq/drv/mhz19b.c:34:21: error: 'CSIZE' undeclared (first use in this function)
   34 |     tty.c_cflag &= ~CSIZE;
      |                     ^~~~~
/tmp/stubcc_mhz19b_ofohulvq/drv/mhz19b.c:35:20: error: 'CS8' undeclared (first use in this function)
   35 |     tty.c_cflag |= CS8;
      |                    ^~~
/tmp/stubcc_mhz19b_ofohulvq/drv/mhz19b.c:36:21: error: 'PARENB' undeclared (first use in this function)
   36 |     tty.c_cflag &= ~PARENB;
      |                     ^~~~~~
/tmp/stubcc_mhz19b_ofohulvq/drv/mhz19b.c:37:21: error: 'CSTOPB' undeclared (first use in this function)
   37 |     tty.c_cflag &= ~CSTOPB;
      |                     ^~~~~~
/tmp/stubcc_mhz19b_ofohulvq/drv/mhz19b.c:38:20: error: 'CREAD' undeclared (first use in this function)
   38 |     tty.c_cflag |= CREAD | CLOCAL;
      |                    ^~~~~
/tmp/stubcc_mhz19b_ofohulvq/drv/mhz19b.c:38:28: error: 'CLOCAL' undeclared (first use in this function)
   38 |     tty.c_cflag |= CREAD | CLOCAL;
      |                            ^~~~~~
/tmp/stubcc_mhz19b_ofohulvq/drv/mhz19b.c:39:22: error: 'ICANON' undeclared (first use in this function)
   39 |     tty.c_lflag &= ~(ICANON | ECHO | ECHOE | ISIG);
      |                      ^~~~~~
/tmp/stubcc_mhz19b_ofohulvq/drv/mhz19b.c:39:31: error: 'ECHO' undeclared (first use in this function)
   39 |     tty.c_lflag &= ~(ICANON | ECHO | ECHOE | ISIG);
      |                               ^~~~
/tmp/stubcc_mhz19b_ofohulvq/drv/mhz19b.c:39:38: error: 'ECHOE' undeclared (first use in this function)
   39 |     tty.c_lflag &= ~(ICANON | ECHO | ECHOE | ISIG);
      |                                      ^~~~~
/tmp/stubcc_mhz19b_ofohulvq/drv/mhz19b.c:39:46: error: 'ISIG' undeclared (first use in this function)
   39 |     tty.c_lflag &= ~(ICANON | ECHO | ECHOE | ISIG);
      |                                              ^~~~
/tmp/stubcc_mhz19b_ofohulvq/drv/mhz19b.c:40:22: error: 'IXON' undeclared (first use in this function)
   40 |     tty.c_iflag &= ~(IXON | IXOFF | IXANY);
      |                      ^~~~
/tmp/stubcc_mhz19b_ofohulvq/drv/mhz19b.c:40:29: error: 'IXOFF' undeclared (first use in this function)
   40 |     tty.c_iflag &= ~(IXON | IXOFF | IXANY);
      |                             ^~~~~
/tmp/stubcc_mhz19b_ofohulvq/drv/mhz19b.c:40:37: error: 'IXANY' undeclared (first use in this function)
   40 |     tty.c_iflag &= ~(IXON | IXOFF | IXANY);
      |                                     ^~~~~
/tmp/stubcc_mhz19b_ofohulvq/drv/mhz19b.c:41:22: error: 'INLCR' undeclared (first use in this function)
   41 |     tty.c_iflag &= ~(INLCR | ICRNL | IGNCR);
      |                      ^~~~~
/tmp/stubcc_mhz19b_ofohulvq/drv/mhz19b.c:41:30: error: 'ICRNL' undeclared (first use in this function)
   41 |     tty.c_iflag &= ~(INLCR | ICRNL | IGNCR);
      |                              ^~~~~
/tmp/stubcc_mhz19b_ofohulvq/drv/mhz19b.c:41:38: error: 'IGNCR' undeclared (first use in this function)
   41 |     tty.c_iflag &= ~(INLCR | ICRNL | IGNCR);
      |                                      ^~~~~
/tmp/stubcc_mhz19b_ofohulvq/drv/mhz19b.c:42:21: error: 'OPOST' undeclared (first use in this function)
   42 |     tty.c_oflag &= ~OPOST;
      |                     ^~~~~
/tmp/stubcc_mhz19b_ofohulvq/drv/mhz19b.c:43:14: error: 'VMIN' undeclared (first use in this function)
   43 |     tty.c_cc[VMIN] = 9;
      |              ^~~~
/tmp/stubcc_mhz19b_ofohulvq/drv/mhz19b.c:44:14: error: 'VTIME' undeclared (first use in this function)
   44 |     tty.c_cc[VTIME] = 10;
      |              ^~~~~
/tmp/stubcc_mhz19b_ofohulvq/drv/mhz19b.c:45:9: error: implicit declaration of function 'tcsetattr' [-Wimplicit-function-declaration]
   45 |     if (tcsetattr(fd, TCSANOW, &tty) != 0) {
      |         ^~~~~~~~~
/tmp/stubcc_mhz19b_ofohulvq/drv/mhz19b.c:45:23: error: 'TCSANOW' undeclared (first use in this function)
   45 |     if (tcsetattr(fd, TCSANOW, &tty) != 0) {
      |                       ^~~~~~~
/tmp/stubcc_mhz19b_ofohulvq/drv/mhz19b.c:26:20: warning: unused variable 'tty' [-Wunused-variable]
   26 |     struct termios tty;
      |                    ^~~
/tmp/stubcc_mhz19b_ofohulvq/drv/mhz19b.c: In function 'mhz19b_read_co2':
/tmp/stubcc_mhz19b_ofohulvq/drv/mhz19b.c:55:15: error: implicit declaration of function 'write' [-Wimplicit-function-declaration]
   55 |     int ret = write(dev->fd, cmd, 9);
      |               ^~~~~
/tmp/stubcc_mhz19b_ofohulvq/drv/mhz19b.c:59:5: error: implicit declaration of function 'usleep' [-Wimplicit-function-declaration]
   59 |     usleep(100000);
      |     ^~~~~~
/tmp/stubcc_mhz19b_ofohulvq/drv/mhz19b.c:61:11: error: implicit declaration of function 'read' [-Wimplicit-function-declaration]
   61 |     ret = read(dev->fd, resp, 9);
      |           ^~~~
