/tmp/stubcc_hcsr04_0m94bv6c/drv/hcsr04.c: In function 'hcsr04_init':
/tmp/stubcc_hcsr04_0m94bv6c/drv/hcsr04.c:18:43: error: 'RTEMS_GPIO_FUNCTION' undeclared (first use in this function); did you mean 'RTEMS_GPIO_OUTPUT'?
   18 |     sc = rtems_gpio_request_pin(trig_pin, RTEMS_GPIO_FUNCTION, true, false, NULL);
      |                                           ^~~~~~~~~~~~~~~~~~~
      |                                           RTEMS_GPIO_OUTPUT
/tmp/stubcc_hcsr04_0m94bv6c/drv/hcsr04.c:18:43: note: each undeclared identifier is reported only once for each function it appears in
/tmp/stubcc_hcsr04_0m94bv6c/drv/hcsr04.c:18:10: error: too many arguments to function 'rtems_gpio_request_pin'
   18 |     sc = rtems_gpio_request_pin(trig_pin, RTEMS_GPIO_FUNCTION, true, false, NULL);
      |          ^~~~~~~~~~~~~~~~~~~~~~
In file included from /tmp/stubcc_hcsr04_0m94bv6c/drv/hcsr04.c:5:
/tmp/stubcc_hcsr04_0m94bv6c/stubs/rtems/gpio.h:14:19: note: declared here
   14 | rtems_status_code rtems_gpio_request_pin(rtems_gpio_pin pin, rtems_gpio_direction direction);
      |                   ^~~~~~~~~~~~~~~~~~~~~~
/tmp/stubcc_hcsr04_0m94bv6c/drv/hcsr04.c:22:10: error: too many arguments to function 'rtems_gpio_request_pin'
   22 |     sc = rtems_gpio_request_pin(echo_pin, RTEMS_GPIO_FUNCTION, false, false, NULL);
      |          ^~~~~~~~~~~~~~~~~~~~~~
/tmp/stubcc_hcsr04_0m94bv6c/stubs/rtems/gpio.h:14:19: note: declared here
   14 | rtems_status_code rtems_gpio_request_pin(rtems_gpio_pin pin, rtems_gpio_direction direction);
      |                   ^~~~~~~~~~~~~~~~~~~~~~
/tmp/stubcc_hcsr04_0m94bv6c/drv/hcsr04.c: In function 'measure_pulse_us':
/tmp/stubcc_hcsr04_0m94bv6c/drv/hcsr04.c:36:15: error: too few arguments to function 'rtems_gpio_get_value'
   36 |         val = rtems_gpio_get_value(dev->echo_pin);
      |               ^~~~~~~~~~~~~~~~~~~~
/tmp/stubcc_hcsr04_0m94bv6c/stubs/rtems/gpio.h:18:19: note: declared here
   18 | rtems_status_code rtems_gpio_get_value(rtems_gpio_pin pin, int *value);
      |                   ^~~~~~~~~~~~~~~~~~~~
/tmp/stubcc_hcsr04_0m94bv6c/drv/hcsr04.c:46:15: error: too few arguments to function 'rtems_gpio_get_value'
   46 |         val = rtems_gpio_get_value(dev->echo_pin);
      |               ^~~~~~~~~~~~~~~~~~~~
/tmp/stubcc_hcsr04_0m94bv6c/stubs/rtems/gpio.h:18:19: note: declared here
   18 | rtems_status_code rtems_gpio_get_value(rtems_gpio_pin pin, int *value);
      |                   ^~~~~~~~~~~~~~~~~~~~
/tmp/stubcc_hcsr04_0m94bv6c/drv/hcsr04.c: In function 'hcsr04_read_distance':
/tmp/stubcc_hcsr04_0m94bv6c/drv/hcsr04.c:69:43: error: 'RTEMS_GPIO_FUNCTION' undeclared (first use in this function); did you mean 'RTEMS_GPIO_OUTPUT'?
   69 |     rtems_gpio_request_pin(dev->trig_pin, RTEMS_GPIO_FUNCTION, false, false, NULL);
      |                                           ^~~~~~~~~~~~~~~~~~~
      |                                           RTEMS_GPIO_OUTPUT
/tmp/stubcc_hcsr04_0m94bv6c/drv/hcsr04.c:69:5: error: too many arguments to function 'rtems_gpio_request_pin'
   69 |     rtems_gpio_request_pin(dev->trig_pin, RTEMS_GPIO_FUNCTION, false, false, NULL);
      |     ^~~~~~~~~~~~~~~~~~~~~~
/tmp/stubcc_hcsr04_0m94bv6c/stubs/rtems/gpio.h:14:19: note: declared here
   14 | rtems_status_code rtems_gpio_request_pin(rtems_gpio_pin pin, rtems_gpio_direction direction);
      |                   ^~~~~~~~~~~~~~~~~~~~~~
