<PROJECT_ROOT>/evaluation/infrastructure/stubs/openharmony-liteosm/stubs_gpio.c:110:26: warning: 'struct SpiDevInfo' declared inside parameter list will not be visible outside of this definition or declaration
  110 | DevHandle SpiOpen(struct SpiDevInfo *info) { (void)info; return (DevHandle)1; }
      |                          ^~~~~~~~~~
<PROJECT_ROOT>/evaluation/infrastructure/stubs/openharmony-liteosm/stubs_gpio.c:112:46: warning: 'struct SpiMsg' declared inside parameter list will not be visible outside of this definition or declaration
  112 | int32_t SpiTransfer(DevHandle handle, struct SpiMsg *msgs, uint32_t count) { (void)handle;(void)msgs;(void)count; return HDF_SUCCESS; }
      |                                              ^~~~~~
<PROJECT_ROOT>/evaluation/infrastructure/stubs/openharmony-liteosm/stubs_gpio.c:115:44: warning: 'struct SpiCfg' declared inside parameter list will not be visible outside of this definition or declaration
  115 | int32_t SpiSetCfg(DevHandle handle, struct SpiCfg *cfg) { (void)handle;(void)cfg; return HDF_SUCCESS; }
      |                                            ^~~~~~
<PROJECT_ROOT>/evaluation/infrastructure/stubs/openharmony-liteosm/stubs_gpio.c:116:44: warning: 'struct SpiCfg' declared inside parameter list will not be visible outside of this definition or declaration
  116 | int32_t SpiGetCfg(DevHandle handle, struct SpiCfg *cfg) { (void)handle;(void)cfg; return HDF_SUCCESS; }
      |                                            ^~~~~~
<PROJECT_ROOT>/evaluation/infrastructure/stubs/openharmony-liteosm/stubs_gpio.c:125:51: warning: 'struct UartAttribute' declared inside parameter list will not be visible outside of this definition or declaration
  125 | int32_t UartSetAttribute(DevHandle handle, struct UartAttribute *a) { (void)handle;(void)a; return HDF_SUCCESS; }
      |                                                   ^~~~~~~~~~~~~
<PROJECT_ROOT>/evaluation/infrastructure/stubs/openharmony-liteosm/stubs_gpio.c:126:51: warning: 'struct UartAttribute' declared inside parameter list will not be visible outside of this definition or declaration
  126 | int32_t UartGetAttribute(DevHandle handle, struct UartAttribute *a) { (void)handle;(void)a; return HDF_SUCCESS; }
      |                                                   ^~~~~~~~~~~~~
<RUN_DIR>/attempts/002/stage/out/stage/ds18b20_eval_adapter.c: In function 'drivergen_eval_init':
<RUN_DIR>/attempts/002/stage/out/stage/ds18b20_eval_adapter.c:38:7: warning: unused variable 'bus_handle' [-Wunused-variable]
   38 | void *bus_handle = (void *)bus_name;
      |       ^~~~~~~~~~
