/tmp/stubcc_dht22_kucb1g89/drv/dht22.c: In function 'dht22_wait_for_level':
/tmp/stubcc_dht22_kucb1g89/drv/dht22.c:20:17: error: too few arguments to function 'rtems_gpio_get_value'
   20 |         level = rtems_gpio_get_value(pin);
      |                 ^~~~~~~~~~~~~~~~~~~~
In file included from /tmp/stubcc_dht22_kucb1g89/drv/dht22.c:7:
/tmp/stubcc_dht22_kucb1g89/stubs/rtems/gpio.h:18:19: note: declared here
   18 | rtems_status_code rtems_gpio_get_value(rtems_gpio_pin pin, int *value);
      |                   ^~~~~~~~~~~~~~~~~~~~
/tmp/stubcc_dht22_kucb1g89/drv/dht22.c: In function 'dht22_init':
/tmp/stubcc_dht22_kucb1g89/drv/dht22.c:31:38: error: 'RTEMS_GPIO_PIN_OUTPUT' undeclared (first use in this function); did you mean 'RTEMS_GPIO_OUTPUT'?
   31 |     rtems_gpio_request_pin(data_pin, RTEMS_GPIO_PIN_OUTPUT, true, false, NULL);
      |                                      ^~~~~~~~~~~~~~~~~~~~~
      |                                      RTEMS_GPIO_OUTPUT
/tmp/stubcc_dht22_kucb1g89/drv/dht22.c:31:38: note: each undeclared identifier is reported only once for each function it appears in
/tmp/stubcc_dht22_kucb1g89/drv/dht22.c:31:5: error: too many arguments to function 'rtems_gpio_request_pin'
   31 |     rtems_gpio_request_pin(data_pin, RTEMS_GPIO_PIN_OUTPUT, true, false, NULL);
      |     ^~~~~~~~~~~~~~~~~~~~~~
/tmp/stubcc_dht22_kucb1g89/stubs/rtems/gpio.h:14:19: note: declared here
   14 | rtems_status_code rtems_gpio_request_pin(rtems_gpio_pin pin, rtems_gpio_direction direction);
      |                   ^~~~~~~~~~~~~~~~~~~~~~
/tmp/stubcc_dht22_kucb1g89/drv/dht22.c:33:5: error: implicit declaration of function 'sleep'; did you mean 'usleep'? [-Wimplicit-function-declaration]
   33 |     sleep(1);
      |     ^~~~~
      |     usleep
/tmp/stubcc_dht22_kucb1g89/drv/dht22.c: In function 'dht22_read_sensor':
/tmp/stubcc_dht22_kucb1g89/drv/dht22.c:42:33: error: 'RTEMS_GPIO_PIN_OUTPUT' undeclared (first use in this function); did you mean 'RTEMS_GPIO_OUTPUT'?
   42 |     rtems_gpio_request_pin(pin, RTEMS_GPIO_PIN_OUTPUT, true, false, NULL);
      |                                 ^~~~~~~~~~~~~~~~~~~~~
      |                                 RTEMS_GPIO_OUTPUT
/tmp/stubcc_dht22_kucb1g89/drv/dht22.c:42:5: error: too many arguments to function 'rtems_gpio_request_pin'
   42 |     rtems_gpio_request_pin(pin, RTEMS_GPIO_PIN_OUTPUT, true, false, NULL);
      |     ^~~~~~~~~~~~~~~~~~~~~~
/tmp/stubcc_dht22_kucb1g89/stubs/rtems/gpio.h:14:19: note: declared here
   14 | rtems_status_code rtems_gpio_request_pin(rtems_gpio_pin pin, rtems_gpio_direction direction);
      |                   ^~~~~~~~~~~~~~~~~~~~~~
/tmp/stubcc_dht22_kucb1g89/drv/dht22.c:48:33: error: 'RTEMS_GPIO_PIN_INPUT' undeclared (first use in this function); did you mean 'RTEMS_GPIO_INPUT'?
   48 |     rtems_gpio_request_pin(pin, RTEMS_GPIO_PIN_INPUT, false, false, NULL);
      |                                 ^~~~~~~~~~~~~~~~~~~~
      |                                 RTEMS_GPIO_INPUT
/tmp/stubcc_dht22_kucb1g89/drv/dht22.c:48:5: error: too many arguments to function 'rtems_gpio_request_pin'
   48 |     rtems_gpio_request_pin(pin, RTEMS_GPIO_PIN_INPUT, false, false, NULL);
      |     ^~~~~~~~~~~~~~~~~~~~~~
/tmp/stubcc_dht22_kucb1g89/stubs/rtems/gpio.h:14:19: note: declared here
   14 | rtems_status_code rtems_gpio_request_pin(rtems_gpio_pin pin, rtems_gpio_direction direction);
      |                   ^~~~~~~~~~~~~~~~~~~~~~
/tmp/stubcc_dht22_kucb1g89/drv/dht22.c:61:16: error: too few arguments to function 'rtems_gpio_get_value'
   61 |         while (rtems_gpio_get_value(pin) == 1 && high_time < DHT22_TIMEOUT_US) {
      |                ^~~~~~~~~~~~~~~~~~~~
/tmp/stubcc_dht22_kucb1g89/stubs/rtems/gpio.h:18:19: note: declared here
   18 | rtems_status_code rtems_gpio_get_value(rtems_gpio_pin pin, int *value);
      |                   ^~~~~~~~~~~~~~~~~~~~
