<RUN_DIR>/attempts/001/stage/out/stage/ds3231_eval_adapter.c: In function 'drivergen_eval_get_time':
<RUN_DIR>/attempts/001/stage/out/stage/ds3231_eval_adapter.c:43:37: error: passing argument 1 of 'ds3231_get_time' from incompatible pointer type [-Wincompatible-pointer-types]
   43 |     int _rc = (int)(ds3231_get_time(&t, &t));
      |                                     ^~
      |                                     |
      |                                     drivergen_eval_time_t *
In file included from <RUN_DIR>/attempts/001/stage/out/stage/ds3231_eval_adapter.c:12:
<RUN_DIR>/attempts/001/stage/out/stage/ds3231.h:25:31: note: expected 'ds3231_t *' but argument is of type 'drivergen_eval_time_t *'
   25 | int ds3231_get_time(ds3231_t *dev, ds3231_time *t);
      |                     ~~~~~~~~~~^~~
<RUN_DIR>/attempts/001/stage/out/stage/ds3231_eval_adapter.c:43:41: error: passing argument 2 of 'ds3231_get_time' from incompatible pointer type [-Wincompatible-pointer-types]
   43 |     int _rc = (int)(ds3231_get_time(&t, &t));
      |                                         ^~
      |                                         |
      |                                         drivergen_eval_time_t *
<RUN_DIR>/attempts/001/stage/out/stage/ds3231.h:25:49: note: expected 'ds3231_time *' but argument is of type 'drivergen_eval_time_t *'
   25 | int ds3231_get_time(ds3231_t *dev, ds3231_time *t);
      |                                    ~~~~~~~~~~~~~^
<RUN_DIR>/attempts/001/stage/out/stage/ds3231_eval_adapter.c:49:27: error: 'drivergen_eval_time_t' has no member named 'date'
   49 |     out->day = (uint8_t)(t.date);
      |                           ^
<RUN_DIR>/attempts/001/stage/out/stage/ds3231_eval_adapter.c:50:29: error: 'drivergen_eval_time_t' has no member named 'hours'; did you mean 'hour'?
   50 |     out->hour = (uint8_t)(t.hours);
      |                             ^~~~~
      |                             hour
<RUN_DIR>/attempts/001/stage/out/stage/ds3231_eval_adapter.c:51:31: error: 'drivergen_eval_time_t' has no member named 'minutes'; did you mean 'minute'?
   51 |     out->minute = (uint8_t)(t.minutes);
      |                               ^~~~~~~
      |                               minute
<RUN_DIR>/attempts/001/stage/out/stage/ds3231_eval_adapter.c:52:31: error: 'drivergen_eval_time_t' has no member named 'seconds'; did you mean 'second'?
   52 |     out->second = (uint8_t)(t.seconds);
      |                               ^~~~~~~
      |                               second
<RUN_DIR>/attempts/001/stage/out/stage/ds3231_eval_adapter.c: In function 'drivergen_eval_set_time':
<RUN_DIR>/attempts/001/stage/out/stage/ds3231_eval_adapter.c:63:37: error: passing argument 1 of 'ds3231_set_time' from incompatible pointer type [-Wincompatible-pointer-types]
   63 |     int _rc = (int)(ds3231_set_time(&t, &t));
      |                                     ^~
      |                                     |
      |                                     drivergen_eval_time_t *
<RUN_DIR>/attempts/001/stage/out/stage/ds3231.h:26:31: note: expected 'ds3231_t *' but argument is of type 'drivergen_eval_time_t *'
   26 | int ds3231_set_time(ds3231_t *dev, const ds3231_time *t);
      |                     ~~~~~~~~~~^~~
<RUN_DIR>/attempts/001/stage/out/stage/ds3231_eval_adapter.c:63:41: error: passing argument 2 of 'ds3231_set_time' from incompatible pointer type [-Wincompatible-pointer-types]
   63 |     int _rc = (int)(ds3231_set_time(&t, &t));
      |                                         ^~
      |                                         |
      |                                         drivergen_eval_time_t *
<RUN_DIR>/attempts/001/stage/out/stage/ds3231.h:26:55: note: expected 'const ds3231_time *' but argument is of type 'drivergen_eval_time_t *'
   26 | int ds3231_set_time(ds3231_t *dev, const ds3231_time *t);
      |                                    ~~~~~~~~~~~~~~~~~~~^
