/tmp/stubcc_mpu6050_x1zmrlva/drv/mpu6050.c: In function 'mpu6050_write_reg':
/tmp/stubcc_mpu6050_x1zmrlva/drv/mpu6050.c:18:38: error: passing argument 2 of 'I2C_TRANSFER' from incompatible pointer type [-Wincompatible-pointer-types]
   18 |     int ret = I2C_TRANSFER(dev->bus, &config, buf, 2);
      |                                      ^~~~~~~
      |                                      |
      |                                      struct i2c_config_s *
In file included from /tmp/stubcc_mpu6050_x1zmrlva/stubs/nuttx/i2c/i2c_master.h:2,
                 from /tmp/stubcc_mpu6050_x1zmrlva/drv/mpu6050.h:5,
                 from /tmp/stubcc_mpu6050_x1zmrlva/drv/mpu6050.c:1:
/tmp/stubcc_mpu6050_x1zmrlva/stubs/nuttx.h:114:62: note: expected 'struct i2c_msg_s *' but argument is of type 'struct i2c_config_s *'
  114 | int I2C_TRANSFER(struct i2c_master_s *dev, struct i2c_msg_s *msgs, int count);
      |                                            ~~~~~~~~~~~~~~~~~~^~~~
/tmp/stubcc_mpu6050_x1zmrlva/drv/mpu6050.c:18:47: error: passing argument 3 of 'I2C_TRANSFER' makes integer from pointer without a cast [-Wint-conversion]
   18 |     int ret = I2C_TRANSFER(dev->bus, &config, buf, 2);
      |                                               ^~~
      |                                               |
      |                                               uint8_t * {aka unsigned char *}
/tmp/stubcc_mpu6050_x1zmrlva/stubs/nuttx.h:114:72: note: expected 'int' but argument is of type 'uint8_t *' {aka 'unsigned char *'}
  114 | int I2C_TRANSFER(struct i2c_master_s *dev, struct i2c_msg_s *msgs, int count);
      |                                                                    ~~~~^~~~~
/tmp/stubcc_mpu6050_x1zmrlva/drv/mpu6050.c:18:15: error: too many arguments to function 'I2C_TRANSFER'
   18 |     int ret = I2C_TRANSFER(dev->bus, &config, buf, 2);
      |               ^~~~~~~~~~~~
/tmp/stubcc_mpu6050_x1zmrlva/stubs/nuttx.h:114:5: note: declared here
  114 | int I2C_TRANSFER(struct i2c_master_s *dev, struct i2c_msg_s *msgs, int count);
      |     ^~~~~~~~~~~~
/tmp/stubcc_mpu6050_x1zmrlva/drv/mpu6050.c: In function 'mpu6050_write_then_read':
/tmp/stubcc_mpu6050_x1zmrlva/drv/mpu6050.c:31:15: error: implicit declaration of function 'I2C_WRITE'; did you mean 'GPIOC_WRITE'? [-Wimplicit-function-declaration]
   31 |     int ret = I2C_WRITE(dev->bus, &config, &reg, 1);
      |               ^~~~~~~~~
      |               GPIOC_WRITE
/tmp/stubcc_mpu6050_x1zmrlva/drv/mpu6050.c:35:11: error: implicit declaration of function 'I2C_READ'; did you mean 'I2C_M_READ'? [-Wimplicit-function-declaration]
   35 |     ret = I2C_READ(dev->bus, &config, buf, len);
      |           ^~~~~~~~
      |           I2C_M_READ
