/tmp/stubcc_ds18b20_ew_vfwhc/drv/ds18b20.c: In function 'delay_us':
/tmp/stubcc_ds18b20_ew_vfwhc/drv/ds18b20.c:10:28: error: 'SystemCoreClock' undeclared (first use in this function)
   10 |     uint32_t ticks = us * (SystemCoreClock / 1000000) / 3;
      |                            ^~~~~~~~~~~~~~~
/tmp/stubcc_ds18b20_ew_vfwhc/drv/ds18b20.c:10:28: note: each undeclared identifier is reported only once for each function it appears in
/tmp/stubcc_ds18b20_ew_vfwhc/drv/ds18b20.c:12:9: error: implicit declaration of function '__NOP' [-Wimplicit-function-declaration]
   12 |         __NOP();
      |         ^~~~~
/tmp/stubcc_ds18b20_ew_vfwhc/drv/ds18b20.c: In function 'ds18b20_write_bit':
/tmp/stubcc_ds18b20_ew_vfwhc/drv/ds18b20.c:16:51: warning: unused parameter 'dev' [-Wunused-parameter]
   16 | static void ds18b20_write_bit(struct ds18b20_dev *dev, uint8_t bit) {
      |                               ~~~~~~~~~~~~~~~~~~~~^~~
/tmp/stubcc_ds18b20_ew_vfwhc/drv/ds18b20.c: In function 'ds18b20_read_bit':
/tmp/stubcc_ds18b20_ew_vfwhc/drv/ds18b20.c:31:53: warning: unused parameter 'dev' [-Wunused-parameter]
   31 | static uint8_t ds18b20_read_bit(struct ds18b20_dev *dev) {
      |                                 ~~~~~~~~~~~~~~~~~~~~^~~
/tmp/stubcc_ds18b20_ew_vfwhc/drv/ds18b20.c: In function 'ds18b20_reset':
/tmp/stubcc_ds18b20_ew_vfwhc/drv/ds18b20.c:60:46: warning: unused parameter 'dev' [-Wunused-parameter]
   60 | static int ds18b20_reset(struct ds18b20_dev *dev) {
      |                          ~~~~~~~~~~~~~~~~~~~~^~~
