/tmp/stubcc_mhz19b_54duzr86/drv/mhz19b.c: In function 'uart_write':
/tmp/stubcc_mhz19b_54duzr86/drv/mhz19b.c:11:12: error: implicit declaration of function 'write' [-Wimplicit-function-declaration]
   11 |     return write(fd, buf, len);
      |            ^~~~~
/tmp/stubcc_mhz19b_54duzr86/drv/mhz19b.c: In function 'uart_read':
/tmp/stubcc_mhz19b_54duzr86/drv/mhz19b.c:15:12: error: implicit declaration of function 'read' [-Wimplicit-function-declaration]
   15 |     return read(fd, buf, len);
      |            ^~~~
/tmp/stubcc_mhz19b_54duzr86/drv/mhz19b.c: In function 'mhz19b_init':
/tmp/stubcc_mhz19b_54duzr86/drv/mhz19b.c:28:15: error: implicit declaration of function 'open' [-Wimplicit-function-declaration]
   28 |     dev->fd = open(path, O_RDWR | O_NOCTTY);
      |               ^~~~
/tmp/stubcc_mhz19b_54duzr86/drv/mhz19b.c:28:26: error: 'O_RDWR' undeclared (first use in this function)
   28 |     dev->fd = open(path, O_RDWR | O_NOCTTY);
      |                          ^~~~~~
/tmp/stubcc_mhz19b_54duzr86/drv/mhz19b.c:28:26: note: each undeclared identifier is reported only once for each function it appears in
/tmp/stubcc_mhz19b_54duzr86/drv/mhz19b.c:28:35: error: 'O_NOCTTY' undeclared (first use in this function)
   28 |     dev->fd = open(path, O_RDWR | O_NOCTTY);
      |                                   ^~~~~~~~
/tmp/stubcc_mhz19b_54duzr86/drv/mhz19b.c:32:20: error: storage size of 'tty' isn't known
   32 |     struct termios tty;
      |                    ^~~
/tmp/stubcc_mhz19b_54duzr86/drv/mhz19b.c:34:9: error: implicit declaration of function 'tcgetattr' [-Wimplicit-function-declaration]
   34 |     if (tcgetattr(dev->fd, &tty) != 0) {
      |         ^~~~~~~~~
/tmp/stubcc_mhz19b_54duzr86/drv/mhz19b.c:35:9: error: implicit declaration of function 'close' [-Wimplicit-function-declaration]
   35 |         close(dev->fd);
      |         ^~~~~
/tmp/stubcc_mhz19b_54duzr86/drv/mhz19b.c:38:5: error: implicit declaration of function 'cfsetospeed' [-Wimplicit-function-declaration]
   38 |     cfsetospeed(&tty, B9600);
      |     ^~~~~~~~~~~
/tmp/stubcc_mhz19b_54duzr86/drv/mhz19b.c:38:23: error: 'B9600' undeclared (first use in this function)
   38 |     cfsetospeed(&tty, B9600);
      |                       ^~~~~
/tmp/stubcc_mhz19b_54duzr86/drv/mhz19b.c:39:5: error: implicit declaration of function 'cfsetispeed' [-Wimplicit-function-declaration]
   39 |     cfsetispeed(&tty, B9600);
      |     ^~~~~~~~~~~
/tmp/stubcc_mhz19b_54duzr86/drv/mhz19b.c:40:35: error: 'CSIZE' undeclared (first use in this function)
   40 |     tty.c_cflag = (tty.c_cflag & ~CSIZE) | CS8;
      |                                   ^~~~~
/tmp/stubcc_mhz19b_54duzr86/drv/mhz19b.c:40:44: error: 'CS8' undeclared (first use in this function)
   40 |     tty.c_cflag = (tty.c_cflag & ~CSIZE) | CS8;
      |                                            ^~~
/tmp/stubcc_mhz19b_54duzr86/drv/mhz19b.c:41:21: error: 'PARENB' undeclared (first use in this function)
   41 |     tty.c_cflag &= ~PARENB;
      |                     ^~~~~~
/tmp/stubcc_mhz19b_54duzr86/drv/mhz19b.c:42:21: error: 'CSTOPB' undeclared (first use in this function)
   42 |     tty.c_cflag &= ~CSTOPB;
      |                     ^~~~~~
/tmp/stubcc_mhz19b_54duzr86/drv/mhz19b.c:43:20: error: 'CREAD' undeclared (first use in this function)
   43 |     tty.c_cflag |= CREAD | CLOCAL;
      |                    ^~~~~
/tmp/stubcc_mhz19b_54duzr86/drv/mhz19b.c:43:28: error: 'CLOCAL' undeclared (first use in this function)
   43 |     tty.c_cflag |= CREAD | CLOCAL;
      |                            ^~~~~~
/tmp/stubcc_mhz19b_54duzr86/drv/mhz19b.c:44:22: error: 'ICANON' undeclared (first use in this function)
   44 |     tty.c_lflag &= ~(ICANON | ECHO | ECHOE | ISIG);
      |                      ^~~~~~
/tmp/stubcc_mhz19b_54duzr86/drv/mhz19b.c:44:31: error: 'ECHO' undeclared (first use in this function)
   44 |     tty.c_lflag &= ~(ICANON | ECHO | ECHOE | ISIG);
      |                               ^~~~
/tmp/stubcc_mhz19b_54duzr86/drv/mhz19b.c:44:38: error: 'ECHOE' undeclared (first use in this function)
   44 |     tty.c_lflag &= ~(ICANON | ECHO | ECHOE | ISIG);
      |                                      ^~~~~
/tmp/stubcc_mhz19b_54duzr86/drv/mhz19b.c:44:46: error: 'ISIG' undeclared (first use in this function)
   44 |     tty.c_lflag &= ~(ICANON | ECHO | ECHOE | ISIG);
      |                                              ^~~~
/tmp/stubcc_mhz19b_54duzr86/drv/mhz19b.c:45:22: error: 'IXON' undeclared (first use in this function)
   45 |     tty.c_iflag &= ~(IXON | IXOFF | IXANY);
      |                      ^~~~
/tmp/stubcc_mhz19b_54duzr86/drv/mhz19b.c:45:29: error: 'IXOFF' undeclared (first use in this function)
   45 |     tty.c_iflag &= ~(IXON | IXOFF | IXANY);
      |                             ^~~~~
/tmp/stubcc_mhz19b_54duzr86/drv/mhz19b.c:45:37: error: 'IXANY' undeclared (first use in this function)
   45 |     tty.c_iflag &= ~(IXON | IXOFF | IXANY);
      |                                     ^~~~~
/tmp/stubcc_mhz19b_54duzr86/drv/mhz19b.c:46:22: error: 'INLCR' undeclared (first use in this function)
   46 |     tty.c_iflag &= ~(INLCR | ICRNL | IGNCR);
      |                      ^~~~~
/tmp/stubcc_mhz19b_54duzr86/drv/mhz19b.c:46:30: error: 'ICRNL' undeclared (first use in this function)
   46 |     tty.c_iflag &= ~(INLCR | ICRNL | IGNCR);
      |                              ^~~~~
/tmp/stubcc_mhz19b_54duzr86/drv/mhz19b.c:46:38: error: 'IGNCR' undeclared (first use in this function)
   46 |     tty.c_iflag &= ~(INLCR | ICRNL | IGNCR);
      |                                      ^~~~~
/tmp/stubcc_mhz19b_54duzr86/drv/mhz19b.c:47:21: error: 'OPOST' undeclared (first use in this function)
   47 |     tty.c_oflag &= ~OPOST;
      |                     ^~~~~
/tmp/stubcc_mhz19b_54duzr86/drv/mhz19b.c:48:14: error: 'VMIN' undeclared (first use in this function)
   48 |     tty.c_cc[VMIN] = 9;
      |              ^~~~
/tmp/stubcc_mhz19b_54duzr86/drv/mhz19b.c:49:14: error: 'VTIME' undeclared (first use in this function)
   49 |     tty.c_cc[VTIME] = 10;
      |              ^~~~~
/tmp/stubcc_mhz19b_54duzr86/drv/mhz19b.c:50:9: error: implicit declaration of function 'tcsetattr' [-Wimplicit-function-declaration]
   50 |     if (tcsetattr(dev->fd, TCSANOW, &tty) != 0) {
      |         ^~~~~~~~~
/tmp/stubcc_mhz19b_54duzr86/drv/mhz19b.c:50:28: error: 'TCSANOW' undeclared (first use in this function)
   50 |     if (tcsetattr(dev->fd, TCSANOW, &tty) != 0) {
      |                            ^~~~~~~
/tmp/stubcc_mhz19b_54duzr86/drv/mhz19b.c:32:20: warning: unused variable 'tty' [-Wunused-variable]
   32 |     struct termios tty;
      |                    ^~~
