/tmp/stubcc_ds18b20_udgn2kde/drv/ds18b20.c: In function 'ds18b20_write_bit':
/tmp/stubcc_ds18b20_udgn2kde/drv/ds18b20.c:15:25: error: request for member 'port' in something not a structure or union
   15 |         palClearPad(line.port, line.pad);
      |                         ^
/tmp/stubcc_ds18b20_udgn2kde/drv/ds18b20.c:15:36: error: request for member 'pad' in something not a structure or union
   15 |         palClearPad(line.port, line.pad);
      |                                    ^
/tmp/stubcc_ds18b20_udgn2kde/drv/ds18b20.c:17:23: error: request for member 'port' in something not a structure or union
   17 |         palSetPad(line.port, line.pad);
      |                       ^
/tmp/stubcc_ds18b20_udgn2kde/drv/ds18b20.c:17:34: error: request for member 'pad' in something not a structure or union
   17 |         palSetPad(line.port, line.pad);
      |                                  ^
/tmp/stubcc_ds18b20_udgn2kde/drv/ds18b20.c:20:25: error: request for member 'port' in something not a structure or union
   20 |         palClearPad(line.port, line.pad);
      |                         ^
/tmp/stubcc_ds18b20_udgn2kde/drv/ds18b20.c:20:36: error: request for member 'pad' in something not a structure or union
   20 |         palClearPad(line.port, line.pad);
      |                                    ^
/tmp/stubcc_ds18b20_udgn2kde/drv/ds18b20.c:22:23: error: request for member 'port' in something not a structure or union
   22 |         palSetPad(line.port, line.pad);
      |                       ^
/tmp/stubcc_ds18b20_udgn2kde/drv/ds18b20.c:22:34: error: request for member 'pad' in something not a structure or union
   22 |         palSetPad(line.port, line.pad);
      |                                  ^
/tmp/stubcc_ds18b20_udgn2kde/drv/ds18b20.c:13:14: warning: variable 'line' set but not used [-Wunused-but-set-variable]
   13 |     ioline_t line = PAL_LINE(GPIOA, 0);
      |              ^~~~
/tmp/stubcc_ds18b20_udgn2kde/drv/ds18b20.c:11:51: warning: unused parameter 'dev' [-Wunused-parameter]
   11 | static void ds18b20_write_bit(struct ds18b20_dev *dev, int bit)
      |                               ~~~~~~~~~~~~~~~~~~~~^~~
/tmp/stubcc_ds18b20_udgn2kde/drv/ds18b20.c: In function 'ds18b20_read_bit':
/tmp/stubcc_ds18b20_udgn2kde/drv/ds18b20.c:30:21: error: request for member 'port' in something not a structure or union
   30 |     palClearPad(line.port, line.pad);
      |                     ^
/tmp/stubcc_ds18b20_udgn2kde/drv/ds18b20.c:30:32: error: request for member 'pad' in something not a structure or union
   30 |     palClearPad(line.port, line.pad);
      |                                ^
/tmp/stubcc_ds18b20_udgn2kde/drv/ds18b20.c:32:19: error: request for member 'port' in something not a structure or union
   32 |     palSetPad(line.port, line.pad);
      |                   ^
/tmp/stubcc_ds18b20_udgn2kde/drv/ds18b20.c:32:30: error: request for member 'pad' in something not a structure or union
   32 |     palSetPad(line.port, line.pad);
      |                              ^
/tmp/stubcc_ds18b20_udgn2kde/drv/ds18b20.c:27:49: warning: unused parameter 'dev' [-Wunused-parameter]
   27 | static int ds18b20_read_bit(struct ds18b20_dev *dev)
      |                             ~~~~~~~~~~~~~~~~~~~~^~~
/tmp/stubcc_ds18b20_udgn2kde/drv/ds18b20.c: In function 'ds18b20_reset':
/tmp/stubcc_ds18b20_udgn2kde/drv/ds18b20.c:61:21: error: request for member 'port' in something not a structure or union
   61 |     palClearPad(line.port, line.pad);
      |                     ^
/tmp/stubcc_ds18b20_udgn2kde/drv/ds18b20.c:61:32: error: request for member 'pad' in something not a structure or union
   61 |     palClearPad(line.port, line.pad);
      |                                ^
/tmp/stubcc_ds18b20_udgn2kde/drv/ds18b20.c:63:19: error: request for member 'port' in something not a structure or union
   63 |     palSetPad(line.port, line.pad);
      |                   ^
/tmp/stubcc_ds18b20_udgn2kde/drv/ds18b20.c:63:30: error: request for member 'pad' in something not a structure or union
   63 |     palSetPad(line.port, line.pad);
      |                              ^
/tmp/stubcc_ds18b20_udgn2kde/drv/ds18b20.c:58:46: warning: unused parameter 'dev' [-Wunused-parameter]
   58 | static int ds18b20_reset(struct ds18b20_dev *dev)
      |                          ~~~~~~~~~~~~~~~~~~~~^~~
