/tmp/stubcc_at24c256__nahyp3n/drv/at24c256.c: In function 'at24c256_write':
/tmp/stubcc_at24c256__nahyp3n/drv/at24c256.c:47:30: error: implicit declaration of function 'malloc' [-Wimplicit-function-declaration]
   47 |         uint8_t *write_buf = malloc(2 + chunk);
      |                              ^~~~~~
/tmp/stubcc_at24c256__nahyp3n/drv/at24c256.c:10:1: note: include '<stdlib.h>' or provide a declaration of 'malloc'
    9 | #include <zephyr/sys/byteorder.h>
  +++ |+#include <stdlib.h>
   10 | #define AT24C256_I2C_ADDR 0x50
/tmp/stubcc_at24c256__nahyp3n/drv/at24c256.c:47:30: warning: incompatible implicit declaration of built-in function 'malloc' [-Wbuiltin-declaration-mismatch]
   47 |         uint8_t *write_buf = malloc(2 + chunk);
      |                              ^~~~~~
/tmp/stubcc_at24c256__nahyp3n/drv/at24c256.c:47:30: note: include '<stdlib.h>' or provide a declaration of 'malloc'
/tmp/stubcc_at24c256__nahyp3n/drv/at24c256.c:57:9: error: implicit declaration of function 'free' [-Wimplicit-function-declaration]
   57 |         free(write_buf);
      |         ^~~~
/tmp/stubcc_at24c256__nahyp3n/drv/at24c256.c:57:9: note: include '<stdlib.h>' or provide a declaration of 'free'
/tmp/stubcc_at24c256__nahyp3n/drv/at24c256.c:57:9: warning: incompatible implicit declaration of built-in function 'free' [-Wbuiltin-declaration-mismatch]
/tmp/stubcc_at24c256__nahyp3n/drv/at24c256.c:57:9: note: include '<stdlib.h>' or provide a declaration of 'free'
/tmp/stubcc_at24c256__nahyp3n/drv/at24c256.c:37:13: warning: variable 'addr_bytes' set but not used [-Wunused-but-set-variable]
   37 |     uint8_t addr_bytes[2];
      |             ^~~~~~~~~~
