<PROJECT_ROOT>/evaluation/infrastructure/stubs/chibios/stubs_i2c.c: In function 'chprintf':
<PROJECT_ROOT>/evaluation/infrastructure/stubs/chibios/stubs_i2c.c:106:36: warning: unused parameter 'c' [-Wunused-parameter]
  106 | int chprintf(BaseSequentialStream *c, const char *fmt, ...) {
      |              ~~~~~~~~~~~~~~~~~~~~~~^
<RUN_DIR>/attempts/003/stage/out/stage/ds3231_eval_adapter.c: In function 'drivergen_eval_init':
<RUN_DIR>/attempts/003/stage/out/stage/ds3231_eval_adapter.c:38:7: warning: unused variable 'bus_handle' [-Wunused-variable]
   38 | void *bus_handle = (void *)bus_name;
      |       ^~~~~~~~~~
<RUN_DIR>/attempts/003/stage/out/stage/ds3231_eval_adapter.c: In function 'drivergen_eval_get_time':
<RUN_DIR>/attempts/003/stage/out/stage/ds3231_eval_adapter.c:48:37: error: passing argument 1 of 'ds3231_get_time' from incompatible pointer type [-Wincompatible-pointer-types]
   48 |     int _rc = (int)(ds3231_get_time(&t, &t));
      |                                     ^~
      |                                     |
      |                                     drivergen_eval_time_t *
In file included from <RUN_DIR>/attempts/003/stage/out/stage/ds3231_eval_adapter.c:12:
<RUN_DIR>/attempts/003/stage/out/stage/ds3231.h:22:43: note: expected 'struct ds3231_device *' but argument is of type 'drivergen_eval_time_t *'
   22 | int ds3231_get_time(struct ds3231_device *dev, struct ds3231_time *t);
      |                     ~~~~~~~~~~~~~~~~~~~~~~^~~
<RUN_DIR>/attempts/003/stage/out/stage/ds3231_eval_adapter.c:48:41: error: passing argument 2 of 'ds3231_get_time' from incompatible pointer type [-Wincompatible-pointer-types]
   48 |     int _rc = (int)(ds3231_get_time(&t, &t));
      |                                         ^~
      |                                         |
      |                                         drivergen_eval_time_t *
<RUN_DIR>/attempts/003/stage/out/stage/ds3231.h:22:68: note: expected 'struct ds3231_time *' but argument is of type 'drivergen_eval_time_t *'
   22 | int ds3231_get_time(struct ds3231_device *dev, struct ds3231_time *t);
      |                                                ~~~~~~~~~~~~~~~~~~~~^
<RUN_DIR>/attempts/003/stage/out/stage/ds3231_eval_adapter.c:54:27: error: 'drivergen_eval_time_t' has no member named 'date'
   54 |     out->day = (uint8_t)(t.date);
      |                           ^
<RUN_DIR>/attempts/003/stage/out/stage/ds3231_eval_adapter.c:55:29: error: 'drivergen_eval_time_t' has no member named 'hours'; did you mean 'hour'?
   55 |     out->hour = (uint8_t)(t.hours);
      |                             ^~~~~
      |                             hour
<RUN_DIR>/attempts/003/stage/out/stage/ds3231_eval_adapter.c:56:31: error: 'drivergen_eval_time_t' has no member named 'minutes'; did you mean 'minute'?
   56 |     out->minute = (uint8_t)(t.minutes);
      |                               ^~~~~~~
      |                               minute
<RUN_DIR>/attempts/003/stage/out/stage/ds3231_eval_adapter.c:57:31: error: 'drivergen_eval_time_t' has no member named 'seconds'; did you mean 'second'?
   57 |     out->second = (uint8_t)(t.seconds);
      |                               ^~~~~~~
      |                               second
<RUN_DIR>/attempts/003/stage/out/stage/ds3231_eval_adapter.c: In function 'drivergen_eval_set_time':
<RUN_DIR>/attempts/003/stage/out/stage/ds3231_eval_adapter.c:68:37: error: passing argument 1 of 'ds3231_set_time' from incompatible pointer type [-Wincompatible-pointer-types]
   68 |     int _rc = (int)(ds3231_set_time(&t, &t));
      |                                     ^~
      |                                     |
      |                                     drivergen_eval_time_t *
<RUN_DIR>/attempts/003/stage/out/stage/ds3231.h:23:43: note: expected 'struct ds3231_device *' but argument is of type 'drivergen_eval_time_t *'
   23 | int ds3231_set_time(struct ds3231_device *dev, const struct ds3231_time *t);
      |                     ~~~~~~~~~~~~~~~~~~~~~~^~~
<RUN_DIR>/attempts/003/stage/out/stage/ds3231_eval_adapter.c:68:41: error: passing argument 2 of 'ds3231_set_time' from incompatible pointer type [-Wincompatible-pointer-types]
   68 |     int _rc = (int)(ds3231_set_time(&t, &t));
      |                                         ^~
      |                                         |
      |                                         drivergen_eval_time_t *
<RUN_DIR>/attempts/003/stage/out/stage/ds3231.h:23:74: note: expected 'const struct ds3231_time *' but argument is of type 'drivergen_eval_time_t *'
   23 | int ds3231_set_time(struct ds3231_device *dev, const struct ds3231_time *t);
      |                                                ~~~~~~~~~~~~~~~~~~~~~~~~~~^
