<PROJECT_ROOT>/evaluation/infrastructure/stubs/openharmony-liteosm/stubs_i2c.c:41:26: warning: 'struct SpiDevInfo' declared inside parameter list will not be visible outside of this definition or declaration
   41 | DevHandle SpiOpen(struct SpiDevInfo *info) { (void)info; return (DevHandle)1; }
      |                          ^~~~~~~~~~
<PROJECT_ROOT>/evaluation/infrastructure/stubs/openharmony-liteosm/stubs_i2c.c:43:46: warning: 'struct SpiMsg' declared inside parameter list will not be visible outside of this definition or declaration
   43 | int32_t SpiTransfer(DevHandle handle, struct SpiMsg *msgs, uint32_t count) { (void)handle;(void)msgs;(void)count; return HDF_SUCCESS; }
      |                                              ^~~~~~
<PROJECT_ROOT>/evaluation/infrastructure/stubs/openharmony-liteosm/stubs_i2c.c:46:44: warning: 'struct SpiCfg' declared inside parameter list will not be visible outside of this definition or declaration
   46 | int32_t SpiSetCfg(DevHandle handle, struct SpiCfg *cfg) { (void)handle;(void)cfg; return HDF_SUCCESS; }
      |                                            ^~~~~~
<PROJECT_ROOT>/evaluation/infrastructure/stubs/openharmony-liteosm/stubs_i2c.c:47:44: warning: 'struct SpiCfg' declared inside parameter list will not be visible outside of this definition or declaration
   47 | int32_t SpiGetCfg(DevHandle handle, struct SpiCfg *cfg) { (void)handle;(void)cfg; return HDF_SUCCESS; }
      |                                            ^~~~~~
<PROJECT_ROOT>/evaluation/infrastructure/stubs/openharmony-liteosm/stubs_i2c.c:56:51: warning: 'struct UartAttribute' declared inside parameter list will not be visible outside of this definition or declaration
   56 | int32_t UartSetAttribute(DevHandle handle, struct UartAttribute *a) { (void)handle;(void)a; return HDF_SUCCESS; }
      |                                                   ^~~~~~~~~~~~~
<PROJECT_ROOT>/evaluation/infrastructure/stubs/openharmony-liteosm/stubs_i2c.c:57:51: warning: 'struct UartAttribute' declared inside parameter list will not be visible outside of this definition or declaration
   57 | int32_t UartGetAttribute(DevHandle handle, struct UartAttribute *a) { (void)handle;(void)a; return HDF_SUCCESS; }
      |                                                   ^~~~~~~~~~~~~
<RUN_DIR>/attempts/001/stage/out/stage/at24c256.c: In function 'at24c256_write':
<RUN_DIR>/attempts/001/stage/out/stage/at24c256.c:68:17: warning: comparison of integer expressions of different signedness: 'int32_t' {aka 'long int'} and 'size_t' {aka 'unsigned int'} [-Wsign-compare]
   68 |         if (ret != msg_count) {
      |                 ^~
