/tmp/stubcc_max31855_r2bxlo50/drv/max31855.c: In function 'max31855_read_raw':
/tmp/stubcc_max31855_r2bxlo50/drv/max31855.c:17:13: warning: braces around scalar initializer
   17 |             .cs = {
      |             ^
/tmp/stubcc_max31855_r2bxlo50/drv/max31855.c:17:13: note: (near initialization for 'spec.config.cs')
/tmp/stubcc_max31855_r2bxlo50/drv/max31855.c:18:17: error: field name not in record or union initializer
   18 |                 .gpio = GPIO_DT_SPEC_GET_BY_IDX(DT_NODELABEL(spi1), cs_gpios, 0),
      |                 ^
/tmp/stubcc_max31855_r2bxlo50/drv/max31855.c:18:17: note: (near initialization for 'spec.config.cs')
/tmp/stubcc_max31855_r2bxlo50/drv/max31855.c:18:25: error: implicit declaration of function 'GPIO_DT_SPEC_GET_BY_IDX'; did you mean 'GPIO_DT_SPEC_GET'? [-Wimplicit-function-declaration]
   18 |                 .gpio = GPIO_DT_SPEC_GET_BY_IDX(DT_NODELABEL(spi1), cs_gpios, 0),
      |                         ^~~~~~~~~~~~~~~~~~~~~~~
      |                         GPIO_DT_SPEC_GET
/tmp/stubcc_max31855_r2bxlo50/drv/max31855.c:18:69: error: 'cs_gpios' undeclared (first use in this function)
   18 |                 .gpio = GPIO_DT_SPEC_GET_BY_IDX(DT_NODELABEL(spi1), cs_gpios, 0),
      |                                                                     ^~~~~~~~
/tmp/stubcc_max31855_r2bxlo50/drv/max31855.c:18:69: note: each undeclared identifier is reported only once for each function it appears in
/tmp/stubcc_max31855_r2bxlo50/drv/max31855.c:19:17: error: field name not in record or union initializer
   19 |                 .delay = 0
      |                 ^
/tmp/stubcc_max31855_r2bxlo50/drv/max31855.c:19:17: note: (near initialization for 'spec.config.cs')
/tmp/stubcc_max31855_r2bxlo50/drv/max31855.c:19:26: warning: excess elements in scalar initializer
   19 |                 .delay = 0
      |                          ^
/tmp/stubcc_max31855_r2bxlo50/drv/max31855.c:19:26: note: (near initialization for 'spec.config.cs')
