/tmp/stubcc_mhz19b_zh_b_7gd/drv/mhz19b.c: In function 'uart_write':
/tmp/stubcc_mhz19b_zh_b_7gd/drv/mhz19b.c:16:5: error: unknown type name 'ssize_t'; did you mean '_ssize_t'?
   16 |     ssize_t ret = write(fd, buf, len);
      |     ^~~~~~~
      |     _ssize_t
/tmp/stubcc_mhz19b_zh_b_7gd/drv/mhz19b.c: In function 'uart_read':
/tmp/stubcc_mhz19b_zh_b_7gd/drv/mhz19b.c:27:9: error: unknown type name 'ssize_t'; did you mean '_ssize_t'?
   27 |         ssize_t ret = read(fd, buf + total, len - total);
      |         ^~~~~~~
      |         _ssize_t
/tmp/stubcc_mhz19b_zh_b_7gd/drv/mhz19b.c: In function 'mhz19b_init':
/tmp/stubcc_mhz19b_zh_b_7gd/drv/mhz19b.c:50:38: error: 'O_NOCTTY' undeclared (first use in this function); did you mean 'ENOTTY'?
   50 |     int fd = open(bus_name, O_RDWR | O_NOCTTY);
      |                                      ^~~~~~~~
      |                                      ENOTTY
/tmp/stubcc_mhz19b_zh_b_7gd/drv/mhz19b.c:50:38: note: each undeclared identifier is reported only once for each function it appears in
/tmp/stubcc_mhz19b_zh_b_7gd/drv/mhz19b.c:59:19: error: 'IGNPAR' undeclared (first use in this function)
   59 |     tio.c_iflag = IGNPAR;
      |                   ^~~~~~
/tmp/stubcc_mhz19b_zh_b_7gd/drv/mhz19b.c:64:17: error: 'TCIFLUSH' undeclared (first use in this function); did you mean 'TCIOFLUSH'?
   64 |     tcflush(fd, TCIFLUSH);
      |                 ^~~~~~~~
      |                 TCIOFLUSH
