<PROJECT_ROOT>/evaluation/infrastructure/stubs/nuttx/stubs_i2c.c:68:22: warning: 'struct spi_dev_s' declared inside parameter list will not be visible outside of this definition or declaration
   68 | void SPI_LOCK(struct spi_dev_s *d, bool l) { (void)d;(void)l; }
      |                      ^~~~~~~~~
<PROJECT_ROOT>/evaluation/infrastructure/stubs/nuttx/stubs_i2c.c:69:24: warning: 'struct spi_dev_s' declared inside parameter list will not be visible outside of this definition or declaration
   69 | void SPI_SELECT(struct spi_dev_s *d, uint32_t id, bool s) { (void)d;(void)id;(void)s; }
      |                        ^~~~~~~~~
<PROJECT_ROOT>/evaluation/infrastructure/stubs/nuttx/stubs_i2c.c:70:34: warning: 'struct spi_dev_s' declared inside parameter list will not be visible outside of this definition or declaration
   70 | uint32_t SPI_SETFREQUENCY(struct spi_dev_s *d, uint32_t f) { (void)d; return f; }
      |                                  ^~~~~~~~~
<PROJECT_ROOT>/evaluation/infrastructure/stubs/nuttx/stubs_i2c.c:71:25: warning: 'struct spi_dev_s' declared inside parameter list will not be visible outside of this definition or declaration
   71 | void SPI_SETMODE(struct spi_dev_s *d, int m) { (void)d;(void)m; }
      |                         ^~~~~~~~~
<PROJECT_ROOT>/evaluation/infrastructure/stubs/nuttx/stubs_i2c.c:72:25: warning: 'struct spi_dev_s' declared inside parameter list will not be visible outside of this definition or declaration
   72 | void SPI_SETBITS(struct spi_dev_s *d, int b) { (void)d;(void)b; }
      |                         ^~~~~~~~~
<PROJECT_ROOT>/evaluation/infrastructure/stubs/nuttx/stubs_i2c.c:73:26: warning: 'struct spi_dev_s' declared inside parameter list will not be visible outside of this definition or declaration
   73 | uint16_t SPI_SEND(struct spi_dev_s *d, uint16_t w) { (void)d;(void)w; return 0; }
      |                          ^~~~~~~~~
<PROJECT_ROOT>/evaluation/infrastructure/stubs/nuttx/stubs_i2c.c:74:26: warning: 'struct spi_dev_s' declared inside parameter list will not be visible outside of this definition or declaration
   74 | void SPI_EXCHANGE(struct spi_dev_s *d, const void *t, void *r, size_t n) { (void)d;(void)t; if(r&&n) memset(r,0,n); }
      |                          ^~~~~~~~~
<PROJECT_ROOT>/evaluation/infrastructure/stubs/nuttx/stubs_i2c.c:75:26: warning: 'struct spi_dev_s' declared inside parameter list will not be visible outside of this definition or declaration
   75 | void SPI_SNDBLOCK(struct spi_dev_s *d, const void *b, size_t n) { (void)d;(void)b;(void)n; }
      |                          ^~~~~~~~~
<PROJECT_ROOT>/evaluation/infrastructure/stubs/nuttx/stubs_i2c.c:76:27: warning: 'struct spi_dev_s' declared inside parameter list will not be visible outside of this definition or declaration
   76 | void SPI_RECVBLOCK(struct spi_dev_s *d, void *b, size_t n) { (void)d; if(b&&n) memset(b,0,n); }
      |                           ^~~~~~~~~
