/tmp/stubcc_emc1413_i0zhgdjx/drv/emc1413.c: In function 'emc1413_write_reg':
/tmp/stubcc_emc1413_i0zhgdjx/drv/emc1413.c:29:38: error: passing argument 2 of 'I2C_TRANSFER' from incompatible pointer type [-Wincompatible-pointer-types]
   29 |     int ret = I2C_TRANSFER(dev->bus, &config, buf, 2);
      |                                      ^~~~~~~
      |                                      |
      |                                      struct i2c_config_s *
In file included from /tmp/stubcc_emc1413_i0zhgdjx/stubs/nuttx/i2c/i2c_master.h:2,
                 from /tmp/stubcc_emc1413_i0zhgdjx/drv/emc1413.h:5,
                 from /tmp/stubcc_emc1413_i0zhgdjx/drv/emc1413.c:1:
/tmp/stubcc_emc1413_i0zhgdjx/stubs/nuttx.h:114:62: note: expected 'struct i2c_msg_s *' but argument is of type 'struct i2c_config_s *'
  114 | int I2C_TRANSFER(struct i2c_master_s *dev, struct i2c_msg_s *msgs, int count);
      |                                            ~~~~~~~~~~~~~~~~~~^~~~
/tmp/stubcc_emc1413_i0zhgdjx/drv/emc1413.c:29:47: error: passing argument 3 of 'I2C_TRANSFER' makes integer from pointer without a cast [-Wint-conversion]
   29 |     int ret = I2C_TRANSFER(dev->bus, &config, buf, 2);
      |                                               ^~~
      |                                               |
      |                                               uint8_t * {aka unsigned char *}
/tmp/stubcc_emc1413_i0zhgdjx/stubs/nuttx.h:114:72: note: expected 'int' but argument is of type 'uint8_t *' {aka 'unsigned char *'}
  114 | int I2C_TRANSFER(struct i2c_master_s *dev, struct i2c_msg_s *msgs, int count);
      |                                                                    ~~~~^~~~~
/tmp/stubcc_emc1413_i0zhgdjx/drv/emc1413.c:29:15: error: too many arguments to function 'I2C_TRANSFER'
   29 |     int ret = I2C_TRANSFER(dev->bus, &config, buf, 2);
      |               ^~~~~~~~~~~~
/tmp/stubcc_emc1413_i0zhgdjx/stubs/nuttx.h:114:5: note: declared here
  114 | int I2C_TRANSFER(struct i2c_master_s *dev, struct i2c_msg_s *msgs, int count);
      |     ^~~~~~~~~~~~
/tmp/stubcc_emc1413_i0zhgdjx/drv/emc1413.c: In function 'emc1413_read_reg':
/tmp/stubcc_emc1413_i0zhgdjx/drv/emc1413.c:42:38: error: passing argument 2 of 'I2C_TRANSFER' from incompatible pointer type [-Wincompatible-pointer-types]
   42 |     int ret = I2C_TRANSFER(dev->bus, &config, &reg, 1);
      |                                      ^~~~~~~
      |                                      |
      |                                      struct i2c_config_s *
/tmp/stubcc_emc1413_i0zhgdjx/stubs/nuttx.h:114:62: note: expected 'struct i2c_msg_s *' but argument is of type 'struct i2c_config_s *'
  114 | int I2C_TRANSFER(struct i2c_master_s *dev, struct i2c_msg_s *msgs, int count);
      |                                            ~~~~~~~~~~~~~~~~~~^~~~
/tmp/stubcc_emc1413_i0zhgdjx/drv/emc1413.c:42:47: error: passing argument 3 of 'I2C_TRANSFER' makes integer from pointer without a cast [-Wint-conversion]
   42 |     int ret = I2C_TRANSFER(dev->bus, &config, &reg, 1);
      |                                               ^~~~
      |                                               |
      |                                               uint8_t * {aka unsigned char *}
/tmp/stubcc_emc1413_i0zhgdjx/stubs/nuttx.h:114:72: note: expected 'int' but argument is of type 'uint8_t *' {aka 'unsigned char *'}
  114 | int I2C_TRANSFER(struct i2c_master_s *dev, struct i2c_msg_s *msgs, int count);
      |                                                                    ~~~~^~~~~
/tmp/stubcc_emc1413_i0zhgdjx/drv/emc1413.c:42:15: error: too many arguments to function 'I2C_TRANSFER'
   42 |     int ret = I2C_TRANSFER(dev->bus, &config, &reg, 1);
      |               ^~~~~~~~~~~~
/tmp/stubcc_emc1413_i0zhgdjx/stubs/nuttx.h:114:5: note: declared here
  114 | int I2C_TRANSFER(struct i2c_master_s *dev, struct i2c_msg_s *msgs, int count);
      |     ^~~~~~~~~~~~
/tmp/stubcc_emc1413_i0zhgdjx/drv/emc1413.c:46:34: error: passing argument 2 of 'I2C_TRANSFER' from incompatible pointer type [-Wincompatible-pointer-types]
   46 |     ret = I2C_TRANSFER(dev->bus, &config, val, 1);
      |                                  ^~~~~~~
      |                                  |
      |                                  struct i2c_config_s *
/tmp/stubcc_emc1413_i0zhgdjx/stubs/nuttx.h:114:62: note: expected 'struct i2c_msg_s *' but argument is of type 'struct i2c_config_s *'
  114 | int I2C_TRANSFER(struct i2c_master_s *dev, struct i2c_msg_s *msgs, int count);
      |                                            ~~~~~~~~~~~~~~~~~~^~~~
/tmp/stubcc_emc1413_i0zhgdjx/drv/emc1413.c:46:43: error: passing argument 3 of 'I2C_TRANSFER' makes integer from pointer without a cast [-Wint-conversion]
   46 |     ret = I2C_TRANSFER(dev->bus, &config, val, 1);
      |                                           ^~~
      |                                           |
      |                                           uint8_t * {aka unsigned char *}
/tmp/stubcc_emc1413_i0zhgdjx/stubs/nuttx.h:114:72: note: expected 'int' but argument is of type 'uint8_t *' {aka 'unsigned char *'}
  114 | int I2C_TRANSFER(struct i2c_master_s *dev, struct i2c_msg_s *msgs, int count);
      |                                                                    ~~~~^~~~~
/tmp/stubcc_emc1413_i0zhgdjx/drv/emc1413.c:46:11: error: too many arguments to function 'I2C_TRANSFER'
   46 |     ret = I2C_TRANSFER(dev->bus, &config, val, 1);
      |           ^~~~~~~~~~~~
/tmp/stubcc_emc1413_i0zhgdjx/stubs/nuttx.h:114:5: note: declared here
  114 | int I2C_TRANSFER(struct i2c_master_s *dev, struct i2c_msg_s *msgs, int count);
      |     ^~~~~~~~~~~~
