<PROJECT_ROOT>/evaluation/infrastructure/stubs/nuttx/stubs_gpio.c:184:22: warning: 'struct spi_dev_s' declared inside parameter list will not be visible outside of this definition or declaration
  184 | void SPI_LOCK(struct spi_dev_s *dev, bool lock) { (void)dev;(void)lock; }
      |                      ^~~~~~~~~
<PROJECT_ROOT>/evaluation/infrastructure/stubs/nuttx/stubs_gpio.c:185:24: warning: 'struct spi_dev_s' declared inside parameter list will not be visible outside of this definition or declaration
  185 | void SPI_SELECT(struct spi_dev_s *dev, uint32_t devid, bool selected) { (void)dev;(void)devid;(void)selected; }
      |                        ^~~~~~~~~
<PROJECT_ROOT>/evaluation/infrastructure/stubs/nuttx/stubs_gpio.c:186:34: warning: 'struct spi_dev_s' declared inside parameter list will not be visible outside of this definition or declaration
  186 | uint32_t SPI_SETFREQUENCY(struct spi_dev_s *dev, uint32_t f) { (void)dev; return f; }
      |                                  ^~~~~~~~~
<PROJECT_ROOT>/evaluation/infrastructure/stubs/nuttx/stubs_gpio.c:187:25: warning: 'struct spi_dev_s' declared inside parameter list will not be visible outside of this definition or declaration
  187 | void SPI_SETMODE(struct spi_dev_s *dev, int m) { (void)dev;(void)m; }
      |                         ^~~~~~~~~
<PROJECT_ROOT>/evaluation/infrastructure/stubs/nuttx/stubs_gpio.c:188:25: warning: 'struct spi_dev_s' declared inside parameter list will not be visible outside of this definition or declaration
  188 | void SPI_SETBITS(struct spi_dev_s *dev, int n) { (void)dev;(void)n; }
      |                         ^~~~~~~~~
<PROJECT_ROOT>/evaluation/infrastructure/stubs/nuttx/stubs_gpio.c:189:26: warning: 'struct spi_dev_s' declared inside parameter list will not be visible outside of this definition or declaration
  189 | uint16_t SPI_SEND(struct spi_dev_s *dev, uint16_t wd) { (void)dev;(void)wd; return 0; }
      |                          ^~~~~~~~~
<PROJECT_ROOT>/evaluation/infrastructure/stubs/nuttx/stubs_gpio.c:190:26: warning: 'struct spi_dev_s' declared inside parameter list will not be visible outside of this definition or declaration
  190 | void SPI_EXCHANGE(struct spi_dev_s *dev, const void *tx, void *rx, size_t n) { (void)dev;(void)tx; if(rx&&n) memset(rx,0,n); }
      |                          ^~~~~~~~~
<PROJECT_ROOT>/evaluation/infrastructure/stubs/nuttx/stubs_gpio.c:191:26: warning: 'struct spi_dev_s' declared inside parameter list will not be visible outside of this definition or declaration
  191 | void SPI_SNDBLOCK(struct spi_dev_s *dev, const void *buf, size_t n) { (void)dev;(void)buf;(void)n; }
      |                          ^~~~~~~~~
<PROJECT_ROOT>/evaluation/infrastructure/stubs/nuttx/stubs_gpio.c:192:27: warning: 'struct spi_dev_s' declared inside parameter list will not be visible outside of this definition or declaration
  192 | void SPI_RECVBLOCK(struct spi_dev_s *dev, void *buf, size_t n) { (void)dev; if(buf&&n) memset(buf,0,n); }
      |                           ^~~~~~~~~
<RUN_DIR>/attempts/002/stage/out/stage/dht22.c: In function 'gpio_set_output':
<RUN_DIR>/attempts/002/stage/out/stage/dht22.c:19:41: warning: unused parameter 'value' [-Wunused-parameter]
   19 | static int gpio_set_output(int fd, bool value)
      |                                         ^
<RUN_DIR>/attempts/002/stage/out/stage/dht22.c: In function 'dht22_read_sensor':
<RUN_DIR>/attempts/002/stage/out/stage/dht22.c:86:10: warning: unused variable 'level' [-Wunused-variable]
   86 |     bool level;
      |          ^~~~~
