/tmp/stubcc_hcsr04_118snurc/drv/hcsr04.c:9:79: error: macro "GPIO_DT_SPEC_GET" requires 3 arguments, but only 2 given
    9 | static const struct gpio_dt_spec trig_spec = GPIO_DT_SPEC_GET(TRIG_NODE, gpios);
      |                                                                               ^
In file included from /tmp/stubcc_hcsr04_118snurc/stubs/zephyr/kernel.h:4,
                 from /tmp/stubcc_hcsr04_118snurc/drv/hcsr04.c:1:
/tmp/stubcc_hcsr04_118snurc/stubs/zephyr/../zephyr.h:114:9: note: macro "GPIO_DT_SPEC_GET" defined here
  114 | #define GPIO_DT_SPEC_GET(node_id, prop, idx) { .port = NULL, .pin = 0, .dt_flags = 0 }
      |         ^~~~~~~~~~~~~~~~
/tmp/stubcc_hcsr04_118snurc/drv/hcsr04.c:9:46: error: 'GPIO_DT_SPEC_GET' undeclared here (not in a function)
    9 | static const struct gpio_dt_spec trig_spec = GPIO_DT_SPEC_GET(TRIG_NODE, gpios);
      |                                              ^~~~~~~~~~~~~~~~
/tmp/stubcc_hcsr04_118snurc/drv/hcsr04.c:10:79: error: macro "GPIO_DT_SPEC_GET" requires 3 arguments, but only 2 given
   10 | static const struct gpio_dt_spec echo_spec = GPIO_DT_SPEC_GET(ECHO_NODE, gpios);
      |                                                                               ^
/tmp/stubcc_hcsr04_118snurc/stubs/zephyr/../zephyr.h:114:9: note: macro "GPIO_DT_SPEC_GET" defined here
  114 | #define GPIO_DT_SPEC_GET(node_id, prop, idx) { .port = NULL, .pin = 0, .dt_flags = 0 }
      |         ^~~~~~~~~~~~~~~~
/tmp/stubcc_hcsr04_118snurc/drv/hcsr04.c: In function 'hcsr04_init':
/tmp/stubcc_hcsr04_118snurc/drv/hcsr04.c:12:38: warning: unused parameter 'dev' [-Wunused-parameter]
   12 | int hcsr04_init(const struct device *dev)
      |                 ~~~~~~~~~~~~~~~~~~~~~^~~
/tmp/stubcc_hcsr04_118snurc/drv/hcsr04.c: In function 'hcsr04_read_distance':
/tmp/stubcc_hcsr04_118snurc/drv/hcsr04.c:29:47: warning: unused parameter 'dev' [-Wunused-parameter]
   29 | int hcsr04_read_distance(const struct device *dev, int32_t *raw)
      |                          ~~~~~~~~~~~~~~~~~~~~~^~~
