/tmp/stubcc_ssd1306_0pg0yf0x/drv/ssd1306.c: In function 'ssd1306_write_display_data':
/tmp/stubcc_ssd1306_0pg0yf0x/drv/ssd1306.c:84:23: error: implicit declaration of function 'malloc' [-Wimplicit-function-declaration]
   84 |                 buf = malloc(len + 1);
      |                       ^~~~~~
/tmp/stubcc_ssd1306_0pg0yf0x/drv/ssd1306.c:8:1: note: include '<stdlib.h>' or provide a declaration of 'malloc'
    7 | #include <zephyr/sys/byteorder.h>
  +++ |+#include <stdlib.h>
    8 | #define SSD1306_CMD 0x00
/tmp/stubcc_ssd1306_0pg0yf0x/drv/ssd1306.c:84:23: warning: incompatible implicit declaration of built-in function 'malloc' [-Wbuiltin-declaration-mismatch]
   84 |                 buf = malloc(len + 1);
      |                       ^~~~~~
/tmp/stubcc_ssd1306_0pg0yf0x/drv/ssd1306.c:84:23: note: include '<stdlib.h>' or provide a declaration of 'malloc'
/tmp/stubcc_ssd1306_0pg0yf0x/drv/ssd1306.c:85:35: error: 'ENOMEM' undeclared (first use in this function); did you mean 'ENODEV'?
   85 |                 if (!buf) return -ENOMEM;
      |                                   ^~~~~~
      |                                   ENODEV
/tmp/stubcc_ssd1306_0pg0yf0x/drv/ssd1306.c:85:35: note: each undeclared identifier is reported only once for each function it appears in
/tmp/stubcc_ssd1306_0pg0yf0x/drv/ssd1306.c:91:17: error: implicit declaration of function 'free' [-Wimplicit-function-declaration]
   91 |                 free(buf);
      |                 ^~~~
/tmp/stubcc_ssd1306_0pg0yf0x/drv/ssd1306.c:91:17: note: include '<stdlib.h>' or provide a declaration of 'free'
/tmp/stubcc_ssd1306_0pg0yf0x/drv/ssd1306.c:91:17: warning: incompatible implicit declaration of built-in function 'free' [-Wbuiltin-declaration-mismatch]
/tmp/stubcc_ssd1306_0pg0yf0x/drv/ssd1306.c:91:17: note: include '<stdlib.h>' or provide a declaration of 'free'
