<RUN_DIR>/attempts/002/stage/out/stage/at24c256_eval_adapter.c: In function 'drivergen_eval_init':
<RUN_DIR>/attempts/002/stage/out/stage/at24c256_eval_adapter.c:40:35: error: passing argument 1 of 'at24c256_init' from incompatible pointer type [-Wincompatible-pointer-types]
   40 |     int _rc = (int)(at24c256_init(&g_eval_dev, g_eval_dev));
      |                                   ^~~~~~~~~~~
      |                                   |
      |                                   const struct device **
In file included from <RUN_DIR>/attempts/002/stage/out/stage/at24c256_eval_adapter.c:12:
<RUN_DIR>/attempts/002/stage/out/stage/at24c256.h:13:40: note: expected 'const struct device *' but argument is of type 'const struct device **'
   13 | int at24c256_init(const struct device *dev, const struct device *bus);
      |                   ~~~~~~~~~~~~~~~~~~~~~^~~
<RUN_DIR>/attempts/002/stage/out/stage/at24c256_eval_adapter.c: In function 'drivergen_eval_mem_read':
<RUN_DIR>/attempts/002/stage/out/stage/at24c256_eval_adapter.c:48:35: error: passing argument 1 of 'at24c256_read' from incompatible pointer type [-Wincompatible-pointer-types]
   48 |     int _rc = (int)(at24c256_read(&g_eval_dev, addr, buf, len));
      |                                   ^~~~~~~~~~~
      |                                   |
      |                                   const struct device **
<RUN_DIR>/attempts/002/stage/out/stage/at24c256.h:14:40: note: expected 'const struct device *' but argument is of type 'const struct device **'
   14 | int at24c256_read(const struct device *dev, uint16_t addr, uint8_t *buf, size_t len);
      |                   ~~~~~~~~~~~~~~~~~~~~~^~~
<RUN_DIR>/attempts/002/stage/out/stage/at24c256_eval_adapter.c: In function 'drivergen_eval_mem_write':
<RUN_DIR>/attempts/002/stage/out/stage/at24c256_eval_adapter.c:56:36: error: passing argument 1 of 'at24c256_write' from incompatible pointer type [-Wincompatible-pointer-types]
   56 |     int _rc = (int)(at24c256_write(&g_eval_dev, addr, buf, len));
      |                                    ^~~~~~~~~~~
      |                                    |
      |                                    const struct device **
<RUN_DIR>/attempts/002/stage/out/stage/at24c256.h:15:41: note: expected 'const struct device *' but argument is of type 'const struct device **'
   15 | int at24c256_write(const struct device *dev, uint16_t addr, const uint8_t *buf, size_t len);
      |                    ~~~~~~~~~~~~~~~~~~~~~^~~
