<PROJECT_ROOT>/evaluation/infrastructure/stubs/nuttx/stubs_spi.c:12:22: warning: 'struct spi_dev_s' declared inside parameter list will not be visible outside of this definition or declaration
   12 | void SPI_LOCK(struct spi_dev_s *dev, bool lock) { (void)dev;(void)lock; }
      |                      ^~~~~~~~~
<PROJECT_ROOT>/evaluation/infrastructure/stubs/nuttx/stubs_spi.c:13:24: warning: 'struct spi_dev_s' declared inside parameter list will not be visible outside of this definition or declaration
   13 | void SPI_SELECT(struct spi_dev_s *dev, uint32_t devid, bool selected) {
      |                        ^~~~~~~~~
<PROJECT_ROOT>/evaluation/infrastructure/stubs/nuttx/stubs_spi.c:17:34: warning: 'struct spi_dev_s' declared inside parameter list will not be visible outside of this definition or declaration
   17 | uint32_t SPI_SETFREQUENCY(struct spi_dev_s *dev, uint32_t frequency) { (void)dev; return frequency; }
      |                                  ^~~~~~~~~
<PROJECT_ROOT>/evaluation/infrastructure/stubs/nuttx/stubs_spi.c:18:25: warning: 'struct spi_dev_s' declared inside parameter list will not be visible outside of this definition or declaration
   18 | void SPI_SETMODE(struct spi_dev_s *dev, int mode) { (void)dev;(void)mode; }
      |                         ^~~~~~~~~
<PROJECT_ROOT>/evaluation/infrastructure/stubs/nuttx/stubs_spi.c:19:25: warning: 'struct spi_dev_s' declared inside parameter list will not be visible outside of this definition or declaration
   19 | void SPI_SETBITS(struct spi_dev_s *dev, int nbits) { (void)dev;(void)nbits; }
      |                         ^~~~~~~~~
<PROJECT_ROOT>/evaluation/infrastructure/stubs/nuttx/stubs_spi.c:21:26: warning: 'struct spi_dev_s' declared inside parameter list will not be visible outside of this definition or declaration
   21 | uint16_t SPI_SEND(struct spi_dev_s *dev, uint16_t wd) {
      |                          ^~~~~~~~~
<PROJECT_ROOT>/evaluation/infrastructure/stubs/nuttx/stubs_spi.c:26:26: warning: 'struct spi_dev_s' declared inside parameter list will not be visible outside of this definition or declaration
   26 | void SPI_EXCHANGE(struct spi_dev_s *dev, const void *txbuf, void *rxbuf, size_t nwords) {
      |                          ^~~~~~~~~
<PROJECT_ROOT>/evaluation/infrastructure/stubs/nuttx/stubs_spi.c:37:26: warning: 'struct spi_dev_s' declared inside parameter list will not be visible outside of this definition or declaration
   37 | void SPI_SNDBLOCK(struct spi_dev_s *dev, const void *buf, size_t nwords) {
      |                          ^~~~~~~~~
<PROJECT_ROOT>/evaluation/infrastructure/stubs/nuttx/stubs_spi.c:43:27: warning: 'struct spi_dev_s' declared inside parameter list will not be visible outside of this definition or declaration
   43 | void SPI_RECVBLOCK(struct spi_dev_s *dev, void *buf, size_t nwords) {
      |                           ^~~~~~~~~
<RUN_DIR>/attempts/003/stage/out/stage/w25q64jv.c: In function 'w25q64jv_wait_busy':
<RUN_DIR>/attempts/003/stage/out/stage/w25q64jv.c:22:9: warning: unused variable 'ret' [-Wunused-variable]
   22 |     int ret;
      |         ^~~
<RUN_DIR>/attempts/003/stage/out/stage/w25q64jv.c: In function 'w25q64jv_init':
<RUN_DIR>/attempts/003/stage/out/stage/w25q64jv.c:43:9: warning: unused variable 'ret' [-Wunused-variable]
   43 |     int ret;
      |         ^~~
<RUN_DIR>/attempts/003/stage/out/stage/w25q64jv.c: In function 'w25q64jv_read':
<RUN_DIR>/attempts/003/stage/out/stage/w25q64jv.c:64:9: warning: unused variable 'ret' [-Wunused-variable]
   64 |     int ret;
      |         ^~~
<RUN_DIR>/attempts/003/stage/out/stage/w25q64jv.c: In function 'w25q64jv_write':
<RUN_DIR>/attempts/003/stage/out/stage/w25q64jv.c:90:13: warning: unused variable 'cmd' [-Wunused-variable]
   90 |     uint8_t cmd[4];
      |             ^~~
