/tmp/stubcc_hcsr04_v_8wrabf/drv/hcsr04.c: In function 'hcsr04_init':
/tmp/stubcc_hcsr04_v_8wrabf/drv/hcsr04.c:22:10: error: too many arguments to function 'rtems_gpio_request_pin'
   22 |     sc = rtems_gpio_request_pin(trig_pin, RTEMS_GPIO_OUTPUT, true, false, NULL);
      |          ^~~~~~~~~~~~~~~~~~~~~~
In file included from /tmp/stubcc_hcsr04_v_8wrabf/drv/hcsr04.c:5:
/tmp/stubcc_hcsr04_v_8wrabf/stubs/rtems/gpio.h:14:19: note: declared here
   14 | rtems_status_code rtems_gpio_request_pin(rtems_gpio_pin pin, rtems_gpio_direction direction);
      |                   ^~~~~~~~~~~~~~~~~~~~~~
/tmp/stubcc_hcsr04_v_8wrabf/drv/hcsr04.c:26:10: error: too many arguments to function 'rtems_gpio_request_pin'
   26 |     sc = rtems_gpio_request_pin(echo_pin, RTEMS_GPIO_INPUT, false, false, NULL);
      |          ^~~~~~~~~~~~~~~~~~~~~~
/tmp/stubcc_hcsr04_v_8wrabf/stubs/rtems/gpio.h:14:19: note: declared here
   14 | rtems_status_code rtems_gpio_request_pin(rtems_gpio_pin pin, rtems_gpio_direction direction);
      |                   ^~~~~~~~~~~~~~~~~~~~~~
/tmp/stubcc_hcsr04_v_8wrabf/drv/hcsr04.c: In function 'hcsr04_read_distance':
/tmp/stubcc_hcsr04_v_8wrabf/drv/hcsr04.c:42:12: error: too few arguments to function 'rtems_gpio_get_value'
   42 |     while (rtems_gpio_get_value(echo) == 0) {
      |            ^~~~~~~~~~~~~~~~~~~~
/tmp/stubcc_hcsr04_v_8wrabf/stubs/rtems/gpio.h:18:19: note: declared here
   18 | rtems_status_code rtems_gpio_get_value(rtems_gpio_pin pin, int *value);
      |                   ^~~~~~~~~~~~~~~~~~~~
/tmp/stubcc_hcsr04_v_8wrabf/drv/hcsr04.c:51:12: error: too few arguments to function 'rtems_gpio_get_value'
   51 |     while (rtems_gpio_get_value(echo) == 1) {
      |            ^~~~~~~~~~~~~~~~~~~~
/tmp/stubcc_hcsr04_v_8wrabf/stubs/rtems/gpio.h:18:19: note: declared here
   18 | rtems_status_code rtems_gpio_get_value(rtems_gpio_pin pin, int *value);
      |                   ^~~~~~~~~~~~~~~~~~~~
