<PROJECT_ROOT>/evaluation/infrastructure/stubs/chibios/stubs_i2c.c: In function 'chprintf':
<PROJECT_ROOT>/evaluation/infrastructure/stubs/chibios/stubs_i2c.c:106:36: warning: unused parameter 'c' [-Wunused-parameter]
  106 | int chprintf(BaseSequentialStream *c, const char *fmt, ...) {
      |              ~~~~~~~~~~~~~~~~~~~~~~^
<RUN_DIR>/attempts/001/stage/out/stage/at24c256.c:7:9: warning: "I2C_TIMEOUT" redefined
    7 | #define I2C_TIMEOUT MS2ST(100)
      |         ^~~~~~~~~~~
In file included from <PROJECT_ROOT>/evaluation/infrastructure/stubs/chibios/ch.h:2,
                 from <RUN_DIR>/attempts/001/stage/out/stage/at24c256.c:2:
<PROJECT_ROOT>/evaluation/infrastructure/stubs/chibios/chibios.h:52:9: note: this is the location of the previous definition
   52 | #define I2C_TIMEOUT           0x20
      |         ^~~~~~~~~~~
<RUN_DIR>/attempts/001/stage/out/stage/at24c256_eval_adapter.c: In function 'drivergen_eval_init':
<RUN_DIR>/attempts/001/stage/out/stage/at24c256_eval_adapter.c:38:35: error: passing argument 1 of 'at24c256_init' from incompatible pointer type [-Wincompatible-pointer-types]
   38 |     int _rc = (int)(at24c256_init(&g_eval_dev, bus_handle));
      |                                   ^~~~~~~~~~~
      |                                   |
      |                                   struct at24c256_device *
In file included from <RUN_DIR>/attempts/001/stage/out/stage/at24c256_eval_adapter.c:12:
<RUN_DIR>/attempts/001/stage/out/stage/at24c256.h:16:38: note: expected 'at24c256_device_t *' but argument is of type 'struct at24c256_device *'
   16 | int at24c256_init(at24c256_device_t *dev, void *bus_handle);
      |                   ~~~~~~~~~~~~~~~~~~~^~~
<RUN_DIR>/attempts/001/stage/out/stage/at24c256_eval_adapter.c: In function 'drivergen_eval_mem_read':
<RUN_DIR>/attempts/001/stage/out/stage/at24c256_eval_adapter.c:46:35: error: passing argument 1 of 'at24c256_read' from incompatible pointer type [-Wincompatible-pointer-types]
   46 |     int _rc = (int)(at24c256_read(&g_eval_dev, addr, buf, len));
      |                                   ^~~~~~~~~~~
      |                                   |
      |                                   struct at24c256_device *
<RUN_DIR>/attempts/001/stage/out/stage/at24c256.h:17:38: note: expected 'at24c256_device_t *' but argument is of type 'struct at24c256_device *'
   17 | int at24c256_read(at24c256_device_t *dev, uint16_t addr, uint8_t *buf, size_t len);
      |                   ~~~~~~~~~~~~~~~~~~~^~~
<RUN_DIR>/attempts/001/stage/out/stage/at24c256_eval_adapter.c: In function 'drivergen_eval_mem_write':
<RUN_DIR>/attempts/001/stage/out/stage/at24c256_eval_adapter.c:54:36: error: passing argument 1 of 'at24c256_write' from incompatible pointer type [-Wincompatible-pointer-types]
   54 |     int _rc = (int)(at24c256_write(&g_eval_dev, addr, buf, len));
      |                                    ^~~~~~~~~~~
      |                                    |
      |                                    struct at24c256_device *
<RUN_DIR>/attempts/001/stage/out/stage/at24c256.h:18:39: note: expected 'at24c256_device_t *' but argument is of type 'struct at24c256_device *'
   18 | int at24c256_write(at24c256_device_t *dev, uint16_t addr, const uint8_t *buf, size_t len);
      |                    ~~~~~~~~~~~~~~~~~~~^~~
<RUN_DIR>/attempts/001/stage/out/stage/at24c256_eval_adapter.c: At top level:
<RUN_DIR>/attempts/001/stage/out/stage/at24c256_eval_adapter.c:18:31: error: storage size of 'g_eval_dev' isn't known
   18 | static struct at24c256_device g_eval_dev;
      |                               ^~~~~~~~~~
