/tmp/stubcc_hcsr04_nn3ax8qu/drv/hcsr04.c: In function 'delay_us':
/tmp/stubcc_hcsr04_nn3ax8qu/drv/hcsr04.c:23:12: error: variable 'ts' has initializer but incomplete type
   23 |     struct timespec ts = {0, us * 1000};
      |            ^~~~~~~~
/tmp/stubcc_hcsr04_nn3ax8qu/drv/hcsr04.c:23:27: warning: excess elements in struct initializer
   23 |     struct timespec ts = {0, us * 1000};
      |                           ^
/tmp/stubcc_hcsr04_nn3ax8qu/drv/hcsr04.c:23:27: note: (near initialization for 'ts')
/tmp/stubcc_hcsr04_nn3ax8qu/drv/hcsr04.c:23:30: warning: excess elements in struct initializer
   23 |     struct timespec ts = {0, us * 1000};
      |                              ^~
/tmp/stubcc_hcsr04_nn3ax8qu/drv/hcsr04.c:23:30: note: (near initialization for 'ts')
/tmp/stubcc_hcsr04_nn3ax8qu/drv/hcsr04.c:23:21: error: storage size of 'ts' isn't known
   23 |     struct timespec ts = {0, us * 1000};
      |                     ^~
/tmp/stubcc_hcsr04_nn3ax8qu/drv/hcsr04.c:24:12: error: implicit declaration of function 'nanosleep' [-Wimplicit-function-declaration]
   24 |     return nanosleep(&ts, NULL);
      |            ^~~~~~~~~
/tmp/stubcc_hcsr04_nn3ax8qu/drv/hcsr04.c:23:21: warning: unused variable 'ts' [-Wunused-variable]
   23 |     struct timespec ts = {0, us * 1000};
      |                     ^~
