In file included from /tmp/stubcc_adxl345_uueg4s54/stubs/bus.h:1,
                 from /tmp/stubcc_adxl345_uueg4s54/drv/adxl345.c:5:
/tmp/stubcc_adxl345_uueg4s54/stubs/xiuos.h:33:9: warning: "EBUSY" redefined
   33 | #define EBUSY       (-6)
      |         ^~~~~
In file included from <WORKSPACE>/arm-gnu-toolchain-14.2.rel1-x86_64-arm-none-eabi/arm-none-eabi/include/errno.h:9,
                 from /tmp/stubcc_adxl345_uueg4s54/drv/adxl345.c:4:
<WORKSPACE>/arm-gnu-toolchain-14.2.rel1-x86_64-arm-none-eabi/arm-none-eabi/include/sys/errno.h:54:9: note: this is the location of the previous definition
   54 | #define EBUSY 16        /* Device or resource busy */
      |         ^~~~~
/tmp/stubcc_adxl345_uueg4s54/stubs/xiuos.h:35:9: warning: "ENOSYS" redefined
   35 | #define ENOSYS      (-8)
      |         ^~~~~~
<WORKSPACE>/arm-gnu-toolchain-14.2.rel1-x86_64-arm-none-eabi/arm-none-eabi/include/sys/errno.h:130:9: note: this is the location of the previous definition
  130 | #define ENOSYS 88       /* Function not implemented */
      |         ^~~~~~
/tmp/stubcc_adxl345_uueg4s54/drv/adxl345.c: In function 'spi_write':
/tmp/stubcc_adxl345_uueg4s54/drv/adxl345.c:15:19: error: initialization of 'const void *' from 'long unsigned int' makes pointer from integer without a cast [-Wint-conversion]
   15 |         .tx_buf = (unsigned long)data,
      |                   ^
/tmp/stubcc_adxl345_uueg4s54/drv/adxl345.c:15:19: note: (near initialization for 'tr.tx_buf')
/tmp/stubcc_adxl345_uueg4s54/drv/adxl345.c:23:15: error: implicit declaration of function 'ioctl' [-Wimplicit-function-declaration]
   23 |     int ret = ioctl(bus->fd, SPI_IOC_MESSAGE(1), &tr);
      |               ^~~~~
/tmp/stubcc_adxl345_uueg4s54/drv/adxl345.c:23:24: error: invalid use of undefined type 'struct Bus'
   23 |     int ret = ioctl(bus->fd, SPI_IOC_MESSAGE(1), &tr);
      |                        ^~
/tmp/stubcc_adxl345_uueg4s54/drv/adxl345.c:23:30: error: implicit declaration of function 'SPI_IOC_MESSAGE' [-Wimplicit-function-declaration]
   23 |     int ret = ioctl(bus->fd, SPI_IOC_MESSAGE(1), &tr);
      |                              ^~~~~~~~~~~~~~~
/tmp/stubcc_adxl345_uueg4s54/drv/adxl345.c: In function 'spi_write_then_read':
/tmp/stubcc_adxl345_uueg4s54/drv/adxl345.c:36:19: error: initialization of 'const void *' from 'long unsigned int' makes pointer from integer without a cast [-Wint-conversion]
   36 |         .tx_buf = (unsigned long)buf,
      |                   ^
/tmp/stubcc_adxl345_uueg4s54/drv/adxl345.c:36:19: note: (near initialization for 'tr.tx_buf')
/tmp/stubcc_adxl345_uueg4s54/drv/adxl345.c:37:19: error: initialization of 'void *' from 'long unsigned int' makes pointer from integer without a cast [-Wint-conversion]
   37 |         .rx_buf = (unsigned long)buf,
      |                   ^
/tmp/stubcc_adxl345_uueg4s54/drv/adxl345.c:37:19: note: (near initialization for 'tr.rx_buf')
/tmp/stubcc_adxl345_uueg4s54/drv/adxl345.c:44:24: error: invalid use of undefined type 'struct Bus'
   44 |     int ret = ioctl(bus->fd, SPI_IOC_MESSAGE(1), &tr);
      |                        ^~
